Archive member included to satisfy reference by file (symbol)

/build/qf_apps/qf_ssi_ai_app/knowledgepack/sensiml/libsensiml.a(kb.o)
                              /build/qf_apps/qf_ssi_ai_app/GCC_Project/output/main.o (kb_model_init)
/build/qf_apps/qf_ssi_ai_app/knowledgepack/sensiml/libsensiml.a(sorted_copy.o)
                              /build/qf_apps/qf_ssi_ai_app/knowledgepack/sensiml/libsensiml.a(kb.o) (sorted_copy)
/build/qf_apps/qf_ssi_ai_app/knowledgepack/sensiml/libsensiml.a(boosted_tree_ensemble.o)
                              /build/qf_apps/qf_ssi_ai_app/knowledgepack/sensiml/libsensiml.a(kb.o) (boosted_tree_ensemble_init)
/build/qf_apps/qf_ssi_ai_app/knowledgepack/sensiml/libsensiml.a(boosted_tree_ensemble_trained_models.o)
                              /build/qf_apps/qf_ssi_ai_app/knowledgepack/sensiml/libsensiml.a(kb.o) (boosted_tree_ensemble_classifier_rows)
/build/qf_apps/qf_ssi_ai_app/knowledgepack/sensiml/libsensiml.a(sg_windowing.o)
                              /build/qf_apps/qf_ssi_ai_app/knowledgepack/sensiml/libsensiml.a(kb.o) (tr_windowing_init)
/build/qf_apps/qf_ssi_ai_app/knowledgepack/sensiml/libsensiml.a(kb_pipeline.o)
                              /build/qf_apps/qf_ssi_ai_app/knowledgepack/sensiml/libsensiml.a(kb.o) (KB_data_streaming_BuddyPipeline_rank_0)
/build/qf_apps/qf_ssi_ai_app/knowledgepack/sensiml/libsensiml.a(save_sensor_data.o)
                              /build/qf_apps/qf_ssi_ai_app/knowledgepack/sensiml/libsensiml.a(kb_pipeline.o) (saveSensorData)
/build/qf_apps/qf_ssi_ai_app/knowledgepack/sensiml/libsensiml.a(sortarray.o)
                              /build/qf_apps/qf_ssi_ai_app/knowledgepack/sensiml/libsensiml.a(sorted_copy.o) (sortarray)
/build/qf_apps/qf_ssi_ai_app/knowledgepack/sensiml/libsensiml.a(fg_roc_mean_crossing_rate.o)
                              /build/qf_apps/qf_ssi_ai_app/knowledgepack/sensiml/libsensiml.a(kb_pipeline.o) (fg_roc_mean_crossing_rate)
/build/qf_apps/qf_ssi_ai_app/knowledgepack/sensiml/libsensiml.a(crossing_rate.o)
                              /build/qf_apps/qf_ssi_ai_app/knowledgepack/sensiml/libsensiml.a(fg_roc_mean_crossing_rate.o) (crossing_rate_over_sum)
/build/qf_apps/qf_ssi_ai_app/knowledgepack/sensiml/libsensiml.a(fg_roc_sigma_crossing_rate.o)
                              /build/qf_apps/qf_ssi_ai_app/knowledgepack/sensiml/libsensiml.a(kb_pipeline.o) (fg_roc_sigma_crossing_rate)
/build/qf_apps/qf_ssi_ai_app/knowledgepack/sensiml/libsensiml.a(rb.o)
                              /build/qf_apps/qf_ssi_ai_app/knowledgepack/sensiml/libsensiml.a(kb.o) (next_pow_2)
/build/qf_apps/qf_ssi_ai_app/knowledgepack/sensiml/libsensiml.a(std.o)
                              /build/qf_apps/qf_ssi_ai_app/knowledgepack/sensiml/libsensiml.a(fg_roc_sigma_crossing_rate.o) (kb_std)
/build/qf_apps/qf_ssi_ai_app/knowledgepack/sensiml/libsensiml.a(fg_stats_pct025.o)
                              /build/qf_apps/qf_ssi_ai_app/knowledgepack/sensiml/libsensiml.a(kb_pipeline.o) (fg_stats_pct025)
/build/qf_apps/qf_ssi_ai_app/knowledgepack/sensiml/libsensiml.a(stats_percentile_presorted.o)
                              /build/qf_apps/qf_ssi_ai_app/knowledgepack/sensiml/libsensiml.a(fg_stats_pct025.o) (stats_percentile_presorted)
/build/qf_apps/qf_ssi_ai_app/knowledgepack/sensiml/libsensiml.a(fg_stats_pct075.o)
                              /build/qf_apps/qf_ssi_ai_app/knowledgepack/sensiml/libsensiml.a(kb_pipeline.o) (fg_stats_pct075)
/build/qf_apps/qf_ssi_ai_app/knowledgepack/sensiml/libsensiml.a(fg_stats_skewness.o)
                              /build/qf_apps/qf_ssi_ai_app/knowledgepack/sensiml/libsensiml.a(kb_pipeline.o) (fg_stats_skewness)
/build/qf_apps/qf_ssi_ai_app/knowledgepack/sensiml/libsensiml.a(fg_stats_pct100.o)
                              /build/qf_apps/qf_ssi_ai_app/knowledgepack/sensiml/libsensiml.a(kb_pipeline.o) (fg_stats_pct100)
/build/qf_apps/qf_ssi_ai_app/knowledgepack/sensiml/libsensiml.a(fg_stats_abs_sum.o)
                              /build/qf_apps/qf_ssi_ai_app/knowledgepack/sensiml/libsensiml.a(kb_pipeline.o) (fg_stats_abs_sum)
/build/qf_apps/qf_ssi_ai_app/knowledgepack/sensiml/libsensiml.a(utils_tr_sensor.o)
                              /build/qf_apps/qf_ssi_ai_app/knowledgepack/sensiml/libsensiml.a(kb_pipeline.o) (tr_sensor_sensors)
/build/qf_apps/qf_ssi_ai_app/knowledgepack/sensiml/libsensiml.a(fg_stats_kurtosis.o)
                              /build/qf_apps/qf_ssi_ai_app/knowledgepack/sensiml/libsensiml.a(kb_pipeline.o) (fg_stats_kurtosis)
/build/qf_apps/qf_ssi_ai_app/knowledgepack/sensiml/libsensiml.a(fg_stats_sum.o)
                              /build/qf_apps/qf_ssi_ai_app/knowledgepack/sensiml/libsensiml.a(kb_pipeline.o) (fg_stats_sum)
/build/qf_apps/qf_ssi_ai_app/knowledgepack/sensiml/libsensiml.a(fg_roc_second_sigma_crossing_rate.o)
                              /build/qf_apps/qf_ssi_ai_app/knowledgepack/sensiml/libsensiml.a(kb_pipeline.o) (fg_roc_second_sigma_crossing_rate)
[...]
Memory Configuration

Name             Origin             Length             Attributes
rom              0x0000000000000000 0x0000000000027000 xr
ram              0x0000000020027000 0x000000000003c800 xrw
spiram           0x0000000020063800 0x0000000000000800 rw
HWA              0x0000000020064000 0x0000000000018000 rw
shm              0x000000002007c000 0x0000000000004000
*default*        0x0000000000000000 0xffffffffffffffff

Linker script and memory map

LOAD /usr/local/gcc-arm-none-eabi-9-2020-q2-update/bin/../lib/gcc/arm-none-eabi/9.3.1/thumb/v7e-m+fp/hard/crti.o
LOAD /usr/local/gcc-arm-none-eabi-9-2020-q2-update/bin/../lib/gcc/arm-none-eabi/9.3.1/thumb/v7e-m+fp/hard/crtbegin.o
LOAD /usr/local/gcc-arm-none-eabi-9-2020-q2-update/bin/../lib/gcc/arm-none-eabi/9.3.1/../../../../arm-none-eabi/lib/thumb/v7e-m+fp/hard/crt0.o
LOAD /build/qf_apps/qf_ssi_ai_app/GCC_Project/output/Wire.o
LOAD /build/qf_apps/qf_ssi_ai_app/GCC_Project/output/c_lib_retarget.o
LOAD /build/qf_apps/qf_ssi_ai_app/GCC_Project/output/circularBuffQueue.o
LOAD /build/qf_apps/qf_ssi_ai_app/GCC_Project/output/cli_args.o
LOAD /build/qf_apps/qf_ssi_ai_app/GCC_Project/output/cli_hexdump.o
LOAD /build/qf_apps/qf_ssi_ai_app/GCC_Project/output/cli_io.o
LOAD /build/qf_apps/qf_ssi_ai_app/GCC_Project/output/cli_loop.o
LOAD /build/qf_apps/qf_ssi_ai_app/GCC_Project/output/cli_misc.o
LOAD /build/qf_apps/qf_ssi_ai_app/GCC_Project/output/cli_platform.o
LOAD /build/qf_apps/qf_ssi_ai_app/GCC_Project/output/cli_stdcmds.o
LOAD /build/qf_apps/qf_ssi_ai_app/GCC_Project/output/crc16.o
LOAD /build/qf_apps/qf_ssi_ai_app/GCC_Project/output/crc32.o
LOAD /build/qf_apps/qf_ssi_ai_app/GCC_Project/output/croutine.o
LOAD /build/qf_apps/qf_ssi_ai_app/GCC_Project/output/datablk_mgr.o
LOAD /build/qf_apps/qf_ssi_ai_app/GCC_Project/output/datablk_processor.o
LOAD /build/qf_apps/qf_ssi_ai_app/GCC_Project/output/dbg_bufferedprinttask.o
LOAD /build/qf_apps/qf_ssi_ai_app/GCC_Project/output/dbg_queue_monitor.o
LOAD /build/qf_apps/qf_ssi_ai_app/GCC_Project/output/dbg_uart.o
LOAD /build/qf_apps/qf_ssi_ai_app/GCC_Project/output/dbgtrace.o
LOAD /build/qf_apps/qf_ssi_ai_app/GCC_Project/output/eoss3_hal_adc.o
LOAD /build/qf_apps/qf_ssi_ai_app/GCC_Project/output/eoss3_hal_fpga_usbserial.o
LOAD /build/qf_apps/qf_ssi_ai_app/GCC_Project/output/eoss3_hal_gpio.o
LOAD /build/qf_apps/qf_ssi_ai_app/GCC_Project/output/eoss3_hal_i2c.o
LOAD /build/qf_apps/qf_ssi_ai_app/GCC_Project/output/eoss3_hal_i2s.o
LOAD /build/qf_apps/qf_ssi_ai_app/GCC_Project/output/eoss3_hal_i2s_slave_assp.o
LOAD /build/qf_apps/qf_ssi_ai_app/GCC_Project/output/eoss3_hal_pad_config.o
LOAD /build/qf_apps/qf_ssi_ai_app/GCC_Project/output/eoss3_hal_pkfb.o
LOAD /build/qf_apps/qf_ssi_ai_app/GCC_Project/output/eoss3_hal_rtc.o
LOAD /build/qf_apps/qf_ssi_ai_app/GCC_Project/output/eoss3_hal_sdma.o
LOAD /build/qf_apps/qf_ssi_ai_app/GCC_Project/output/eoss3_hal_spi.o
LOAD /build/qf_apps/qf_ssi_ai_app/GCC_Project/output/eoss3_hal_timer.o
LOAD /build/qf_apps/qf_ssi_ai_app/GCC_Project/output/eoss3_hal_uart.o
LOAD /build/qf_apps/qf_ssi_ai_app/GCC_Project/output/eoss3_hal_wb.o
LOAD /build/qf_apps/qf_ssi_ai_app/GCC_Project/output/eoss3_hal_wdt.o
LOAD /build/qf_apps/qf_ssi_ai_app/GCC_Project/output/event_groups.o
LOAD /build/qf_apps/qf_ssi_ai_app/GCC_Project/output/exceptions.o
LOAD /build/qf_apps/qf_ssi_ai_app/GCC_Project/output/fpga_loader.o
LOAD /build/qf_apps/qf_ssi_ai_app/GCC_Project/output/freertos_static_memory.o
LOAD /build/qf_apps/qf_ssi_ai_app/GCC_Project/output/heap_4.o
LOAD /build/qf_apps/qf_ssi_ai_app/GCC_Project/output/hearable_pwrcfg.o
LOAD /build/qf_apps/qf_ssi_ai_app/GCC_Project/output/leds.o
LOAD /build/qf_apps/qf_ssi_ai_app/GCC_Project/output/list.o
LOAD /build/qf_apps/qf_ssi_ai_app/GCC_Project/output/main.o
LOAD /build/qf_apps/qf_ssi_ai_app/GCC_Project/output/main_dbg_cli_menu.o
LOAD /build/qf_apps/qf_ssi_ai_app/GCC_Project/output/mc3635.o
LOAD /build/qf_apps/qf_ssi_ai_app/GCC_Project/output/mc3635_wire.o
LOAD /build/qf_apps/qf_ssi_ai_app/GCC_Project/output/micro_tick64.o
LOAD /build/qf_apps/qf_ssi_ai_app/GCC_Project/output/pincfg_table.o
LOAD /build/qf_apps/qf_ssi_ai_app/GCC_Project/output/port.o
LOAD /build/qf_apps/qf_ssi_ai_app/GCC_Project/output/qf_baremetalsetup.o
LOAD /build/qf_apps/qf_ssi_ai_app/GCC_Project/output/qf_hardwaresetup.o
LOAD /build/qf_apps/qf_ssi_ai_app/GCC_Project/output/ql_base64.o
LOAD /build/qf_apps/qf_ssi_ai_app/GCC_Project/output/ql_stackwatermark.o
LOAD /build/qf_apps/qf_ssi_ai_app/GCC_Project/output/ql_test_signals.o
LOAD /build/qf_apps/qf_ssi_ai_app/GCC_Project/output/ql_time.o
LOAD /build/qf_apps/qf_ssi_ai_app/GCC_Project/output/queue.o
LOAD /build/qf_apps/qf_ssi_ai_app/GCC_Project/output/s3x_clock.o
LOAD /build/qf_apps/qf_ssi_ai_app/GCC_Project/output/s3x_clock_hal.o
LOAD /build/qf_apps/qf_ssi_ai_app/GCC_Project/output/s3x_cpuload.o
LOAD /build/qf_apps/qf_ssi_ai_app/GCC_Project/output/s3x_dfs.o
LOAD /build/qf_apps/qf_ssi_ai_app/GCC_Project/output/s3x_lpm.o
LOAD /build/qf_apps/qf_ssi_ai_app/GCC_Project/output/s3x_pi.o
LOAD /build/qf_apps/qf_ssi_ai_app/GCC_Project/output/s3x_pwrcfg.o
LOAD /build/qf_apps/qf_ssi_ai_app/GCC_Project/output/s3x_qos.o
LOAD /build/qf_apps/qf_ssi_ai_app/GCC_Project/output/sec_debug.o
LOAD /build/qf_apps/qf_ssi_ai_app/GCC_Project/output/sensor_ssss.o
LOAD /build/qf_apps/qf_ssi_ai_app/GCC_Project/output/sml_output.o
LOAD /build/qf_apps/qf_ssi_ai_app/GCC_Project/output/sml_recognition_run.o
LOAD /build/qf_apps/qf_ssi_ai_app/GCC_Project/output/spi_flash.o
LOAD /build/qf_apps/qf_ssi_ai_app/GCC_Project/output/ssi_comms.o
LOAD /build/qf_apps/qf_ssi_ai_app/GCC_Project/output/startup_EOSS3B_GCC.o
LOAD /build/qf_apps/qf_ssi_ai_app/GCC_Project/output/stream_buffer.o
LOAD /build/qf_apps/qf_ssi_ai_app/GCC_Project/output/tasks.o
LOAD /build/qf_apps/qf_ssi_ai_app/GCC_Project/output/timers.o
LOAD /build/qf_apps/qf_ssi_ai_app/GCC_Project/output/usb2serial.o
LOAD /build/qf_apps/qf_ssi_ai_app/GCC_Project/output/vectors_CM4F_gcc.o
LOAD /build/qf_apps/qf_ssi_ai_app/GCC_Project/output/watchdog.o
LOAD /build/qf_apps/qf_ssi_ai_app/knowledgepack/sensiml/libsensiml.a
LOAD /build/qf_apps/qf_ssi_ai_app/GCC_Project/../../../Libraries/CMSIS/lib/GCC/libarm_cortexM4lf_math.a
LOAD /usr/local/gcc-arm-none-eabi-9-2020-q2-update/bin/../lib/gcc/arm-none-eabi/9.3.1/../../../../arm-none-eabi/lib/thumb/v7e-m+fp/hard/libstdc++_nano.a
LOAD /usr/local/gcc-arm-none-eabi-9-2020-q2-update/bin/../lib/gcc/arm-none-eabi/9.3.1/../../../../arm-none-eabi/lib/thumb/v7e-m+fp/hard/libm.a
START GROUP
LOAD /usr/local/gcc-arm-none-eabi-9-2020-q2-update/bin/../lib/gcc/arm-none-eabi/9.3.1/thumb/v7e-m+fp/hard/libgcc.a
LOAD /usr/local/gcc-arm-none-eabi-9-2020-q2-update/bin/../lib/gcc/arm-none-eabi/9.3.1/../../../../arm-none-eabi/lib/thumb/v7e-m+fp/hard/libg_nano.a
LOAD /usr/local/gcc-arm-none-eabi-9-2020-q2-update/bin/../lib/gcc/arm-none-eabi/9.3.1/../../../../arm-none-eabi/lib/thumb/v7e-m+fp/hard/libc_nano.a
END GROUP
START GROUP
LOAD /usr/local/gcc-arm-none-eabi-9-2020-q2-update/bin/../lib/gcc/arm-none-eabi/9.3.1/thumb/v7e-m+fp/hard/libgcc.a
LOAD /usr/local/gcc-arm-none-eabi-9-2020-q2-update/bin/../lib/gcc/arm-none-eabi/9.3.1/../../../../arm-none-eabi/lib/thumb/v7e-m+fp/hard/libc_nano.a
LOAD /usr/local/gcc-arm-none-eabi-9-2020-q2-update/bin/../lib/gcc/arm-none-eabi/9.3.1/../../../../arm-none-eabi/lib/thumb/v7e-m+fp/hard/libnosys.a
END GROUP
START GROUP
LOAD /usr/local/gcc-arm-none-eabi-9-2020-q2-update/bin/../lib/gcc/arm-none-eabi/9.3.1/thumb/v7e-m+fp/hard/libgcc.a
LOAD /usr/local/gcc-arm-none-eabi-9-2020-q2-update/bin/../lib/gcc/arm-none-eabi/9.3.1/../../../../arm-none-eabi/lib/thumb/v7e-m+fp/hard/libc_nano.a
LOAD /usr/local/gcc-arm-none-eabi-9-2020-q2-update/bin/../lib/gcc/arm-none-eabi/9.3.1/../../../../arm-none-eabi/lib/thumb/v7e-m+fp/hard/libnosys.a
END GROUP
LOAD /usr/local/gcc-arm-none-eabi-9-2020-q2-update/bin/../lib/gcc/arm-none-eabi/9.3.1/thumb/v7e-m+fp/hard/crtend.o
LOAD /usr/local/gcc-arm-none-eabi-9-2020-q2-update/bin/../lib/gcc/arm-none-eabi/9.3.1/thumb/v7e-m+fp/hard/crtn.o

.text           0x0000000000000000     0xd42f
 *(.isr_vector)
 .isr_vector    0x0000000000000000      0x124 /build/qf_apps/qf_ssi_ai_app/GCC_Project/output/vectors_CM4F_gcc.o
                0x0000000000000000                __Vectors
 *(.text*)
 .text          0x0000000000000124       0x40 /usr/local/gcc-arm-none-eabi-9-2020-q2-update/bin/../lib/gcc/arm-none-eabi/9.3.1/thumb/v7e-m+fp/hard/crtbegin.o
 .text          0x0000000000000164       0x7c /usr/local/gcc-arm-none-eabi-9-2020-q2-update/bin/../lib/gcc/arm-none-eabi/9.3.1/../../../../arm-none-eabi/lib/thumb/v7e-m+fp/hard/crt0.o
                0x0000000000000164                _stack_init
                0x000000000000016c                _mainCRTStartup
                0x000000000000016c                _start
 .text._ZN7TwoWire17beginTransmissionEi
                0x00000000000001e0       0x1c /build/qf_apps/qf_ssi_ai_app/GCC_Project/output/Wire.o
                0x00000000000001e0                TwoWire::beginTransmission(int)
 .text._ZN7TwoWire15endTransmissionEi
                0x00000000000001fc       0x28 /build/qf_apps/qf_ssi_ai_app/GCC_Project/output/Wire.o
                0x00000000000001fc                TwoWire::endTransmission(int)
 .text._ZN7TwoWire15endTransmissionEv
                0x0000000000000224        0x6 /build/qf_apps/qf_ssi_ai_app/GCC_Project/output/Wire.o
                0x0000000000000224                TwoWire::endTransmission()
 *fill*         0x000000000000022a        0x2 
 .text._ZN7TwoWire11requestFromEiib
                0x000000000000022c       0x28 /build/qf_apps/qf_ssi_ai_app/GCC_Project/output/Wire.o
                0x000000000000022c                TwoWire::requestFrom(int, int, bool)
 .text._ZN7TwoWire11requestFromEii
                0x0000000000000254        0x6 /build/qf_apps/qf_ssi_ai_app/GCC_Project/output/Wire.o
                0x0000000000000254                TwoWire::requestFrom(int, int)
 *fill*         0x000000000000025a        0x2 
 .text._ZN7TwoWire5writeEPKhi
                0x000000000000025c       0x38 /build/qf_apps/qf_ssi_ai_app/GCC_Project/output/Wire.o
                0x000000000000025c                TwoWire::write(unsigned char const*, int)
 .text._ZN7TwoWire5writeEh
                0x0000000000000294       0x16 /build/qf_apps/qf_ssi_ai_app/GCC_Project/output/Wire.o
                0x0000000000000294                TwoWire::write(unsigned char)
 *fill*         0x00000000000002aa        0x2 
 .text._ZN7TwoWire9availableEv
                0x00000000000002ac        0xc /build/qf_apps/qf_ssi_ai_app/GCC_Project/output/Wire.o
                0x00000000000002ac                TwoWire::available()
 .text._ZN7TwoWire4readEv
                0x00000000000002b8       0x2c /build/qf_apps/qf_ssi_ai_app/GCC_Project/output/Wire.o
                0x00000000000002b8                TwoWire::read()
 .text._write   0x00000000000002e4        0xe /build/qf_apps/qf_ssi_ai_app/GCC_Project/output/c_lib_retarget.o
                0x00000000000002e4                _write
 .text._close   0x00000000000002f2        0x6 /build/qf_apps/qf_ssi_ai_app/GCC_Project/output/c_lib_retarget.o
                0x00000000000002f2                _close
 .text._lseek   0x00000000000002f8        0x4 /build/qf_apps/qf_ssi_ai_app/GCC_Project/output/c_lib_retarget.o
                0x00000000000002f8                _lseek
 .text._read    0x00000000000002fc        0x4 /build/qf_apps/qf_ssi_ai_app/GCC_Project/output/c_lib_retarget.o
                0x00000000000002fc                _read
 .text.datablk_mgr_acquire_common
                0x0000000000000300       0x84 /build/qf_apps/qf_ssi_ai_app/GCC_Project/output/datablk_mgr.o
 .text.datablk_mgr_init
                0x0000000000000384       0xd8 /build/qf_apps/qf_ssi_ai_app/GCC_Project/output/datablk_mgr.o
                0x0000000000000384                datablk_mgr_init
 .text.datablk_mgr_acquire
                0x000000000000045c        0x6 /build/qf_apps/qf_ssi_ai_app/GCC_Project/output/datablk_mgr.o
                0x000000000000045c                datablk_mgr_acquire
 .text.datablk_mgr_usecount_increment
                0x0000000000000462       0x18 /build/qf_apps/qf_ssi_ai_app/GCC_Project/output/datablk_mgr.o
                0x0000000000000462                datablk_mgr_usecount_increment
 .text.datablk_mgr_validity_check
                0x000000000000047a       0x1a /build/qf_apps/qf_ssi_ai_app/GCC_Project/output/datablk_mgr.o
                0x000000000000047a                datablk_mgr_validity_check
 .text.datablk_mgr_release_common
                0x0000000000000494       0x8c /build/qf_apps/qf_ssi_ai_app/GCC_Project/output/datablk_mgr.o
                0x0000000000000494                datablk_mgr_release_common
 .text.datablk_mgr_release
                0x0000000000000520        0x6 /build/qf_apps/qf_ssi_ai_app/GCC_Project/output/datablk_mgr.o
                0x0000000000000520                datablk_mgr_release
 *fill*         0x0000000000000526        0x2 
 .text.datablk_mgr_WriteDataBufferToQueues
                0x0000000000000528       0x70 /build/qf_apps/qf_ssi_ai_app/GCC_Project/output/datablk_mgr.o
                0x0000000000000528                datablk_mgr_WriteDataBufferToQueues
 .text.datablk_processor_task
                0x0000000000000598      0x118 /build/qf_apps/qf_ssi_ai_app/GCC_Project/output/datablk_processor.o
 .text.datablk_pe_process_bypass_func
                0x00000000000006b0       0x18 /build/qf_apps/qf_ssi_ai_app/GCC_Project/output/datablk_processor.o
 .text.datablk_processor_task_setup
                0x00000000000006c8       0x48 /build/qf_apps/qf_ssi_ai_app/GCC_Project/output/datablk_processor.o
                0x00000000000006c8                datablk_processor_task_setup
 .text.__debug_lockup
                0x0000000000000710       0x14 /build/qf_apps/qf_ssi_ai_app/GCC_Project/output/dbg_uart.o
 .text._semihost_write
                0x0000000000000724       0x54 /build/qf_apps/qf_ssi_ai_app/GCC_Project/output/dbg_uart.o
                0x0000000000000724                _semihost_write
 .text.dbg_ch_raw
                0x0000000000000778       0x74 /build/qf_apps/qf_ssi_ai_app/GCC_Project/output/dbg_uart.o
                0x0000000000000778                dbg_ch_raw
 .text.dbg_nl   0x00000000000007ec       0x12 /build/qf_apps/qf_ssi_ai_app/GCC_Project/output/dbg_uart.o
                0x00000000000007ec                dbg_nl
 .text.dbg_ch   0x00000000000007fe        0xc /build/qf_apps/qf_ssi_ai_app/GCC_Project/output/dbg_uart.o
                0x00000000000007fe                dbg_ch
 .text.dbg_hex4
                0x000000000000080a       0x14 /build/qf_apps/qf_ssi_ai_app/GCC_Project/output/dbg_uart.o
 .text.dbg_hex8
                0x000000000000081e       0x14 /build/qf_apps/qf_ssi_ai_app/GCC_Project/output/dbg_uart.o
                0x000000000000081e                dbg_hex8
 .text.dbg_hex16
                0x0000000000000832       0x14 /build/qf_apps/qf_ssi_ai_app/GCC_Project/output/dbg_uart.o
                0x0000000000000832                dbg_hex16
 .text.dbg_hex32
                0x0000000000000846       0x14 /build/qf_apps/qf_ssi_ai_app/GCC_Project/output/dbg_uart.o
                0x0000000000000846                dbg_hex32
 .text._dbg_int
                0x000000000000085a       0x20 /build/qf_apps/qf_ssi_ai_app/GCC_Project/output/dbg_uart.o
 .text.dbg_memdumpx
                0x000000000000087a       0xea /build/qf_apps/qf_ssi_ai_app/GCC_Project/output/dbg_uart.o
 .text.dbg_str  0x0000000000000964       0x84 /build/qf_apps/qf_ssi_ai_app/GCC_Project/output/dbg_uart.o
                0x0000000000000964                dbg_str
 .text._dbg_str_xxx
                0x00000000000009e8       0x16 /build/qf_apps/qf_ssi_ai_app/GCC_Project/output/dbg_uart.o
 .text.dbg_str_hexXX
                0x00000000000009fe       0x22 /build/qf_apps/qf_ssi_ai_app/GCC_Project/output/dbg_uart.o
 .text.dbg_int  0x0000000000000a20       0x24 /build/qf_apps/qf_ssi_ai_app/GCC_Project/output/dbg_uart.o
                0x0000000000000a20                dbg_int
 .text.dbg_str_str
                0x0000000000000a44       0x16 /build/qf_apps/qf_ssi_ai_app/GCC_Project/output/dbg_uart.o
                0x0000000000000a44                dbg_str_str
 .text.dbg_str_int
                0x0000000000000a5a       0x16 /build/qf_apps/qf_ssi_ai_app/GCC_Project/output/dbg_uart.o
                0x0000000000000a5a                dbg_str_int
 .text.dbg_str_int_noln
                0x0000000000000a70       0x12 /build/qf_apps/qf_ssi_ai_app/GCC_Project/output/dbg_uart.o
                0x0000000000000a70                dbg_str_int_noln
 *fill*         0x0000000000000a82        0x2 
 .text.dbg_str_hex32
                0x0000000000000a84        0xc /build/qf_apps/qf_ssi_ai_app/GCC_Project/output/dbg_uart.o
                0x0000000000000a84                dbg_str_hex32
 .text.dbg_fatal_error
                0x0000000000000a90       0x12 /build/qf_apps/qf_ssi_ai_app/GCC_Project/output/dbg_uart.o
                0x0000000000000a90                dbg_fatal_error
 .text.dbg_fatal_error_int
                0x0000000000000aa2        0xe /build/qf_apps/qf_ssi_ai_app/GCC_Project/output/dbg_uart.o
                0x0000000000000aa2                dbg_fatal_error_int
 .text.dbg_memdump32
                0x0000000000000ab0       0x1e /build/qf_apps/qf_ssi_ai_app/GCC_Project/output/dbg_uart.o
                0x0000000000000ab0                dbg_memdump32
 *fill*         0x0000000000000ace        0x2 
 .text.HAL_GPIO_Write
                0x0000000000000ad0       0x28 /build/qf_apps/qf_ssi_ai_app/GCC_Project/output/eoss3_hal_gpio.o
                0x0000000000000ad0                HAL_GPIO_Write
 .text.HAL_I2C_SetClockFreq
                0x0000000000000af8       0x80 /build/qf_apps/qf_ssi_ai_app/GCC_Project/output/eoss3_hal_i2c.o
                0x0000000000000af8                HAL_I2C_SetClockFreq
 .text.HAL_I2C_Init
                0x0000000000000b78       0x68 /build/qf_apps/qf_ssi_ai_app/GCC_Project/output/eoss3_hal_i2c.o
                0x0000000000000b78                HAL_I2C_Init
 .text.HAL_I2C_ReadRawData
                0x0000000000000be0       0xec /build/qf_apps/qf_ssi_ai_app/GCC_Project/output/eoss3_hal_i2c.o
                0x0000000000000be0                HAL_I2C_ReadRawData
 .text.HAL_I2C_WriteRawData
                0x0000000000000ccc      0x100 /build/qf_apps/qf_ssi_ai_app/GCC_Project/output/eoss3_hal_i2c.o
                0x0000000000000ccc                HAL_I2C_WriteRawData
 .text.HAL_PAD_Config
                0x0000000000000dcc      0x190 /build/qf_apps/qf_ssi_ai_app/GCC_Project/output/eoss3_hal_pad_config.o
                0x0000000000000dcc                HAL_PAD_Config
 .text.configure_s3_pads
                0x0000000000000f5c       0x1a /build/qf_apps/qf_ssi_ai_app/GCC_Project/output/eoss3_hal_pad_config.o
                0x0000000000000f5c                configure_s3_pads
 *fill*         0x0000000000000f76        0x2 
 .text.eoss3_rtc_enable_irq
                0x0000000000000f78       0x28 /build/qf_apps/qf_ssi_ai_app/GCC_Project/output/eoss3_hal_rtc.o
 .text.write_rtc_reg
                0x0000000000000fa0       0x18 /build/qf_apps/qf_ssi_ai_app/GCC_Project/output/eoss3_hal_rtc.o
 .text.__rtc_setup_alarm.isra.0
                0x0000000000000fb8       0x44 /build/qf_apps/qf_ssi_ai_app/GCC_Project/output/eoss3_hal_rtc.o
 .text.HAL_RTC_ISR
                0x0000000000000ffc       0x24 /build/qf_apps/qf_ssi_ai_app/GCC_Project/output/eoss3_hal_rtc.o
                0x0000000000000ffc                HAL_RTC_ISR
 .text.unlock_spi1_bus
                0x0000000000001020       0x58 /build/qf_apps/qf_ssi_ai_app/GCC_Project/output/eoss3_hal_spi.o
                0x0000000000001020                unlock_spi1_bus
 .text.SPI_DMA_Complete
                0x0000000000001078       0x88 /build/qf_apps/qf_ssi_ai_app/GCC_Project/output/eoss3_hal_spi.o
                0x0000000000001078                SPI_DMA_Complete
 .text.HAL_SPI_IRQHandler
                0x0000000000001100       0x6c /build/qf_apps/qf_ssi_ai_app/GCC_Project/output/eoss3_hal_spi.o
                0x0000000000001100                HAL_SPI_IRQHandler
 .text.HAL_Delay_Init
                0x000000000000116c       0x54 /build/qf_apps/qf_ssi_ai_app/GCC_Project/output/eoss3_hal_timer.o
                0x000000000000116c                HAL_Delay_Init
 .text.HAL_DelayUSec
                0x00000000000011c0       0x28 /build/qf_apps/qf_ssi_ai_app/GCC_Project/output/eoss3_hal_timer.o
                0x00000000000011c0                HAL_DelayUSec
 .text.HAL_Timer_ISR
                0x00000000000011e8       0x88 /build/qf_apps/qf_ssi_ai_app/GCC_Project/output/eoss3_hal_timer.o
                0x00000000000011e8                HAL_Timer_ISR
 .text.uart_baud_rate
                0x0000000000001270       0x60 /build/qf_apps/qf_ssi_ai_app/GCC_Project/output/eoss3_hal_uart.o
 .text.is_hw_uart_enabled
                0x00000000000012d0       0x20 /build/qf_apps/qf_ssi_ai_app/GCC_Project/output/eoss3_hal_uart.o
 .text.uart_disable
                0x00000000000012f0       0x1c /build/qf_apps/qf_ssi_ai_app/GCC_Project/output/eoss3_hal_uart.o
 .text.uart_lpm_callback
                0x000000000000130c       0x70 /build/qf_apps/qf_ssi_ai_app/GCC_Project/output/eoss3_hal_uart.o
 .text.uart_init
                0x000000000000137c      0x168 /build/qf_apps/qf_ssi_ai_app/GCC_Project/output/eoss3_hal_uart.o
                0x000000000000137c                uart_init
 .text.uart_isr_handler
                0x00000000000014e4       0x84 /build/qf_apps/qf_ssi_ai_app/GCC_Project/output/eoss3_hal_uart.o
                0x00000000000014e4                uart_isr_handler
 .text.uart_tx_raw
                0x0000000000001568       0x38 /build/qf_apps/qf_ssi_ai_app/GCC_Project/output/eoss3_hal_uart.o
                0x0000000000001568                uart_tx_raw
 .text.uart_tx  0x00000000000015a0       0x1c /build/qf_apps/qf_ssi_ai_app/GCC_Project/output/eoss3_hal_uart.o
                0x00000000000015a0                uart_tx
 .text.uart_tx_buf
                0x00000000000015bc       0x1a /build/qf_apps/qf_ssi_ai_app/GCC_Project/output/eoss3_hal_uart.o
                0x00000000000015bc                uart_tx_buf
 .text.uart_tx_raw_buf
                0x00000000000015d6       0x1a /build/qf_apps/qf_ssi_ai_app/GCC_Project/output/eoss3_hal_uart.o
                0x00000000000015d6                uart_tx_raw_buf
 .text.HAL_WB_Transmit
                0x00000000000015f0       0x3c /build/qf_apps/qf_ssi_ai_app/GCC_Project/output/eoss3_hal_wb.o
                0x00000000000015f0                HAL_WB_Transmit
 .text.HAL_WB_Receive
                0x000000000000162c       0x44 /build/qf_apps/qf_ssi_ai_app/GCC_Project/output/eoss3_hal_wb.o
                0x000000000000162c                HAL_WB_Receive
 .text.HAL_WB_Init
                0x0000000000001670      0x10c /build/qf_apps/qf_ssi_ai_app/GCC_Project/output/eoss3_hal_wb.o
                0x0000000000001670                HAL_WB_Init
 .text.WDT_ISR  0x000000000000177c       0x8c /build/qf_apps/qf_ssi_ai_app/GCC_Project/output/eoss3_hal_wdt.o
                0x000000000000177c                WDT_ISR
 .text.spurious_interrupt
                0x0000000000001808        0xc /build/qf_apps/qf_ssi_ai_app/GCC_Project/output/exceptions.o
 .text.prvGetRegistersFromStack
                0x0000000000001814       0xf0 /build/qf_apps/qf_ssi_ai_app/GCC_Project/output/exceptions.o
                0x0000000000001814                prvGetRegistersFromStack
 .text.HardFault_Handler
                0x0000000000001904       0x16 /build/qf_apps/qf_ssi_ai_app/GCC_Project/output/exceptions.o
                0x0000000000001904                HardFault_Handler
 .text.NMI_Handler
                0x000000000000191a        0x6 /build/qf_apps/qf_ssi_ai_app/GCC_Project/output/exceptions.o
                0x000000000000191a                NMI_Handler
 .text.MemManage_Handler
                0x0000000000001920        0x6 /build/qf_apps/qf_ssi_ai_app/GCC_Project/output/exceptions.o
                0x0000000000001920                MemManage_Handler
 .text.BusFault_Handler
                0x0000000000001926        0x6 /build/qf_apps/qf_ssi_ai_app/GCC_Project/output/exceptions.o
                0x0000000000001926                BusFault_Handler
 .text.UsageFault_Handler
                0x000000000000192c        0x6 /build/qf_apps/qf_ssi_ai_app/GCC_Project/output/exceptions.o
                0x000000000000192c                UsageFault_Handler
 .text.DebugMon_Handler
                0x0000000000001932        0x6 /build/qf_apps/qf_ssi_ai_app/GCC_Project/output/exceptions.o
                0x0000000000001932                DebugMon_Handler
 .text.Uart_Handler
                0x0000000000001938       0x50 /build/qf_apps/qf_ssi_ai_app/GCC_Project/output/exceptions.o
                0x0000000000001938                Uart_Handler
 .text.Timer_Handler
                0x0000000000001988       0x24 /build/qf_apps/qf_ssi_ai_app/GCC_Project/output/exceptions.o
                0x0000000000001988                Timer_Handler
 .text.CpuWdtInt_Handler
                0x00000000000019ac       0x24 /build/qf_apps/qf_ssi_ai_app/GCC_Project/output/exceptions.o
                0x00000000000019ac                CpuWdtInt_Handler
 .text.CpuWdtRst_Handler
                0x00000000000019d0        0x6 /build/qf_apps/qf_ssi_ai_app/GCC_Project/output/exceptions.o
                0x00000000000019d0                CpuWdtRst_Handler
 .text.BusTimeout_Handler
                0x00000000000019d6        0x6 /build/qf_apps/qf_ssi_ai_app/GCC_Project/output/exceptions.o
                0x00000000000019d6                BusTimeout_Handler
 .text.Fpu_Handler
                0x00000000000019dc        0x6 /build/qf_apps/qf_ssi_ai_app/GCC_Project/output/exceptions.o
                0x00000000000019dc                Fpu_Handler
 *fill*         0x00000000000019e2        0x2 
 .text.Pkfb_Handler
                0x00000000000019e4       0x10 /build/qf_apps/qf_ssi_ai_app/GCC_Project/output/exceptions.o
                0x00000000000019e4                Pkfb_Handler
 .text.I2s_Handler
                0x00000000000019f4        0x6 /build/qf_apps/qf_ssi_ai_app/GCC_Project/output/exceptions.o
                0x00000000000019f4                I2s_Handler
 .text.Audio_Handler
                0x00000000000019fa        0x6 /build/qf_apps/qf_ssi_ai_app/GCC_Project/output/exceptions.o
                0x00000000000019fa                Audio_Handler
 .text.SpiMs_Handler
                0x0000000000001a00       0x5c /build/qf_apps/qf_ssi_ai_app/GCC_Project/output/exceptions.o
                0x0000000000001a00                SpiMs_Handler
 .text.CfgDma_Handler
                0x0000000000001a5c       0x28 /build/qf_apps/qf_ssi_ai_app/GCC_Project/output/exceptions.o
                0x0000000000001a5c                CfgDma_Handler
 .text.PmuTimer_Handler
                0x0000000000001a84        0x2 /build/qf_apps/qf_ssi_ai_app/GCC_Project/output/exceptions.o
                0x0000000000001a84                PmuTimer_Handler
 .text.AdcDone_Handler
                0x0000000000001a86        0x8 /build/qf_apps/qf_ssi_ai_app/GCC_Project/output/exceptions.o
                0x0000000000001a86                AdcDone_Handler
 *fill*         0x0000000000001a8e        0x2 
 .text.RtcAlarm_Handler
                0x0000000000001a90       0x1c /build/qf_apps/qf_ssi_ai_app/GCC_Project/output/exceptions.o
                0x0000000000001a90                RtcAlarm_Handler
 .text.ResetInt_Handler
                0x0000000000001aac        0x8 /build/qf_apps/qf_ssi_ai_app/GCC_Project/output/exceptions.o
                0x0000000000001aac                ResetInt_Handler
 .text.Ffe0_Handler
                0x0000000000001ab4       0x18 /build/qf_apps/qf_ssi_ai_app/GCC_Project/output/exceptions.o
                0x0000000000001ab4                Ffe0_Handler
 .text.FbMsg_Handler
                0x0000000000001acc       0x6c /build/qf_apps/qf_ssi_ai_app/GCC_Project/output/exceptions.o
                0x0000000000001acc                FbMsg_Handler
 .text.SensorGpio_Handler
                0x0000000000001b38        0x8 /build/qf_apps/qf_ssi_ai_app/GCC_Project/output/exceptions.o
                0x0000000000001b38                SensorGpio_Handler
 .text.M4SramSleep_Handler
                0x0000000000001b40        0x8 /build/qf_apps/qf_ssi_ai_app/GCC_Project/output/exceptions.o
                0x0000000000001b40                M4SramSleep_Handler
 .text.LDO30_PG_Handler
                0x0000000000001b48        0x8 /build/qf_apps/qf_ssi_ai_app/GCC_Project/output/exceptions.o
                0x0000000000001b48                LDO30_PG_Handler
 .text.LDO50_PG_Handler
                0x0000000000001b50        0x8 /build/qf_apps/qf_ssi_ai_app/GCC_Project/output/exceptions.o
                0x0000000000001b50                LDO50_PG_Handler
 .text.DMIC_Voice_Det_Handler
                0x0000000000001b58        0x8 /build/qf_apps/qf_ssi_ai_app/GCC_Project/output/exceptions.o
                0x0000000000001b58                DMIC_Voice_Det_Handler
 .text.ApPDMClkOn_Handler
                0x0000000000001b60        0x8 /build/qf_apps/qf_ssi_ai_app/GCC_Project/output/exceptions.o
                0x0000000000001b60                ApPDMClkOn_Handler
 .text.ApPDMClkOff_Handler
                0x0000000000001b68        0x8 /build/qf_apps/qf_ssi_ai_app/GCC_Project/output/exceptions.o
                0x0000000000001b68                ApPDMClkOff_Handler
 .text.Dmac0BlkDone_Handler
                0x0000000000001b70        0x8 /build/qf_apps/qf_ssi_ai_app/GCC_Project/output/exceptions.o
                0x0000000000001b70                Dmac0BlkDone_Handler
 .text.Dmac0BufDone_Handler
                0x0000000000001b78        0x8 /build/qf_apps/qf_ssi_ai_app/GCC_Project/output/exceptions.o
                0x0000000000001b78                Dmac0BufDone_Handler
 .text.Dmac1BlkDone_Handler
                0x0000000000001b80        0x8 /build/qf_apps/qf_ssi_ai_app/GCC_Project/output/exceptions.o
                0x0000000000001b80                Dmac1BlkDone_Handler
 .text.Dmac1BufDone_Handler
                0x0000000000001b88        0x8 /build/qf_apps/qf_ssi_ai_app/GCC_Project/output/exceptions.o
                0x0000000000001b88                Dmac1BufDone_Handler
 .text.Sdma0Done_Handler
                0x0000000000001b90        0x8 /build/qf_apps/qf_ssi_ai_app/GCC_Project/output/exceptions.o
                0x0000000000001b90                Sdma0Done_Handler
 .text.Sdma1Done_Handler
                0x0000000000001b98        0x8 /build/qf_apps/qf_ssi_ai_app/GCC_Project/output/exceptions.o
                0x0000000000001b98                Sdma1Done_Handler
 .text.Sdma2Done_Handler
                0x0000000000001ba0        0x8 /build/qf_apps/qf_ssi_ai_app/GCC_Project/output/exceptions.o
                0x0000000000001ba0                Sdma2Done_Handler
 .text.Sdma3Done_Handler
                0x0000000000001ba8        0x8 /build/qf_apps/qf_ssi_ai_app/GCC_Project/output/exceptions.o
                0x0000000000001ba8                Sdma3Done_Handler
 .text.Sdma4Done_Handler
                0x0000000000001bb0        0x8 /build/qf_apps/qf_ssi_ai_app/GCC_Project/output/exceptions.o
                0x0000000000001bb0                Sdma4Done_Handler
 .text.Sdma5Done_Handler
                0x0000000000001bb8        0x8 /build/qf_apps/qf_ssi_ai_app/GCC_Project/output/exceptions.o
                0x0000000000001bb8                Sdma5Done_Handler
 .text.Sdma6Done_Handler
                0x0000000000001bc0        0x8 /build/qf_apps/qf_ssi_ai_app/GCC_Project/output/exceptions.o
                0x0000000000001bc0                Sdma6Done_Handler
 .text.Sdma7Done_Handler
                0x0000000000001bc8        0x8 /build/qf_apps/qf_ssi_ai_app/GCC_Project/output/exceptions.o
                0x0000000000001bc8                Sdma7Done_Handler
 .text.Sdma8Done_Handler
                0x0000000000001bd0        0x8 /build/qf_apps/qf_ssi_ai_app/GCC_Project/output/exceptions.o
                0x0000000000001bd0                Sdma8Done_Handler
 .text.Sdma9Done_Handler
                0x0000000000001bd8        0x8 /build/qf_apps/qf_ssi_ai_app/GCC_Project/output/exceptions.o
                0x0000000000001bd8                Sdma9Done_Handler
 .text.Sdma10Done_Handler
                0x0000000000001be0        0x8 /build/qf_apps/qf_ssi_ai_app/GCC_Project/output/exceptions.o
                0x0000000000001be0                Sdma10Done_Handler
 .text.Sdma11Done_Handler
                0x0000000000001be8        0x8 /build/qf_apps/qf_ssi_ai_app/GCC_Project/output/exceptions.o
                0x0000000000001be8                Sdma11Done_Handler
 .text.SdmaErr_Handler
                0x0000000000001bf0        0x8 /build/qf_apps/qf_ssi_ai_app/GCC_Project/output/exceptions.o
                0x0000000000001bf0                SdmaErr_Handler
 .text.I2S_SlvM4TxOr_Handler
                0x0000000000001bf8        0x8 /build/qf_apps/qf_ssi_ai_app/GCC_Project/output/exceptions.o
                0x0000000000001bf8                I2S_SlvM4TxOr_Handler
 .text.SRAM_128KB_Handler
                0x0000000000001c00        0x8 /build/qf_apps/qf_ssi_ai_app/GCC_Project/output/exceptions.o
                0x0000000000001c00                SRAM_128KB_Handler
 .text.LPSD_Voice_Det_Handler
                0x0000000000001c08        0x8 /build/qf_apps/qf_ssi_ai_app/GCC_Project/output/exceptions.o
                0x0000000000001c08                LPSD_Voice_Det_Handler
 .text.FfeWdt_Handler
                0x0000000000001c10        0x8 /build/qf_apps/qf_ssi_ai_app/GCC_Project/output/exceptions.o
                0x0000000000001c10                FfeWdt_Handler
 .text.ApBoot_Handler
                0x0000000000001c18        0x8 /build/qf_apps/qf_ssi_ai_app/GCC_Project/output/exceptions.o
                0x0000000000001c18                ApBoot_Handler
 .text.SwInt2_Handler
                0x0000000000001c20        0x8 /build/qf_apps/qf_ssi_ai_app/GCC_Project/output/exceptions.o
                0x0000000000001c20                SwInt2_Handler
 .text.SwInt1_Handler
                0x0000000000001c28       0x24 /build/qf_apps/qf_ssi_ai_app/GCC_Project/output/exceptions.o
                0x0000000000001c28                SwInt1_Handler
 .text.Ffe0Msg_Handler
                0x0000000000001c4c        0x8 /build/qf_apps/qf_ssi_ai_app/GCC_Project/output/exceptions.o
                0x0000000000001c4c                Ffe0Msg_Handler
 .text.lpsdVoiceOffHandler
                0x0000000000001c54        0x8 /build/qf_apps/qf_ssi_ai_app/GCC_Project/output/exceptions.o
                0x0000000000001c54                lpsdVoiceOffHandler
 .text.dmicVoiceOffHandler
                0x0000000000001c5c        0x8 /build/qf_apps/qf_ssi_ai_app/GCC_Project/output/exceptions.o
                0x0000000000001c5c                dmicVoiceOffHandler
 .text.vApplicationMallocFailedHook
                0x0000000000001c64       0x24 /build/qf_apps/qf_ssi_ai_app/GCC_Project/output/exceptions.o
                0x0000000000001c64                vApplicationMallocFailedHook
 .text.vApplicationStackOverflowHook
                0x0000000000001c88       0x24 /build/qf_apps/qf_ssi_ai_app/GCC_Project/output/exceptions.o
                0x0000000000001c88                vApplicationStackOverflowHook
 .text.vApplicationTickHook
                0x0000000000001cac        0x2 /build/qf_apps/qf_ssi_ai_app/GCC_Project/output/exceptions.o
                0x0000000000001cac                vApplicationTickHook
 .text.vApplicationIdleHook
                0x0000000000001cae        0x2 /build/qf_apps/qf_ssi_ai_app/GCC_Project/output/exceptions.o
                0x0000000000001cae                vApplicationIdleHook
 .text.prvInsertBlockIntoFreeList
                0x0000000000001cb0       0x74 /build/qf_apps/qf_ssi_ai_app/GCC_Project/output/heap_4.o
 .text.pvPortMalloc
                0x0000000000001d24      0x198 /build/qf_apps/qf_ssi_ai_app/GCC_Project/output/heap_4.o
                0x0000000000001d24                pvPortMalloc
 .text.vPortFree
                0x0000000000001ebc       0xa0 /build/qf_apps/qf_ssi_ai_app/GCC_Project/output/heap_4.o
                0x0000000000001ebc                vPortFree
 .text.vListInitialise
                0x0000000000001f5c       0x16 /build/qf_apps/qf_ssi_ai_app/GCC_Project/output/list.o
                0x0000000000001f5c                vListInitialise
 .text.vListInitialiseItem
                0x0000000000001f72        0x6 /build/qf_apps/qf_ssi_ai_app/GCC_Project/output/list.o
                0x0000000000001f72                vListInitialiseItem
 .text.vListInsertEnd
                0x0000000000001f78       0x18 /build/qf_apps/qf_ssi_ai_app/GCC_Project/output/list.o
                0x0000000000001f78                vListInsertEnd
 .text.vListInsert
                0x0000000000001f90       0x2e /build/qf_apps/qf_ssi_ai_app/GCC_Project/output/list.o
                0x0000000000001f90                vListInsert
 .text.uxListRemove
                0x0000000000001fbe       0x20 /build/qf_apps/qf_ssi_ai_app/GCC_Project/output/list.o
                0x0000000000001fbe                uxListRemove
 *fill*         0x0000000000001fde        0x2 
 .text.startup.main
                0x0000000000001fe0       0xb8 /build/qf_apps/qf_ssi_ai_app/GCC_Project/output/main.o
                0x0000000000001fe0                main
 .text.SystemInit
                0x0000000000002098        0x2 /build/qf_apps/qf_ssi_ai_app/GCC_Project/output/main.o
                0x0000000000002098                SystemInit
 *fill*         0x000000000000209a        0x2 
 .text._ZN6MC36359write_regEhPhi
                0x000000000000209c       0x34 /build/qf_apps/qf_ssi_ai_app/GCC_Project/output/mc3635_wire.o
                0x000000000000209c                MC3635::write_reg(unsigned char, unsigned char*, int)
 .text._ZN6MC36358read_regEhPhi
                0x00000000000020d0       0x50 /build/qf_apps/qf_ssi_ai_app/GCC_Project/output/mc3635_wire.o
                0x00000000000020d0                MC3635::read_reg(unsigned char, unsigned char*, int)
 .text._ZN6MC3635C2Ev
                0x0000000000002120        0x6 /build/qf_apps/qf_ssi_ai_app/GCC_Project/output/mc3635_wire.o
                0x0000000000002120                MC3635::MC3635()
                0x0000000000002120                MC3635::MC3635()
 .text._ZN6MC36358set_modeE14mc3635_modes_t
                0x0000000000002126       0x46 /build/qf_apps/qf_ssi_ai_app/GCC_Project/output/mc3635_wire.o
                0x0000000000002126                MC3635::set_mode(mc3635_modes_t)
 .text._ZN6MC363515set_sample_rateEi
                0x000000000000216c       0x94 /build/qf_apps/qf_ssi_ai_app/GCC_Project/output/mc3635_wire.o
                0x000000000000216c                MC3635::set_sample_rate(int)
 .text._ZN6MC363515get_sample_rateEv
                0x0000000000002200       0x28 /build/qf_apps/qf_ssi_ai_app/GCC_Project/output/mc3635_wire.o
                0x0000000000002200                MC3635::get_sample_rate()
 .text._ZN6MC363516set_sample_rangeE14mc3635_range_t
                0x0000000000002228       0x3c /build/qf_apps/qf_ssi_ai_app/GCC_Project/output/mc3635_wire.o
                0x0000000000002228                MC3635::set_sample_range(mc3635_range_t)
 .text._ZN6MC363516get_sample_rangeEv
                0x0000000000002264       0x1a /build/qf_apps/qf_ssi_ai_app/GCC_Project/output/mc3635_wire.o
                0x0000000000002264                MC3635::get_sample_range()
 *fill*         0x000000000000227e        0x2 
 .text._ZN6MC363521set_sample_resolutionEi
                0x0000000000002280       0x50 /build/qf_apps/qf_ssi_ai_app/GCC_Project/output/mc3635_wire.o
                0x0000000000002280                MC3635::set_sample_resolution(int)
 .text._ZN6MC363521get_sample_resolutionEv
                0x00000000000022d0       0x28 /build/qf_apps/qf_ssi_ai_app/GCC_Project/output/mc3635_wire.o
                0x00000000000022d0                MC3635::get_sample_resolution()
 .text._ZN6MC36355beginEv
                0x00000000000022f8      0x1a8 /build/qf_apps/qf_ssi_ai_app/GCC_Project/output/mc3635_wire.o
                0x00000000000022f8                MC3635::begin()
 .text._ZN6MC36354readEv
                0x00000000000024a0       0x14 /build/qf_apps/qf_ssi_ai_app/GCC_Project/output/mc3635_wire.o
                0x00000000000024a0                MC3635::read()
 .text.prvPortStartFirstTask
                0x00000000000024b4       0x28 /build/qf_apps/qf_ssi_ai_app/GCC_Project/output/port.o
 .text.vPortEnableVFP
                0x00000000000024dc       0x14 /build/qf_apps/qf_ssi_ai_app/GCC_Project/output/port.o
 .text.prvTaskExitError
                0x00000000000024f0       0x50 /build/qf_apps/qf_ssi_ai_app/GCC_Project/output/port.o
 .text.pxPortInitialiseStack
                0x0000000000002540       0x2c /build/qf_apps/qf_ssi_ai_app/GCC_Project/output/port.o
                0x0000000000002540                pxPortInitialiseStack
 *fill*         0x000000000000256c        0x4 
 .text.SVC_Handler
                0x0000000000002570       0x24 /build/qf_apps/qf_ssi_ai_app/GCC_Project/output/port.o
                0x0000000000002570                SVC_Handler
 .text.vPortEnterCritical
                0x0000000000002594       0x58 /build/qf_apps/qf_ssi_ai_app/GCC_Project/output/port.o
                0x0000000000002594                vPortEnterCritical
 .text.vPortExitCritical
                0x00000000000025ec       0x3c /build/qf_apps/qf_ssi_ai_app/GCC_Project/output/port.o
                0x00000000000025ec                vPortExitCritical
 *fill*         0x0000000000002628        0x8 
 .text.PendSV_Handler
                0x0000000000002630       0x64 /build/qf_apps/qf_ssi_ai_app/GCC_Project/output/port.o
                0x0000000000002630                PendSV_Handler
 .text.xPortSysTickHandler
                0x0000000000002694       0x2c /build/qf_apps/qf_ssi_ai_app/GCC_Project/output/port.o
                0x0000000000002694                xPortSysTickHandler
 .text.xPortStartScheduler
                0x00000000000026c0      0x158 /build/qf_apps/qf_ssi_ai_app/GCC_Project/output/port.o
                0x00000000000026c0                xPortStartScheduler
 .text.vPortValidateInterruptPriority
                0x0000000000002818       0x7c /build/qf_apps/qf_ssi_ai_app/GCC_Project/output/port.o
                0x0000000000002818                vPortValidateInterruptPriority
 .text.system_init
                0x0000000000002894       0x6c /build/qf_apps/qf_ssi_ai_app/GCC_Project/output/qf_hardwaresetup.o
                0x0000000000002894                system_init
 .text.qf_hardwareSetup
                0x0000000000002900       0x78 /build/qf_apps/qf_ssi_ai_app/GCC_Project/output/qf_hardwaresetup.o
                0x0000000000002900                qf_hardwareSetup
 .text.ql_lw_timer_start
                0x0000000000002978        0x4 /build/qf_apps/qf_ssi_ai_app/GCC_Project/output/ql_time.o
                0x0000000000002978                ql_lw_timer_start
 .text.ql_lw_timer_remain
                0x000000000000297c       0x1a /build/qf_apps/qf_ssi_ai_app/GCC_Project/output/ql_time.o
                0x000000000000297c                ql_lw_timer_remain
 .text.ql_lw_timer_is_expired
                0x0000000000002996       0x10 /build/qf_apps/qf_ssi_ai_app/GCC_Project/output/ql_time.o
                0x0000000000002996                ql_lw_timer_is_expired
 .text.prvIsQueueEmpty
                0x00000000000029a6       0x16 /build/qf_apps/qf_ssi_ai_app/GCC_Project/output/queue.o
 .text.prvCopyDataToQueue
                0x00000000000029bc       0x78 /build/qf_apps/qf_ssi_ai_app/GCC_Project/output/queue.o
 .text.prvCopyDataFromQueue
                0x0000000000002a34       0x2c /build/qf_apps/qf_ssi_ai_app/GCC_Project/output/queue.o
 .text.prvUnlockQueue
                0x0000000000002a60       0x70 /build/qf_apps/qf_ssi_ai_app/GCC_Project/output/queue.o
 .text.xQueueGenericReset
                0x0000000000002ad0       0x90 /build/qf_apps/qf_ssi_ai_app/GCC_Project/output/queue.o
                0x0000000000002ad0                xQueueGenericReset
 .text.xQueueGenericCreate
                0x0000000000002b60       0x74 /build/qf_apps/qf_ssi_ai_app/GCC_Project/output/queue.o
                0x0000000000002b60                xQueueGenericCreate
 .text.xQueueGenericSend
                0x0000000000002bd4      0x19c /build/qf_apps/qf_ssi_ai_app/GCC_Project/output/queue.o
                0x0000000000002bd4                xQueueGenericSend
 .text.xQueueGenericSendDebug
                0x0000000000002d70       0x30 /build/qf_apps/qf_ssi_ai_app/GCC_Project/output/queue.o
                0x0000000000002d70                xQueueGenericSendDebug
 .text.xQueueGenericSendFromISR
                0x0000000000002da0       0xf0 /build/qf_apps/qf_ssi_ai_app/GCC_Project/output/queue.o
                0x0000000000002da0                xQueueGenericSendFromISR
 .text.xQueueGenericSendFromISRDebug
                0x0000000000002e90       0x30 /build/qf_apps/qf_ssi_ai_app/GCC_Project/output/queue.o
                0x0000000000002e90                xQueueGenericSendFromISRDebug
 .text.xQueueGiveFromISR
                0x0000000000002ec0       0xdc /build/qf_apps/qf_ssi_ai_app/GCC_Project/output/queue.o
                0x0000000000002ec0                xQueueGiveFromISR
 .text.xQueueReceive
                0x0000000000002f9c      0x160 /build/qf_apps/qf_ssi_ai_app/GCC_Project/output/queue.o
                0x0000000000002f9c                xQueueReceive
 .text.xQueueSemaphoreTake
                0x00000000000030fc      0x1b0 /build/qf_apps/qf_ssi_ai_app/GCC_Project/output/queue.o
                0x00000000000030fc                xQueueSemaphoreTake
 .text.xQueueReceiveFromISR
                0x00000000000032ac       0xc0 /build/qf_apps/qf_ssi_ai_app/GCC_Project/output/queue.o
                0x00000000000032ac                xQueueReceiveFromISR
 .text.vQueueAddToRegistry
                0x000000000000336c       0x24 /build/qf_apps/qf_ssi_ai_app/GCC_Project/output/queue.o
                0x000000000000336c                vQueueAddToRegistry
 .text.vQueueWaitForMessageRestricted
                0x0000000000003390       0x46 /build/qf_apps/qf_ssi_ai_app/GCC_Project/output/queue.o
                0x0000000000003390                vQueueWaitForMessageRestricted
 .text.s3x_clkd_write_div
                0x00000000000033d6       0xa8 /build/qf_apps/qf_ssi_ai_app/GCC_Project/output/s3x_clock.o
 .text.s3x_clkd_read_div
                0x000000000000347e       0x44 /build/qf_apps/qf_ssi_ai_app/GCC_Project/output/s3x_clock.o
 *fill*         0x00000000000034c2        0x2 
 .text.s3x_clkd_cal_div.part.0
                0x00000000000034c4       0x30 /build/qf_apps/qf_ssi_ai_app/GCC_Project/output/s3x_clock.o
 .text.S3x_Id_To_Domain
                0x00000000000034f4       0x1c /build/qf_apps/qf_ssi_ai_app/GCC_Project/output/s3x_clock.o
                0x00000000000034f4                S3x_Id_To_Domain
 .text.S3x_Clkd_Get_Cpu_Rate
                0x0000000000003510        0xc /build/qf_apps/qf_ssi_ai_app/GCC_Project/output/s3x_clock.o
                0x0000000000003510                S3x_Clkd_Get_Cpu_Rate
 .text.s3x_clkd_get_init_rate
                0x000000000000351c       0x28 /build/qf_apps/qf_ssi_ai_app/GCC_Project/output/s3x_clock.o
                0x000000000000351c                s3x_clkd_get_init_rate
 .text.s3x_clkd_update_div_val
                0x0000000000003544       0x4c /build/qf_apps/qf_ssi_ai_app/GCC_Project/output/s3x_clock.o
                0x0000000000003544                s3x_clkd_update_div_val
 .text.s3x_clkd_update_fd_rate
                0x0000000000003590        0xe /build/qf_apps/qf_ssi_ai_app/GCC_Project/output/s3x_clock.o
                0x0000000000003590                s3x_clkd_update_fd_rate
 *fill*         0x000000000000359e        0x2 
 .text.s3x_clkd_update_sd_div
                0x00000000000035a0       0x5c /build/qf_apps/qf_ssi_ai_app/GCC_Project/output/s3x_clock.o
 .text.s3x_clkd_update_all_src_div
                0x00000000000035fc       0xd0 /build/qf_apps/qf_ssi_ai_app/GCC_Project/output/s3x_clock.o
                0x00000000000035fc                s3x_clkd_update_all_src_div
 .text.S3x_Clkd_Get_Hsosc_Rate
                0x00000000000036cc       0x34 /build/qf_apps/qf_ssi_ai_app/GCC_Project/output/s3x_clock.o
                0x00000000000036cc                S3x_Clkd_Get_Hsosc_Rate
 .text.s3x_clkd_get_active_HSOSC_qos
                0x0000000000003700        0xc /build/qf_apps/qf_ssi_ai_app/GCC_Project/output/s3x_clock.o
                0x0000000000003700                s3x_clkd_get_active_HSOSC_qos
 .text.S3x_Clkd_Change_Hsosc
                0x000000000000370c       0x70 /build/qf_apps/qf_ssi_ai_app/GCC_Project/output/s3x_clock.o
                0x000000000000370c                S3x_Clkd_Change_Hsosc
 .text.s3x_clkd_get_src_rate
                0x000000000000377c       0x12 /build/qf_apps/qf_ssi_ai_app/GCC_Project/output/s3x_clock.o
                0x000000000000377c                s3x_clkd_get_src_rate
 *fill*         0x000000000000378e        0x2 
 .text.s3x_clkd_get_div
                0x0000000000003790       0x74 /build/qf_apps/qf_ssi_ai_app/GCC_Project/output/s3x_clock.o
                0x0000000000003790                s3x_clkd_get_div
 .text.s3x_clkd_srate
                0x0000000000003804      0x134 /build/qf_apps/qf_ssi_ai_app/GCC_Project/output/s3x_clock.o
 .text.s3x_clkd_grate
                0x0000000000003938       0x68 /build/qf_apps/qf_ssi_ai_app/GCC_Project/output/s3x_clock.o
 .text.s3x_clkd_set_src_div_st
                0x00000000000039a0       0x4c /build/qf_apps/qf_ssi_ai_app/GCC_Project/output/s3x_clock.o
 .text.s3x_update_clk_rate
                0x00000000000039ec       0xb0 /build/qf_apps/qf_ssi_ai_app/GCC_Project/output/s3x_clock.o
                0x00000000000039ec                s3x_update_clk_rate
 .text.s3x_clkd_get_gate_mask_st
                0x0000000000003a9c       0x16 /build/qf_apps/qf_ssi_ai_app/GCC_Project/output/s3x_clock.o
                0x0000000000003a9c                s3x_clkd_get_gate_mask_st
 *fill*         0x0000000000003ab2        0x2 
 .text.s3x_clkd_set_gate_mask
                0x0000000000003ab4       0x50 /build/qf_apps/qf_ssi_ai_app/GCC_Project/output/s3x_clock.o
                0x0000000000003ab4                s3x_clkd_set_gate_mask
 .text.s3x_clkd_enable_gate
                0x0000000000003b04       0x68 /build/qf_apps/qf_ssi_ai_app/GCC_Project/output/s3x_clock.o
 .text.s3x_clkd_disable_gate
                0x0000000000003b6c       0x54 /build/qf_apps/qf_ssi_ai_app/GCC_Project/output/s3x_clock.o
 .text._S3x_Clk_Enable
                0x0000000000003bc0       0xb8 /build/qf_apps/qf_ssi_ai_app/GCC_Project/output/s3x_clock.o
                0x0000000000003bc0                _S3x_Clk_Enable
 .text._S3x_Clk_Disable
                0x0000000000003c78       0xc8 /build/qf_apps/qf_ssi_ai_app/GCC_Project/output/s3x_clock.o
                0x0000000000003c78                _S3x_Clk_Disable
 .text._S3x_Clk_Get_Status
                0x0000000000003d40       0x2c /build/qf_apps/qf_ssi_ai_app/GCC_Project/output/s3x_clock.o
                0x0000000000003d40                _S3x_Clk_Get_Status
 .text._S3x_Clk_Get_Rate
                0x0000000000003d6c       0x28 /build/qf_apps/qf_ssi_ai_app/GCC_Project/output/s3x_clock.o
                0x0000000000003d6c                _S3x_Clk_Get_Rate
 .text._S3x_Clk_Set_Rate
                0x0000000000003d94       0x48 /build/qf_apps/qf_ssi_ai_app/GCC_Project/output/s3x_clock.o
                0x0000000000003d94                _S3x_Clk_Set_Rate
 .text.S3x_Clk_Init
                0x0000000000003ddc      0x15c /build/qf_apps/qf_ssi_ai_app/GCC_Project/output/s3x_clock.o
                0x0000000000003ddc                S3x_Clk_Init
 .text.S3x_Clk_Enable
                0x0000000000003f38        0x4 /build/qf_apps/qf_ssi_ai_app/GCC_Project/output/s3x_clock_hal.o
                0x0000000000003f38                S3x_Clk_Enable
 .text.S3x_Clk_Disable
                0x0000000000003f3c        0x4 /build/qf_apps/qf_ssi_ai_app/GCC_Project/output/s3x_clock_hal.o
                0x0000000000003f3c                S3x_Clk_Disable
 .text.S3x_Clk_Get_Rate
                0x0000000000003f40        0x4 /build/qf_apps/qf_ssi_ai_app/GCC_Project/output/s3x_clock_hal.o
                0x0000000000003f40                S3x_Clk_Get_Rate
 .text.DFS_cpuload
                0x0000000000003f44       0x4c /build/qf_apps/qf_ssi_ai_app/GCC_Project/output/s3x_cpuload.o
                0x0000000000003f44                DFS_cpuload
 .text.DFS_updatesleepticks
                0x0000000000003f90       0x10 /build/qf_apps/qf_ssi_ai_app/GCC_Project/output/s3x_cpuload.o
                0x0000000000003f90                DFS_updatesleepticks
 .text.DFS_resetsleepticks
                0x0000000000003fa0        0xc /build/qf_apps/qf_ssi_ai_app/GCC_Project/output/s3x_cpuload.o
                0x0000000000003fa0                DFS_resetsleepticks
 .text.DFS_UpdateTimer
                0x0000000000003fac       0x5c /build/qf_apps/qf_ssi_ai_app/GCC_Project/output/s3x_dfs.o
 .text.DFS_StartTimer
                0x0000000000004008       0x88 /build/qf_apps/qf_ssi_ai_app/GCC_Project/output/s3x_dfs.o
                0x0000000000004008                DFS_StartTimer
 .text.s3x_suspend_dfs
                0x0000000000004090        0xc /build/qf_apps/qf_ssi_ai_app/GCC_Project/output/s3x_dfs.o
                0x0000000000004090                s3x_suspend_dfs
 .text.S3x_Set_Policy
                0x000000000000409c      0x108 /build/qf_apps/qf_ssi_ai_app/GCC_Project/output/s3x_dfs.o
                0x000000000000409c                S3x_Set_Policy
 .text.S3x_get_max_rate_dfs_node
                0x00000000000041a4       0x28 /build/qf_apps/qf_ssi_ai_app/GCC_Project/output/s3x_dfs.o
                0x00000000000041a4                S3x_get_max_rate_dfs_node
 .text.S3x_Stepup_Policy
                0x00000000000041cc       0x7c /build/qf_apps/qf_ssi_ai_app/GCC_Project/output/s3x_dfs.o
 .text.DFS_TimerCB
                0x0000000000004248        0xe /build/qf_apps/qf_ssi_ai_app/GCC_Project/output/s3x_dfs.o
 *fill*         0x0000000000004256        0x2 
 .text.DFS_AlignPolicy
                0x0000000000004258       0x38 /build/qf_apps/qf_ssi_ai_app/GCC_Project/output/s3x_dfs.o
                0x0000000000004258                DFS_AlignPolicy
 .text.S3x_Reduce_Hsosc
                0x0000000000004290       0x50 /build/qf_apps/qf_ssi_ai_app/GCC_Project/output/s3x_dfs.o
                0x0000000000004290                S3x_Reduce_Hsosc
 .text.DFS_fPolicyHasDeepSleep
                0x00000000000042e0       0x1c /build/qf_apps/qf_ssi_ai_app/GCC_Project/output/s3x_dfs.o
                0x00000000000042e0                DFS_fPolicyHasDeepSleep
 .text.DFS_SwitchToSleepPolicy
                0x00000000000042fc       0x7c /build/qf_apps/qf_ssi_ai_app/GCC_Project/output/s3x_dfs.o
                0x00000000000042fc                DFS_SwitchToSleepPolicy
 .text.DFS_RestoreFromSleep
                0x0000000000004378       0x34 /build/qf_apps/qf_ssi_ai_app/GCC_Project/output/s3x_dfs.o
                0x0000000000004378                DFS_RestoreFromSleep
 .text.s3x_get_index_in_dfs_node
                0x00000000000043ac       0x20 /build/qf_apps/qf_ssi_ai_app/GCC_Project/output/s3x_dfs.o
                0x00000000000043ac                s3x_get_index_in_dfs_node
 .text.s3x_get_policy_max_rate
                0x00000000000043cc       0x2c /build/qf_apps/qf_ssi_ai_app/GCC_Project/output/s3x_dfs.o
                0x00000000000043cc                s3x_get_policy_max_rate
 .text.S3x_Is_Dfs_En
                0x00000000000043f8       0x10 /build/qf_apps/qf_ssi_ai_app/GCC_Project/output/s3x_dfs.o
                0x00000000000043f8                S3x_Is_Dfs_En
 .text.S3x_Set_Dfs_st
                0x0000000000004408        0xc /build/qf_apps/qf_ssi_ai_app/GCC_Project/output/s3x_dfs.o
                0x0000000000004408                S3x_Set_Dfs_st
 .text.DFS_Get_Curr_Policy
                0x0000000000004414        0xc /build/qf_apps/qf_ssi_ai_app/GCC_Project/output/s3x_dfs.o
                0x0000000000004414                DFS_Get_Curr_Policy
 .text.DFS_Initialize
                0x0000000000004420       0x14 /build/qf_apps/qf_ssi_ai_app/GCC_Project/output/s3x_dfs.o
                0x0000000000004420                DFS_Initialize
 .text.trace_this
                0x0000000000004434       0x28 /build/qf_apps/qf_ssi_ai_app/GCC_Project/output/s3x_lpm.o
 .text.S3x_Register_Lpm_Cb
                0x000000000000445c       0x40 /build/qf_apps/qf_ssi_ai_app/GCC_Project/output/s3x_lpm.o
                0x000000000000445c                S3x_Register_Lpm_Cb
 .text.s3x_setup_systick_interrupt
                0x000000000000449c       0x54 /build/qf_apps/qf_ssi_ai_app/GCC_Project/output/s3x_lpm.o
                0x000000000000449c                s3x_setup_systick_interrupt
 .text.prvStopTickInterruptTimer
                0x00000000000044f0       0x10 /build/qf_apps/qf_ssi_ai_app/GCC_Project/output/s3x_lpm.o
                0x00000000000044f0                prvStopTickInterruptTimer
 .text.prvStartTickInterruptTimer
                0x0000000000004500        0x8 /build/qf_apps/qf_ssi_ai_app/GCC_Project/output/s3x_lpm.o
                0x0000000000004500                prvStartTickInterruptTimer
 .text.SysTick_Handler
                0x0000000000004508       0x12 /build/qf_apps/qf_ssi_ai_app/GCC_Project/output/s3x_lpm.o
                0x0000000000004508                SysTick_Handler
 .text.vPortSetupTimerInterrupt
                0x000000000000451a        0x6 /build/qf_apps/qf_ssi_ai_app/GCC_Project/output/s3x_lpm.o
                0x000000000000451a                vPortSetupTimerInterrupt
 .text.S3x_Pre_Lpm
                0x0000000000004520       0x20 /build/qf_apps/qf_ssi_ai_app/GCC_Project/output/s3x_lpm.o
                0x0000000000004520                S3x_Pre_Lpm
 .text.S3x_Post_Lpm
                0x0000000000004540       0x18 /build/qf_apps/qf_ssi_ai_app/GCC_Project/output/s3x_lpm.o
                0x0000000000004540                S3x_Post_Lpm
 .text.S3x_Lpm_Handler
                0x0000000000004558      0x3ac /build/qf_apps/qf_ssi_ai_app/GCC_Project/output/s3x_lpm.o
                0x0000000000004558                S3x_Lpm_Handler
 .text.s3x_get_pi
                0x0000000000004904       0x20 /build/qf_apps/qf_ssi_ai_app/GCC_Project/output/s3x_pi.o
                0x0000000000004904                s3x_get_pi
 .text.s3x_get_pi_gindex
                0x0000000000004924       0x14 /build/qf_apps/qf_ssi_ai_app/GCC_Project/output/s3x_pi.o
                0x0000000000004924                s3x_get_pi_gindex
 .text.s3x_pi_get_st
                0x0000000000004938       0x24 /build/qf_apps/qf_ssi_ai_app/GCC_Project/output/s3x_pi.o
                0x0000000000004938                s3x_pi_get_st
 .text.s3x_pi_set_cfg_st
                0x000000000000495c       0x94 /build/qf_apps/qf_ssi_ai_app/GCC_Project/output/s3x_pi.o
                0x000000000000495c                s3x_pi_set_cfg_st
 .text.s3x_pi_set_active_st
                0x00000000000049f0       0xa4 /build/qf_apps/qf_ssi_ai_app/GCC_Project/output/s3x_pi.o
                0x00000000000049f0                s3x_pi_set_active_st
 .text.s3x_pi_get_clkg_st
                0x0000000000004a94       0x36 /build/qf_apps/qf_ssi_ai_app/GCC_Project/output/s3x_pi.o
                0x0000000000004a94                s3x_pi_get_clkg_st
 .text.s3x_pi_set_clkg_st
                0x0000000000004aca       0x26 /build/qf_apps/qf_ssi_ai_app/GCC_Project/output/s3x_pi.o
                0x0000000000004aca                s3x_pi_set_clkg_st
 .text.s3x_set_pi_state
                0x0000000000004af0        0xc /build/qf_apps/qf_ssi_ai_app/GCC_Project/output/s3x_pi.o
                0x0000000000004af0                s3x_set_pi_state
 .text.s3x_get_pi_init_state
                0x0000000000004afc       0x18 /build/qf_apps/qf_ssi_ai_app/GCC_Project/output/s3x_pi.o
                0x0000000000004afc                s3x_get_pi_init_state
 .text.S3x_pi_init
                0x0000000000004b14       0x20 /build/qf_apps/qf_ssi_ai_app/GCC_Project/output/s3x_pi.o
                0x0000000000004b14                S3x_pi_init
 .text.S3x_pwrcfg_init
                0x0000000000004b34       0x2c /build/qf_apps/qf_ssi_ai_app/GCC_Project/output/s3x_pwrcfg.o
                0x0000000000004b34                S3x_pwrcfg_init
 .text.s3x_sram_in_lpm
                0x0000000000004b60       0x1c /build/qf_apps/qf_ssi_ai_app/GCC_Project/output/s3x_pwrcfg.o
                0x0000000000004b60                s3x_sram_in_lpm
 .text.S3x_get_qos_rate
                0x0000000000004b7c       0x38 /build/qf_apps/qf_ssi_ai_app/GCC_Project/output/s3x_qos.o
                0x0000000000004b7c                S3x_get_qos_rate
 .text.save_assert_info
                0x0000000000004bb4       0x74 /build/qf_apps/qf_ssi_ai_app/GCC_Project/output/sec_debug.o
                0x0000000000004bb4                save_assert_info
 .text.invoke_soft_fault
                0x0000000000004c28       0x20 /build/qf_apps/qf_ssi_ai_app/GCC_Project/output/sec_debug.o
                0x0000000000004c28                invoke_soft_fault
 .text._Z21sensor_ssss_ai_configPv
                0x0000000000004c48        0x2 /build/qf_apps/qf_ssi_ai_app/GCC_Project/output/sensor_ssss.o
                0x0000000000004c48                sensor_ssss_ai_config(void*)
 .text._Z20sensor_ssss_ai_startv
                0x0000000000004c4a        0x4 /build/qf_apps/qf_ssi_ai_app/GCC_Project/output/sensor_ssss.o
                0x0000000000004c4a                sensor_ssss_ai_start()
 *fill*         0x0000000000004c4e        0x2 
 .text._Z29sensor_ssss_ai_data_processorP16st_QAI_DataBlockS0_PS0_PFviiPviE
                0x0000000000004c50       0x24 /build/qf_apps/qf_ssi_ai_app/GCC_Project/output/sensor_ssss.o
                0x0000000000004c50                sensor_ssss_ai_data_processor(st_QAI_DataBlock*, st_QAI_DataBlock*, st_QAI_DataBlock**, void (*)(int, int, void*, int))
 .text._Z19sensor_ssss_ai_stopv
                0x0000000000004c74        0x4 /build/qf_apps/qf_ssi_ai_app/GCC_Project/output/sensor_ssss.o
                0x0000000000004c74                sensor_ssss_ai_stop()
 .text.sensor_ssss_acquisition_buffer_ready
                0x0000000000004c78       0x64 /build/qf_apps/qf_ssi_ai_app/GCC_Project/output/sensor_ssss.o
                0x0000000000004c78                sensor_ssss_acquisition_buffer_ready
 .text.sensor_ssss_acquisition_read_callback
                0x0000000000004cdc       0x5c /build/qf_apps/qf_ssi_ai_app/GCC_Project/output/sensor_ssss.o
                0x0000000000004cdc                sensor_ssss_acquisition_read_callback
 .text.sensor_ssss_dataTimer_Callback
                0x0000000000004d38        0x4 /build/qf_apps/qf_ssi_ai_app/GCC_Project/output/sensor_ssss.o
                0x0000000000004d38                sensor_ssss_dataTimer_Callback
 .text.sensor_ssss_dataTimerStart
                0x0000000000004d3c       0x64 /build/qf_apps/qf_ssi_ai_app/GCC_Project/output/sensor_ssss.o
                0x0000000000004d3c                sensor_ssss_dataTimerStart
 .text.sensor_ssss_dataTimerStop
                0x0000000000004da0       0x20 /build/qf_apps/qf_ssi_ai_app/GCC_Project/output/sensor_ssss.o
                0x0000000000004da0                sensor_ssss_dataTimerStop
 .text.sensor_ssss_startstop
                0x0000000000004dc0       0x2c /build/qf_apps/qf_ssi_ai_app/GCC_Project/output/sensor_ssss.o
                0x0000000000004dc0                sensor_ssss_startstop
 .text.sensor_ssss_configure
                0x0000000000004dec       0x54 /build/qf_apps/qf_ssi_ai_app/GCC_Project/output/sensor_ssss.o
                0x0000000000004dec                sensor_ssss_configure
 .text.sensor_ssss_set_first_data_block
                0x0000000000004e40       0x54 /build/qf_apps/qf_ssi_ai_app/GCC_Project/output/sensor_ssss.o
                0x0000000000004e40                sensor_ssss_set_first_data_block
 .text.sensor_ssss_block_processor
                0x0000000000004e94       0x5c /build/qf_apps/qf_ssi_ai_app/GCC_Project/output/sensor_ssss.o
                0x0000000000004e94                sensor_ssss_block_processor
 .text.startup._GLOBAL__sub_I_sensor_rate_debug_gpio_val
                0x0000000000004ef0        0xc /build/qf_apps/qf_ssi_ai_app/GCC_Project/output/sensor_ssss.o
 .text.sml_output_results
                0x0000000000004efc       0xb8 /build/qf_apps/qf_ssi_ai_app/GCC_Project/output/sml_output.o
                0x0000000000004efc                sml_output_results
 .text.sml_recognition_run_batch
                0x0000000000004fb4       0x50 /build/qf_apps/qf_ssi_ai_app/GCC_Project/output/sml_recognition_run.o
                0x0000000000004fb4                sml_recognition_run_batch
 .text.Reset_Handler
                0x0000000000005004       0x2c /build/qf_apps/qf_ssi_ai_app/GCC_Project/output/startup_EOSS3B_GCC.o
                0x0000000000005004                Reset_Handler
 .text.__semihost_call
                0x0000000000005030        0x6 /build/qf_apps/qf_ssi_ai_app/GCC_Project/output/startup_EOSS3B_GCC.o
                0x0000000000005030                __semihost_call
 *fill*         0x0000000000005036        0x2 
 .text.prvGetExpectedIdleTime
                0x0000000000005038       0x3c /build/qf_apps/qf_ssi_ai_app/GCC_Project/output/tasks.o
 .text.prvResetNextTaskUnblockTime
                0x0000000000005074       0x24 /build/qf_apps/qf_ssi_ai_app/GCC_Project/output/tasks.o
 .text.prvAddCurrentTaskToDelayedList
                0x0000000000005098       0x8c /build/qf_apps/qf_ssi_ai_app/GCC_Project/output/tasks.o
 .text.xTaskCreate
                0x0000000000005124      0x1e0 /build/qf_apps/qf_ssi_ai_app/GCC_Project/output/tasks.o
                0x0000000000005124                xTaskCreate
 .text.vTaskStartScheduler
                0x0000000000005304       0x98 /build/qf_apps/qf_ssi_ai_app/GCC_Project/output/tasks.o
                0x0000000000005304                vTaskStartScheduler
 .text.vTaskSuspendAll
                0x000000000000539c       0x10 /build/qf_apps/qf_ssi_ai_app/GCC_Project/output/tasks.o
                0x000000000000539c                vTaskSuspendAll
 .text.xTaskGetTickCount
                0x00000000000053ac        0xc /build/qf_apps/qf_ssi_ai_app/GCC_Project/output/tasks.o
                0x00000000000053ac                xTaskGetTickCount
 .text.xTaskGetTickCountFromISR
                0x00000000000053b8       0x10 /build/qf_apps/qf_ssi_ai_app/GCC_Project/output/tasks.o
                0x00000000000053b8                xTaskGetTickCountFromISR
 .text.vTaskStepTick
                0x00000000000053c8       0x44 /build/qf_apps/qf_ssi_ai_app/GCC_Project/output/tasks.o
                0x00000000000053c8                vTaskStepTick
 .text.xTaskIncrementTick
                0x000000000000540c      0x14c /build/qf_apps/qf_ssi_ai_app/GCC_Project/output/tasks.o
                0x000000000000540c                xTaskIncrementTick
 .text.xTaskResumeAll
                0x0000000000005558      0x100 /build/qf_apps/qf_ssi_ai_app/GCC_Project/output/tasks.o
                0x0000000000005558                xTaskResumeAll
 .text.prvIdleTask
                0x0000000000005658       0xc4 /build/qf_apps/qf_ssi_ai_app/GCC_Project/output/tasks.o
 .text.vTaskSwitchContext
                0x000000000000571c       0xb8 /build/qf_apps/qf_ssi_ai_app/GCC_Project/output/tasks.o
                0x000000000000571c                vTaskSwitchContext
 .text.vTaskPlaceOnEventList
                0x00000000000057d4       0x48 /build/qf_apps/qf_ssi_ai_app/GCC_Project/output/tasks.o
                0x00000000000057d4                vTaskPlaceOnEventList
 .text.vTaskPlaceOnEventListRestricted
                0x000000000000581c       0x50 /build/qf_apps/qf_ssi_ai_app/GCC_Project/output/tasks.o
                0x000000000000581c                vTaskPlaceOnEventListRestricted
 .text.xTaskRemoveFromEventList
                0x000000000000586c       0x9c /build/qf_apps/qf_ssi_ai_app/GCC_Project/output/tasks.o
                0x000000000000586c                xTaskRemoveFromEventList
 .text.vTaskInternalSetTimeOutState
                0x0000000000005908       0x18 /build/qf_apps/qf_ssi_ai_app/GCC_Project/output/tasks.o
                0x0000000000005908                vTaskInternalSetTimeOutState
 .text.xTaskCheckForTimeOut
                0x0000000000005920       0x94 /build/qf_apps/qf_ssi_ai_app/GCC_Project/output/tasks.o
                0x0000000000005920                xTaskCheckForTimeOut
 .text.vTaskMissedYield
                0x00000000000059b4        0xc /build/qf_apps/qf_ssi_ai_app/GCC_Project/output/tasks.o
                0x00000000000059b4                vTaskMissedYield
 .text.uxTaskGetTCBNumber
                0x00000000000059c0       0x14 /build/qf_apps/qf_ssi_ai_app/GCC_Project/output/tasks.o
                0x00000000000059c0                uxTaskGetTCBNumber
 .text.eTaskConfirmSleepModeStatus
                0x00000000000059d4       0x34 /build/qf_apps/qf_ssi_ai_app/GCC_Project/output/tasks.o
                0x00000000000059d4                eTaskConfirmSleepModeStatus
 .text.xTaskGetCurrentTaskHandle
                0x0000000000005a08        0xc /build/qf_apps/qf_ssi_ai_app/GCC_Project/output/tasks.o
                0x0000000000005a08                xTaskGetCurrentTaskHandle
 .text.xTaskGetSchedulerState
                0x0000000000005a14       0x20 /build/qf_apps/qf_ssi_ai_app/GCC_Project/output/tasks.o
                0x0000000000005a14                xTaskGetSchedulerState
 .text.xTaskPriorityInherit
                0x0000000000005a34       0xa8 /build/qf_apps/qf_ssi_ai_app/GCC_Project/output/tasks.o
                0x0000000000005a34                xTaskPriorityInherit
 .text.xTaskPriorityDisinherit
                0x0000000000005adc       0xc4 /build/qf_apps/qf_ssi_ai_app/GCC_Project/output/tasks.o
                0x0000000000005adc                xTaskPriorityDisinherit
 .text.vTaskPriorityDisinheritAfterTimeout
                0x0000000000005ba0       0xd8 /build/qf_apps/qf_ssi_ai_app/GCC_Project/output/tasks.o
                0x0000000000005ba0                vTaskPriorityDisinheritAfterTimeout
 .text.pvTaskIncrementMutexHeldCount
                0x0000000000005c78       0x18 /build/qf_apps/qf_ssi_ai_app/GCC_Project/output/tasks.o
                0x0000000000005c78                pvTaskIncrementMutexHeldCount
 .text.prvCheckForValidListAndQueue
                0x0000000000005c90       0x58 /build/qf_apps/qf_ssi_ai_app/GCC_Project/output/timers.o
 .text.prvInsertTimerInActiveList
                0x0000000000005ce8       0x3c /build/qf_apps/qf_ssi_ai_app/GCC_Project/output/timers.o
 .text.xTimerCreateTimerTask
                0x0000000000005d24       0x64 /build/qf_apps/qf_ssi_ai_app/GCC_Project/output/timers.o
                0x0000000000005d24                xTimerCreateTimerTask
 .text.xTimerCreate
                0x0000000000005d88       0x58 /build/qf_apps/qf_ssi_ai_app/GCC_Project/output/timers.o
                0x0000000000005d88                xTimerCreate
 .text.xTimerGenericCommand
                0x0000000000005de0       0x70 /build/qf_apps/qf_ssi_ai_app/GCC_Project/output/timers.o
                0x0000000000005de0                xTimerGenericCommand
 .text.prvSwitchTimerLists
                0x0000000000005e50       0x90 /build/qf_apps/qf_ssi_ai_app/GCC_Project/output/timers.o
 .text.prvTimerTask
                0x0000000000005ee0      0x218 /build/qf_apps/qf_ssi_ai_app/GCC_Project/output/timers.o
 .text          0x00000000000060f8      0x8c8 /build/qf_apps/qf_ssi_ai_app/knowledgepack/sensiml/libsensiml.a(kb.o)
                0x00000000000060f8                ring_buffer_init
                0x000000000000611c                kb_model_init
                0x00000000000061c8                kb_flush_model_buffer
                0x0000000000006234                flush_model
                0x0000000000006238                kb_data_streaming_reset
                0x0000000000006260                kb_reset_model
                0x0000000000006288                kb_reset_feature_banks
                0x000000000000629c                kb_feature_generation_reset
                0x00000000000062e0                kb_feature_generation_increment
                0x0000000000006304                kb_recognize
                0x0000000000006338                kb_feature_transform
                0x0000000000006354                kb_feature_generation
                0x000000000000637c                kb_data_streaming
                0x000000000000639c                kb_segmentation
                0x00000000000063c8                kb_run_model
                0x00000000000064d0                kb_run_model_with_cascade_reset
                0x00000000000065e0                kb_add_segment
                0x0000000000006634                kb_run_segment
                0x0000000000006720                kb_run_segment_with_cascade_reset
                0x000000000000683c                kb_add_last_pattern_to_model
                0x0000000000006840                kb_add_custom_pattern_to_model
                0x0000000000006844                kb_score_model
                0x0000000000006848                kb_retrain_model
                0x000000000000684c                kb_get_model_header
                0x0000000000006850                kb_get_model_pattern
                0x0000000000006854                kb_get_model_uuid_ptr
                0x000000000000686c                kb_get_feature_vector_size
                0x000000000000687c                kb_get_feature_vector_v2
                0x00000000000068a4                kb_get_feature_vector
                0x00000000000068d4                sml_get_segment_length
                0x00000000000068e8                kb_get_segment_length
                0x00000000000068f8                kb_get_segment_data
                0x0000000000006944                kb_set_feature_vector
                0x0000000000006978                kb_recognize_feature_vector
                0x00000000000069ac                kb_get_classification_result_info
                0x00000000000069b0                kb_print_model_score
                0x00000000000069b4                kb_get_segment_start
 .text          0x00000000000069c0       0x40 /build/qf_apps/qf_ssi_ai_app/knowledgepack/sensiml/libsensiml.a(sorted_copy.o)
                0x00000000000069c0                sorted_copy
 .text          0x0000000000006a00      0x10c /build/qf_apps/qf_ssi_ai_app/knowledgepack/sensiml/libsensiml.a(boosted_tree_ensemble.o)
                0x0000000000006a00                boosted_tree_classification
                0x0000000000006a34                boosted_tree_ensemble_classification
                0x0000000000006a90                boosted_tree_ensemble_simple_submit
                0x0000000000006b00                boosted_tree_ensemble_init
 .text          0x0000000000006b0c       0x2c /build/qf_apps/qf_ssi_ai_app/knowledgepack/sensiml/libsensiml.a(sg_windowing.o)
                0x0000000000006b0c                tr_windowing
                0x0000000000006b20                tr_windowing_init
 .text          0x0000000000006b38      0x250 /build/qf_apps/qf_ssi_ai_app/knowledgepack/sensiml/libsensiml.a(kb_pipeline.o)
                0x0000000000006b38                KB_data_streaming_BuddyPipeline_rank_0
                0x0000000000006b60                KB_data_segmentation_BuddyPipeline_rank_0
                0x0000000000006ba4                KB_feature_gen_model_BuddyPipeline_rank_0
                0x0000000000006d3c                KB_feature_transform_BuddyPipeline_rank_0
                0x0000000000006d78                KB_recognize_vector_BuddyPipeline_rank_0
 .text          0x0000000000006d88       0x4c /build/qf_apps/qf_ssi_ai_app/knowledgepack/sensiml/libsensiml.a(save_sensor_data.o)
                0x0000000000006d88                saveSensorData
                0x0000000000006dac                saveSenseDataOffset
 .text          0x0000000000006dd4       0x6c /build/qf_apps/qf_ssi_ai_app/knowledgepack/sensiml/libsensiml.a(sortarray.o)
                0x0000000000006dd4                sortarray
 .text          0x0000000000006e40       0x84 /build/qf_apps/qf_ssi_ai_app/knowledgepack/sensiml/libsensiml.a(fg_roc_mean_crossing_rate.o)
                0x0000000000006e40                fg_roc_mean_crossing_rate
 .text          0x0000000000006ec4      0x3c8 /build/qf_apps/qf_ssi_ai_app/knowledgepack/sensiml/libsensiml.a(crossing_rate.o)
                0x0000000000006ec4                crossing_rate
                0x0000000000006f74                crossing_rate_over_zero
                0x0000000000006fdc                crossing_rate_over_sum
                0x0000000000007050                number_of_crossings_over_threshold
                0x00000000000070a4                number_of_positive_crossings_over_threshold
                0x00000000000070fc                number_of_negative_crossings_over_threshold
                0x0000000000007154                number_of_crossings_over_threshold_regions
                0x00000000000071cc                number_of_positive_crossings_over_threshold_regions
                0x000000000000722c                number_of_negative_crossings_over_threshold_regions
 .text          0x000000000000728c       0x78 /build/qf_apps/qf_ssi_ai_app/knowledgepack/sensiml/libsensiml.a(fg_roc_sigma_crossing_rate.o)
                0x000000000000728c                fg_roc_sigma_crossing_rate
 .text          0x0000000000007304      0x210 /build/qf_apps/qf_ssi_ai_app/knowledgepack/sensiml/libsensiml.a(rb.o)
                0x0000000000007304                next_pow_2
                0x0000000000007320                rb_init
                0x000000000000732c                setup_rb
                0x0000000000007338                setup_rb_with_data
                0x0000000000007358                rb_read
                0x0000000000007364                rb_read_offset
                0x000000000000737c                rb_add
                0x00000000000073a0                rb_write
                0x00000000000073b4                get_axis_data
                0x00000000000073c0                rb_reset
                0x00000000000073cc                rb_step_head
                0x00000000000073d8                rb_valid
                0x00000000000073e4                rb_lock
                0x00000000000073ec                rb_unlock
                0x00000000000073f4                rb_status
                0x00000000000073f8                write_axis_data
                0x0000000000007404                multiply_axis_data
                0x000000000000741c                divide_axis_data
                0x0000000000007440                divide_axis_data_float
                0x0000000000007468                multiply_axis_data_float
                0x00000000000074dc                add_axis_data
                0x00000000000074f4                rb_num_items
                0x0000000000007504                rb_items
 .text          0x0000000000007514      0x168 /build/qf_apps/qf_ssi_ai_app/knowledgepack/sensiml/libsensiml.a(std.o)
                0x0000000000007514                f_std
                0x000000000000758c                i_std
                0x0000000000007604                kb_std
 .text          0x000000000000767c       0x78 /build/qf_apps/qf_ssi_ai_app/knowledgepack/sensiml/libsensiml.a(fg_stats_pct025.o)
                0x000000000000767c                fg_stats_pct025
 .text          0x00000000000076f4       0xd0 /build/qf_apps/qf_ssi_ai_app/knowledgepack/sensiml/libsensiml.a(stats_percentile_presorted.o)
                0x00000000000076f4                stats_percentile_presorted
 .text          0x00000000000077c4       0x78 /build/qf_apps/qf_ssi_ai_app/knowledgepack/sensiml/libsensiml.a(fg_stats_pct075.o)
                0x00000000000077c4                fg_stats_pct075
 *fill*         0x000000000000783c        0x4 
 .text          0x0000000000007840       0xd0 /build/qf_apps/qf_ssi_ai_app/knowledgepack/sensiml/libsensiml.a(fg_stats_skewness.o)
                0x0000000000007840                fg_stats_skewness
 .text          0x0000000000007910       0x70 /build/qf_apps/qf_ssi_ai_app/knowledgepack/sensiml/libsensiml.a(fg_stats_pct100.o)
                0x0000000000007910                fg_stats_pct100
 .text          0x0000000000007980       0x94 /build/qf_apps/qf_ssi_ai_app/knowledgepack/sensiml/libsensiml.a(fg_stats_abs_sum.o)
                0x0000000000007980                fg_stats_abs_sum
 .text          0x0000000000007a14       0x28 /build/qf_apps/qf_ssi_ai_app/knowledgepack/sensiml/libsensiml.a(utils_tr_sensor.o)
                0x0000000000007a14                tr_sensor_sensors
 .text          0x0000000000007a3c       0xa4 /build/qf_apps/qf_ssi_ai_app/knowledgepack/sensiml/libsensiml.a(fg_stats_kurtosis.o)
                0x0000000000007a3c                fg_stats_kurtosis
 .text          0x0000000000007ae0       0x54 /build/qf_apps/qf_ssi_ai_app/knowledgepack/sensiml/libsensiml.a(fg_stats_sum.o)
                0x0000000000007ae0                fg_stats_sum
 .text          0x0000000000007b34       0x7c /build/qf_apps/qf_ssi_ai_app/knowledgepack/sensiml/libsensiml.a(fg_roc_second_sigma_crossing_rate.o)
                0x0000000000007b34                fg_roc_second_sigma_crossing_rate
 .text          0x0000000000007bb0       0xe4 /build/qf_apps/qf_ssi_ai_app/knowledgepack/sensiml/libsensiml.a(fg_stats_median.o)
                0x0000000000007bb0                get_median
                0x0000000000007bf0                fg_stats_median
 .text          0x0000000000007c94       0x5c /build/qf_apps/qf_ssi_ai_app/knowledgepack/sensiml/libsensiml.a(sum.o)
                0x0000000000007c94                i_sum
                0x0000000000007cbc                sum
 .text          0x0000000000007cf0       0xb4 /build/qf_apps/qf_ssi_ai_app/knowledgepack/sensiml/libsensiml.a(mean.o)
                0x0000000000007cf0                mean
                0x0000000000007d5c                i_mean
 *fill*         0x0000000000007da4        0x4 
 .text          0x0000000000007da8       0xe0 /build/qf_apps/qf_ssi_ai_app/knowledgepack/sensiml/libsensiml.a(tr_min_max_scale.o)
                0x0000000000007da8                min_max_scale
 .text          0x0000000000007e88       0x88 /build/qf_apps/qf_ssi_ai_app/knowledgepack/sensiml/libsensiml.a(fg_stats_iqr.o)
                0x0000000000007e88                fg_stats_iqr
 .text          0x0000000000007f10       0x50 /build/qf_apps/qf_ssi_ai_app/knowledgepack/sensiml/libsensiml.a(fg_roc_zero_crossing_rate.o)
                0x0000000000007f10                fg_roc_zero_crossing_rate
 .text          0x0000000000007f60      0x1f0 /build/qf_apps/qf_ssi_ai_app/knowledgepack/sensiml/libsensiml.a(stat_moment.o)
                0x0000000000007f60                f_stat_moment
                0x00000000000080a4                i_stat_moment
                0x000000000000814c                stat_moment
 .text.modff    0x0000000000008150       0x64 /usr/local/gcc-arm-none-eabi-9-2020-q2-update/bin/../lib/gcc/arm-none-eabi/9.3.1/../../../../arm-none-eabi/lib/thumb/v7e-m+fp/hard/libm.a(lib_a-sf_modf.o)
                0x0000000000008150                modff
 *fill*         0x00000000000081b4        0x4 
 .text.pow      0x00000000000081b8      0x1a4 /usr/local/gcc-arm-none-eabi-9-2020-q2-update/bin/../lib/gcc/arm-none-eabi/9.3.1/../../../../arm-none-eabi/lib/thumb/v7e-m+fp/hard/libm.a(lib_a-w_pow.o)
                0x00000000000081b8                pow
 .text.sqrt     0x000000000000835c       0x74 /usr/local/gcc-arm-none-eabi-9-2020-q2-update/bin/../lib/gcc/arm-none-eabi/9.3.1/../../../../arm-none-eabi/lib/thumb/v7e-m+fp/hard/libm.a(lib_a-w_sqrt.o)
                0x000000000000835c                sqrt
 .text.__ieee754_pow
                0x00000000000083d0      0xbb4 /usr/local/gcc-arm-none-eabi-9-2020-q2-update/bin/../lib/gcc/arm-none-eabi/9.3.1/../../../../arm-none-eabi/lib/thumb/v7e-m+fp/hard/libm.a(lib_a-e_pow.o)
                0x00000000000083d0                __ieee754_pow
 .text.__ieee754_sqrt
                0x0000000000008f84      0x188 /usr/local/gcc-arm-none-eabi-9-2020-q2-update/bin/../lib/gcc/arm-none-eabi/9.3.1/../../../../arm-none-eabi/lib/thumb/v7e-m+fp/hard/libm.a(lib_a-e_sqrt.o)
                0x0000000000008f84                __ieee754_sqrt
 .text.fabs     0x000000000000910c       0x14 /usr/local/gcc-arm-none-eabi-9-2020-q2-update/bin/../lib/gcc/arm-none-eabi/9.3.1/../../../../arm-none-eabi/lib/thumb/v7e-m+fp/hard/libm.a(lib_a-s_fabs.o)
                0x000000000000910c                fabs
 .text.finite   0x0000000000009120       0x18 /usr/local/gcc-arm-none-eabi-9-2020-q2-update/bin/../lib/gcc/arm-none-eabi/9.3.1/../../../../arm-none-eabi/lib/thumb/v7e-m+fp/hard/libm.a(lib_a-s_finite.o)
                0x0000000000009120                finite
 .text.nan      0x0000000000009138       0x10 /usr/local/gcc-arm-none-eabi-9-2020-q2-update/bin/../lib/gcc/arm-none-eabi/9.3.1/../../../../arm-none-eabi/lib/thumb/v7e-m+fp/hard/libm.a(lib_a-s_nan.o)
                0x0000000000009138                nan
 .text.rint     0x0000000000009148      0x124 /usr/local/gcc-arm-none-eabi-9-2020-q2-update/bin/../lib/gcc/arm-none-eabi/9.3.1/../../../../arm-none-eabi/lib/thumb/v7e-m+fp/hard/libm.a(lib_a-s_rint.o)
                0x0000000000009148                rint
 *fill*         0x000000000000926c        0x4 
 .text.scalbn   0x0000000000009270      0x124 /usr/local/gcc-arm-none-eabi-9-2020-q2-update/bin/../lib/gcc/arm-none-eabi/9.3.1/../../../../arm-none-eabi/lib/thumb/v7e-m+fp/hard/libm.a(lib_a-s_scalbn.o)
                0x0000000000009270                scalbn
 .text          0x0000000000009394      0x378 /usr/local/gcc-arm-none-eabi-9-2020-q2-update/bin/../lib/gcc/arm-none-eabi/9.3.1/thumb/v7e-m+fp/hard/libgcc.a(_arm_addsubdf3.o)
                0x0000000000009394                __aeabi_drsub
                0x000000000000939c                __aeabi_dsub
                0x000000000000939c                __subdf3
                0x00000000000093a0                __adddf3
                0x00000000000093a0                __aeabi_dadd
                0x0000000000009618                __aeabi_ui2d
                0x0000000000009618                __floatunsidf
                0x0000000000009638                __floatsidf
                0x0000000000009638                __aeabi_i2d
                0x000000000000965c                __extendsfdf2
                0x000000000000965c                __aeabi_f2d
                0x00000000000096a0                __aeabi_ul2d
                0x00000000000096a0                __floatundidf
                0x00000000000096b0                __floatdidf
                0x00000000000096b0                __aeabi_l2d
 .text          0x000000000000970c      0x424 /usr/local/gcc-arm-none-eabi-9-2020-q2-update/bin/../lib/gcc/arm-none-eabi/9.3.1/thumb/v7e-m+fp/hard/libgcc.a(_arm_muldivdf3.o)
                0x000000000000970c                __aeabi_dmul
                0x000000000000970c                __muldf3
                0x0000000000009960                __aeabi_ddiv
                0x0000000000009960                __divdf3
 .text          0x0000000000009b30      0x110 /usr/local/gcc-arm-none-eabi-9-2020-q2-update/bin/../lib/gcc/arm-none-eabi/9.3.1/thumb/v7e-m+fp/hard/libgcc.a(_arm_cmpdf2.o)
                0x0000000000009b30                __gtdf2
                0x0000000000009b30                __gedf2
                0x0000000000009b38                __ltdf2
                0x0000000000009b38                __ledf2
                0x0000000000009b40                __cmpdf2
                0x0000000000009b40                __eqdf2
                0x0000000000009b40                __nedf2
                0x0000000000009bbc                __aeabi_cdrcmple
                0x0000000000009bcc                __aeabi_cdcmple
                0x0000000000009bcc                __aeabi_cdcmpeq
                0x0000000000009bdc                __aeabi_dcmpeq
                0x0000000000009bf0                __aeabi_dcmplt
                0x0000000000009c04                __aeabi_dcmple
                0x0000000000009c18                __aeabi_dcmpge
                0x0000000000009c2c                __aeabi_dcmpgt
 .text          0x0000000000009c40       0x2c /usr/local/gcc-arm-none-eabi-9-2020-q2-update/bin/../lib/gcc/arm-none-eabi/9.3.1/thumb/v7e-m+fp/hard/libgcc.a(_arm_unorddf2.o)
                0x0000000000009c40                __aeabi_dcmpun
                0x0000000000009c40                __unorddf2
 .text          0x0000000000009c6c       0x50 /usr/local/gcc-arm-none-eabi-9-2020-q2-update/bin/../lib/gcc/arm-none-eabi/9.3.1/thumb/v7e-m+fp/hard/libgcc.a(_arm_fixdfsi.o)
                0x0000000000009c6c                __fixdfsi
                0x0000000000009c6c                __aeabi_d2iz
 .text          0x0000000000009cbc       0xa0 /usr/local/gcc-arm-none-eabi-9-2020-q2-update/bin/../lib/gcc/arm-none-eabi/9.3.1/thumb/v7e-m+fp/hard/libgcc.a(_arm_truncdfsf2.o)
                0x0000000000009cbc                __aeabi_d2f
                0x0000000000009cbc                __truncdfsf2
 .text          0x0000000000009d5c      0x21c /usr/local/gcc-arm-none-eabi-9-2020-q2-update/bin/../lib/gcc/arm-none-eabi/9.3.1/thumb/v7e-m+fp/hard/libgcc.a(_arm_addsubsf3.o)
                0x0000000000009d5c                __aeabi_frsub
                0x0000000000009d64                __subsf3
                0x0000000000009d64                __aeabi_fsub
                0x0000000000009d68                __aeabi_fadd
                0x0000000000009d68                __addsf3
                0x0000000000009ec8                __aeabi_ui2f
                0x0000000000009ec8                __floatunsisf
                0x0000000000009ed0                __aeabi_i2f
                0x0000000000009ed0                __floatsisf
                0x0000000000009eec                __floatundisf
                0x0000000000009eec                __aeabi_ul2f
                0x0000000000009efc                __floatdisf
                0x0000000000009efc                __aeabi_l2f
 .text          0x0000000000009f78       0xa0 /usr/local/gcc-arm-none-eabi-9-2020-q2-update/bin/../lib/gcc/arm-none-eabi/9.3.1/thumb/v7e-m+fp/hard/libgcc.a(_aeabi_ldivmod.o)
                0x0000000000009f78                __aeabi_ldivmod
 .text          0x000000000000a018       0x30 /usr/local/gcc-arm-none-eabi-9-2020-q2-update/bin/../lib/gcc/arm-none-eabi/9.3.1/thumb/v7e-m+fp/hard/libgcc.a(_aeabi_uldivmod.o)
                0x000000000000a018                __aeabi_uldivmod
 .text          0x000000000000a048      0x2c4 /usr/local/gcc-arm-none-eabi-9-2020-q2-update/bin/../lib/gcc/arm-none-eabi/9.3.1/thumb/v7e-m+fp/hard/libgcc.a(_udivmoddi4.o)
                0x000000000000a048                __udivmoddi4
 .text          0x000000000000a30c      0x9b8 /usr/local/gcc-arm-none-eabi-9-2020-q2-update/bin/../lib/gcc/arm-none-eabi/9.3.1/thumb/v7e-m+fp/hard/libgcc.a(unwind-arm.o)
                0x000000000000a5b4                _Unwind_GetCFA
                0x000000000000a5b8                __gnu_Unwind_RaiseException
                0x000000000000a618                __gnu_Unwind_ForcedUnwind
                0x000000000000a62c                __gnu_Unwind_Resume
                0x000000000000a670                __gnu_Unwind_Resume_or_Rethrow
                0x000000000000a680                _Unwind_Complete
                0x000000000000a684                _Unwind_DeleteException
                0x000000000000a690                _Unwind_VRS_Get
                0x000000000000a6d8                _Unwind_VRS_Set
                0x000000000000a720                __gnu_Unwind_Backtrace
                0x000000000000aa40                __aeabi_unwind_cpp_pr0
                0x000000000000aa44                __aeabi_unwind_cpp_pr1
                0x000000000000aa48                __aeabi_unwind_cpp_pr2
                0x000000000000aa4c                _Unwind_VRS_Pop
 .text          0x000000000000acc4      0x1ac /usr/local/gcc-arm-none-eabi-9-2020-q2-update/bin/../lib/gcc/arm-none-eabi/9.3.1/thumb/v7e-m+fp/hard/libgcc.a(libunwind.o)
                0x000000000000acc4                __restore_core_regs
                0x000000000000acc4                restore_core_regs
                0x000000000000acdc                __gnu_Unwind_Restore_VFP
                0x000000000000ace4                __gnu_Unwind_Save_VFP
                0x000000000000acec                __gnu_Unwind_Restore_VFP_D
                0x000000000000acf4                __gnu_Unwind_Save_VFP_D
                0x000000000000acfc                __gnu_Unwind_Restore_VFP_D_16_to_31
                0x000000000000ad04                __gnu_Unwind_Save_VFP_D_16_to_31
                0x000000000000ad0c                __gnu_Unwind_Restore_WMMXD
                0x000000000000ad50                __gnu_Unwind_Save_WMMXD
                0x000000000000ad94                __gnu_Unwind_Restore_WMMXC
                0x000000000000ada8                __gnu_Unwind_Save_WMMXC
                0x000000000000adbc                ___Unwind_RaiseException
                0x000000000000adbc                _Unwind_RaiseException
                0x000000000000ade0                ___Unwind_Resume
                0x000000000000ade0                _Unwind_Resume
                0x000000000000ae04                _Unwind_Resume_or_Rethrow
                0x000000000000ae04                ___Unwind_Resume_or_Rethrow
                0x000000000000ae28                ___Unwind_ForcedUnwind
                0x000000000000ae28                _Unwind_ForcedUnwind
                0x000000000000ae4c                _Unwind_Backtrace
                0x000000000000ae4c                ___Unwind_Backtrace
 .text          0x000000000000ae70      0x340 /usr/local/gcc-arm-none-eabi-9-2020-q2-update/bin/../lib/gcc/arm-none-eabi/9.3.1/thumb/v7e-m+fp/hard/libgcc.a(pr-support.o)
                0x000000000000aec8                __gnu_unwind_execute
                0x000000000000b164                __gnu_unwind_frame
                0x000000000000b190                _Unwind_GetRegionStart
                0x000000000000b19c                _Unwind_GetLanguageSpecificData