Archive member included to satisfy reference by file (symbol)

/build/qf_apps/qf_ssi_ai_app/knowledgepack/sensiml/libsensiml.a(kb.o)
                              /build/qf_apps/qf_ssi_ai_app/GCC_Project/output/main.o (kb_model_init)
/build/qf_apps/qf_ssi_ai_app/knowledgepack/sensiml/libsensiml.a(pme.o)
                              /build/qf_apps/qf_ssi_ai_app/knowledgepack/sensiml/libsensiml.a(kb.o) (pme_simple_init)
/build/qf_apps/qf_ssi_ai_app/knowledgepack/sensiml/libsensiml.a(dsp_l1_distance.o)
                              /build/qf_apps/qf_ssi_ai_app/knowledgepack/sensiml/libsensiml.a(pme.o) (l1_distance)
/build/qf_apps/qf_ssi_ai_app/knowledgepack/sensiml/libsensiml.a(dsp_dtw_distance.o)
                              /build/qf_apps/qf_ssi_ai_app/knowledgepack/sensiml/libsensiml.a(pme.o) (compute_distance_matrix)
/build/qf_apps/qf_ssi_ai_app/knowledgepack/sensiml/libsensiml.a(sorted_copy.o)
                              /build/qf_apps/qf_ssi_ai_app/knowledgepack/sensiml/libsensiml.a(kb.o) (sorted_copy)
/build/qf_apps/qf_ssi_ai_app/knowledgepack/sensiml/libsensiml.a(utils_bitwise_abs_val.o)
                              /build/qf_apps/qf_ssi_ai_app/knowledgepack/sensiml/libsensiml.a(dsp_l1_distance.o) (bitwise_absolute_value)
/build/qf_apps/qf_ssi_ai_app/knowledgepack/sensiml/libsensiml.a(sg_windowing.o)
                              /build/qf_apps/qf_ssi_ai_app/knowledgepack/sensiml/libsensiml.a(kb.o) (tr_windowing_init)
/build/qf_apps/qf_ssi_ai_app/knowledgepack/sensiml/libsensiml.a(kb_pipeline.o)
                              /build/qf_apps/qf_ssi_ai_app/knowledgepack/sensiml/libsensiml.a(kb.o) (KB_data_streaming_BuddyPipeline_rank_0)
/build/qf_apps/qf_ssi_ai_app/knowledgepack/sensiml/libsensiml.a(save_sensor_data.o)
                              /build/qf_apps/qf_ssi_ai_app/knowledgepack/sensiml/libsensiml.a(kb_pipeline.o) (saveSensorData)
/build/qf_apps/qf_ssi_ai_app/knowledgepack/sensiml/libsensiml.a(pme_trained_neurons.o)
                              /build/qf_apps/qf_ssi_ai_app/knowledgepack/sensiml/libsensiml.a(kb.o) (kb_classifier_rows)
/build/qf_apps/qf_ssi_ai_app/knowledgepack/sensiml/libsensiml.a(sortarray.o)
                              /build/qf_apps/qf_ssi_ai_app/knowledgepack/sensiml/libsensiml.a(sorted_copy.o) (sortarray)
/build/qf_apps/qf_ssi_ai_app/knowledgepack/sensiml/libsensiml.a(dsp_lsup_distance.o)
                              /build/qf_apps/qf_ssi_ai_app/knowledgepack/sensiml/libsensiml.a(pme.o) (lsup_distance)
/build/qf_apps/qf_ssi_ai_app/knowledgepack/sensiml/libsensiml.a(rb.o)
                              /build/qf_apps/qf_ssi_ai_app/knowledgepack/sensiml/libsensiml.a(kb.o) (next_pow_2)
/build/qf_apps/qf_ssi_ai_app/knowledgepack/sensiml/libsensiml.a(fg_roc_second_sigma_crossing_rate.o)
                              /build/qf_apps/qf_ssi_ai_app/knowledgepack/sensiml/libsensiml.a(kb_pipeline.o) (fg_roc_second_sigma_crossing_rate)
/build/qf_apps/qf_ssi_ai_app/knowledgepack/sensiml/libsensiml.a(fg_roc_mean_crossing_rate.o)
                              /build/qf_apps/qf_ssi_ai_app/knowledgepack/sensiml/libsensiml.a(kb_pipeline.o) (fg_roc_mean_crossing_rate)
/build/qf_apps/qf_ssi_ai_app/knowledgepack/sensiml/libsensiml.a(utils_tr_sensor.o)
                              /build/qf_apps/qf_ssi_ai_app/knowledgepack/sensiml/libsensiml.a(kb_pipeline.o) (tr_sensor_sensors)
/build/qf_apps/qf_ssi_ai_app/knowledgepack/sensiml/libsensiml.a(tr_min_max_scale.o)
                              /build/qf_apps/qf_ssi_ai_app/knowledgepack/sensiml/libsensiml.a(kb_pipeline.o) (min_max_scale)
/build/qf_apps/qf_ssi_ai_app/knowledgepack/sensiml/libsensiml.a(std.o)
                              /build/qf_apps/qf_ssi_ai_app/knowledgepack/sensiml/libsensiml.a(fg_roc_second_sigma_crossing_rate.o) (kb_std)
/build/qf_apps/qf_ssi_ai_app/knowledgepack/sensiml/libsensiml.a(mean.o)
                              /build/qf_apps/qf_ssi_ai_app/knowledgepack/sensiml/libsensiml.a(std.o) (mean)
/build/qf_apps/qf_ssi_ai_app/knowledgepack/sensiml/libsensiml.a(fg_roc_zero_crossing_rate.o)
                              /build/qf_apps/qf_ssi_ai_app/knowledgepack/sensiml/libsensiml.a(kb_pipeline.o) (fg_roc_zero_crossing_rate)
/build/qf_apps/qf_ssi_ai_app/knowledgepack/sensiml/libsensiml.a(utils_array_max_uint8.o)
                              /build/qf_apps/qf_ssi_ai_app/knowledgepack/sensiml/libsensiml.a(dsp_lsup_distance.o) (array_max_uint8)
/build/qf_apps/qf_ssi_ai_app/knowledgepack/sensiml/libsensiml.a(crossing_rate.o)
                              /build/qf_apps/qf_ssi_ai_app/knowledgepack/sensiml/libsensiml.a(fg_roc_second_sigma_crossing_rate.o) (crossing_rate)
/usr/local/gcc-arm-none-eabi-9-2020-q2-update/bin/../lib/gcc/arm-none-eabi/9.3.1/../../../../arm-none-eabi/lib/thumb/v7e-m+fp/hard/libm.a(lib_a-w_sqrt.o)
                              /build/qf_apps/qf_ssi_ai_app/knowledgepack/sensiml/libsensiml.a(std.o) (sqrt)
[...]
Memory Configuration

Name             Origin             Length             Attributes
rom              0x0000000000000000 0x0000000000027000 xr
ram              0x0000000020027000 0x000000000003c800 xrw
spiram           0x0000000020063800 0x0000000000000800 rw
HWA              0x0000000020064000 0x0000000000018000 rw
shm              0x000000002007c000 0x0000000000004000
*default*        0x0000000000000000 0xffffffffffffffff

Linker script and memory map

LOAD /usr/local/gcc-arm-none-eabi-9-2020-q2-update/bin/../lib/gcc/arm-none-eabi/9.3.1/thumb/v7e-m+fp/hard/crti.o
LOAD /usr/local/gcc-arm-none-eabi-9-2020-q2-update/bin/../lib/gcc/arm-none-eabi/9.3.1/thumb/v7e-m+fp/hard/crtbegin.o
LOAD /usr/local/gcc-arm-none-eabi-9-2020-q2-update/bin/../lib/gcc/arm-none-eabi/9.3.1/../../../../arm-none-eabi/lib/thumb/v7e-m+fp/hard/crt0.o
LOAD /build/qf_apps/qf_ssi_ai_app/GCC_Project/output/Wire.o
LOAD /build/qf_apps/qf_ssi_ai_app/GCC_Project/output/c_lib_retarget.o
LOAD /build/qf_apps/qf_ssi_ai_app/GCC_Project/output/circularBuffQueue.o
LOAD /build/qf_apps/qf_ssi_ai_app/GCC_Project/output/cli_args.o
LOAD /build/qf_apps/qf_ssi_ai_app/GCC_Project/output/cli_hexdump.o
LOAD /build/qf_apps/qf_ssi_ai_app/GCC_Project/output/cli_io.o
LOAD /build/qf_apps/qf_ssi_ai_app/GCC_Project/output/cli_loop.o
LOAD /build/qf_apps/qf_ssi_ai_app/GCC_Project/output/cli_misc.o
LOAD /build/qf_apps/qf_ssi_ai_app/GCC_Project/output/cli_platform.o
LOAD /build/qf_apps/qf_ssi_ai_app/GCC_Project/output/cli_stdcmds.o
LOAD /build/qf_apps/qf_ssi_ai_app/GCC_Project/output/crc16.o
LOAD /build/qf_apps/qf_ssi_ai_app/GCC_Project/output/crc32.o
LOAD /build/qf_apps/qf_ssi_ai_app/GCC_Project/output/croutine.o
LOAD /build/qf_apps/qf_ssi_ai_app/GCC_Project/output/datablk_mgr.o
LOAD /build/qf_apps/qf_ssi_ai_app/GCC_Project/output/datablk_processor.o
LOAD /build/qf_apps/qf_ssi_ai_app/GCC_Project/output/dbg_bufferedprinttask.o
LOAD /build/qf_apps/qf_ssi_ai_app/GCC_Project/output/dbg_queue_monitor.o
LOAD /build/qf_apps/qf_ssi_ai_app/GCC_Project/output/dbg_uart.o
LOAD /build/qf_apps/qf_ssi_ai_app/GCC_Project/output/dbgtrace.o
LOAD /build/qf_apps/qf_ssi_ai_app/GCC_Project/output/eoss3_hal_adc.o
LOAD /build/qf_apps/qf_ssi_ai_app/GCC_Project/output/eoss3_hal_audio.o
LOAD /build/qf_apps/qf_ssi_ai_app/GCC_Project/output/eoss3_hal_fpga_usbserial.o
LOAD /build/qf_apps/qf_ssi_ai_app/GCC_Project/output/eoss3_hal_gpio.o
LOAD /build/qf_apps/qf_ssi_ai_app/GCC_Project/output/eoss3_hal_i2c.o
LOAD /build/qf_apps/qf_ssi_ai_app/GCC_Project/output/eoss3_hal_i2s.o
LOAD /build/qf_apps/qf_ssi_ai_app/GCC_Project/output/eoss3_hal_i2s_slave_assp.o
LOAD /build/qf_apps/qf_ssi_ai_app/GCC_Project/output/eoss3_hal_pad_config.o
LOAD /build/qf_apps/qf_ssi_ai_app/GCC_Project/output/eoss3_hal_pkfb.o
LOAD /build/qf_apps/qf_ssi_ai_app/GCC_Project/output/eoss3_hal_rtc.o
LOAD /build/qf_apps/qf_ssi_ai_app/GCC_Project/output/eoss3_hal_sdma.o
LOAD /build/qf_apps/qf_ssi_ai_app/GCC_Project/output/eoss3_hal_spi.o
LOAD /build/qf_apps/qf_ssi_ai_app/GCC_Project/output/eoss3_hal_timer.o
LOAD /build/qf_apps/qf_ssi_ai_app/GCC_Project/output/eoss3_hal_uart.o
LOAD /build/qf_apps/qf_ssi_ai_app/GCC_Project/output/eoss3_hal_wb.o
LOAD /build/qf_apps/qf_ssi_ai_app/GCC_Project/output/eoss3_hal_wdt.o
LOAD /build/qf_apps/qf_ssi_ai_app/GCC_Project/output/event_groups.o
LOAD /build/qf_apps/qf_ssi_ai_app/GCC_Project/output/exceptions.o
LOAD /build/qf_apps/qf_ssi_ai_app/GCC_Project/output/fpga_loader.o
LOAD /build/qf_apps/qf_ssi_ai_app/GCC_Project/output/freertos_static_memory.o
LOAD /build/qf_apps/qf_ssi_ai_app/GCC_Project/output/heap_4.o
LOAD /build/qf_apps/qf_ssi_ai_app/GCC_Project/output/hearable_pwrcfg.o
LOAD /build/qf_apps/qf_ssi_ai_app/GCC_Project/output/leds.o
LOAD /build/qf_apps/qf_ssi_ai_app/GCC_Project/output/list.o
LOAD /build/qf_apps/qf_ssi_ai_app/GCC_Project/output/main.o
LOAD /build/qf_apps/qf_ssi_ai_app/GCC_Project/output/main_dbg_cli_menu.o
LOAD /build/qf_apps/qf_ssi_ai_app/GCC_Project/output/mc3635.o
LOAD /build/qf_apps/qf_ssi_ai_app/GCC_Project/output/mc3635_wire.o
LOAD /build/qf_apps/qf_ssi_ai_app/GCC_Project/output/micro_tick64.o
LOAD /build/qf_apps/qf_ssi_ai_app/GCC_Project/output/pincfg_table.o
LOAD /build/qf_apps/qf_ssi_ai_app/GCC_Project/output/port.o
LOAD /build/qf_apps/qf_ssi_ai_app/GCC_Project/output/qf_baremetalsetup.o
LOAD /build/qf_apps/qf_ssi_ai_app/GCC_Project/output/qf_hardwaresetup.o
LOAD /build/qf_apps/qf_ssi_ai_app/GCC_Project/output/ql_base64.o
LOAD /build/qf_apps/qf_ssi_ai_app/GCC_Project/output/ql_stackwatermark.o
LOAD /build/qf_apps/qf_ssi_ai_app/GCC_Project/output/ql_test_signals.o
LOAD /build/qf_apps/qf_ssi_ai_app/GCC_Project/output/ql_time.o
LOAD /build/qf_apps/qf_ssi_ai_app/GCC_Project/output/queue.o
LOAD /build/qf_apps/qf_ssi_ai_app/GCC_Project/output/s3x_clock.o
LOAD /build/qf_apps/qf_ssi_ai_app/GCC_Project/output/s3x_clock_hal.o
LOAD /build/qf_apps/qf_ssi_ai_app/GCC_Project/output/s3x_cpuload.o
LOAD /build/qf_apps/qf_ssi_ai_app/GCC_Project/output/s3x_dfs.o
LOAD /build/qf_apps/qf_ssi_ai_app/GCC_Project/output/s3x_lpm.o
LOAD /build/qf_apps/qf_ssi_ai_app/GCC_Project/output/s3x_pi.o
LOAD /build/qf_apps/qf_ssi_ai_app/GCC_Project/output/s3x_pwrcfg.o
LOAD /build/qf_apps/qf_ssi_ai_app/GCC_Project/output/s3x_qos.o
LOAD /build/qf_apps/qf_ssi_ai_app/GCC_Project/output/sec_debug.o
LOAD /build/qf_apps/qf_ssi_ai_app/GCC_Project/output/sensor_audio_acquisition.o
LOAD /build/qf_apps/qf_ssi_ai_app/GCC_Project/output/sensor_audio_acquisition_test.o
LOAD /build/qf_apps/qf_ssi_ai_app/GCC_Project/output/sensor_audio_config.o
LOAD /build/qf_apps/qf_ssi_ai_app/GCC_Project/output/sensor_audio_process.o
LOAD /build/qf_apps/qf_ssi_ai_app/GCC_Project/output/sensor_ssss.o
LOAD /build/qf_apps/qf_ssi_ai_app/GCC_Project/output/sml_output.o
LOAD /build/qf_apps/qf_ssi_ai_app/GCC_Project/output/sml_recognition_run.o
LOAD /build/qf_apps/qf_ssi_ai_app/GCC_Project/output/spi_flash.o
LOAD /build/qf_apps/qf_ssi_ai_app/GCC_Project/output/ssi_comms.o
LOAD /build/qf_apps/qf_ssi_ai_app/GCC_Project/output/startup_EOSS3B_GCC.o
LOAD /build/qf_apps/qf_ssi_ai_app/GCC_Project/output/stream_buffer.o
LOAD /build/qf_apps/qf_ssi_ai_app/GCC_Project/output/tasks.o
LOAD /build/qf_apps/qf_ssi_ai_app/GCC_Project/output/timers.o
LOAD /build/qf_apps/qf_ssi_ai_app/GCC_Project/output/usb2serial.o
LOAD /build/qf_apps/qf_ssi_ai_app/GCC_Project/output/vectors_CM4F_gcc.o
LOAD /build/qf_apps/qf_ssi_ai_app/GCC_Project/output/watchdog.o
LOAD /build/qf_apps/qf_ssi_ai_app/knowledgepack/sensiml/libsensiml.a
LOAD /build/qf_apps/qf_ssi_ai_app/GCC_Project/../../../Libraries/CMSIS/lib/GCC/libarm_cortexM4lf_math.a
LOAD /usr/local/gcc-arm-none-eabi-9-2020-q2-update/bin/../lib/gcc/arm-none-eabi/9.3.1/../../../../arm-none-eabi/lib/thumb/v7e-m+fp/hard/libstdc++_nano.a
LOAD /usr/local/gcc-arm-none-eabi-9-2020-q2-update/bin/../lib/gcc/arm-none-eabi/9.3.1/../../../../arm-none-eabi/lib/thumb/v7e-m+fp/hard/libm.a
START GROUP
LOAD /usr/local/gcc-arm-none-eabi-9-2020-q2-update/bin/../lib/gcc/arm-none-eabi/9.3.1/thumb/v7e-m+fp/hard/libgcc.a
LOAD /usr/local/gcc-arm-none-eabi-9-2020-q2-update/bin/../lib/gcc/arm-none-eabi/9.3.1/../../../../arm-none-eabi/lib/thumb/v7e-m+fp/hard/libg_nano.a
LOAD /usr/local/gcc-arm-none-eabi-9-2020-q2-update/bin/../lib/gcc/arm-none-eabi/9.3.1/../../../../arm-none-eabi/lib/thumb/v7e-m+fp/hard/libc_nano.a
END GROUP
START GROUP
LOAD /usr/local/gcc-arm-none-eabi-9-2020-q2-update/bin/../lib/gcc/arm-none-eabi/9.3.1/thumb/v7e-m+fp/hard/libgcc.a
LOAD /usr/local/gcc-arm-none-eabi-9-2020-q2-update/bin/../lib/gcc/arm-none-eabi/9.3.1/../../../../arm-none-eabi/lib/thumb/v7e-m+fp/hard/libc_nano.a
LOAD /usr/local/gcc-arm-none-eabi-9-2020-q2-update/bin/../lib/gcc/arm-none-eabi/9.3.1/../../../../arm-none-eabi/lib/thumb/v7e-m+fp/hard/libnosys.a
END GROUP
START GROUP
LOAD /usr/local/gcc-arm-none-eabi-9-2020-q2-update/bin/../lib/gcc/arm-none-eabi/9.3.1/thumb/v7e-m+fp/hard/libgcc.a
LOAD /usr/local/gcc-arm-none-eabi-9-2020-q2-update/bin/../lib/gcc/arm-none-eabi/9.3.1/../../../../arm-none-eabi/lib/thumb/v7e-m+fp/hard/libc_nano.a
LOAD /usr/local/gcc-arm-none-eabi-9-2020-q2-update/bin/../lib/gcc/arm-none-eabi/9.3.1/../../../../arm-none-eabi/lib/thumb/v7e-m+fp/hard/libnosys.a
END GROUP
LOAD /usr/local/gcc-arm-none-eabi-9-2020-q2-update/bin/../lib/gcc/arm-none-eabi/9.3.1/thumb/v7e-m+fp/hard/crtend.o
LOAD /usr/local/gcc-arm-none-eabi-9-2020-q2-update/bin/../lib/gcc/arm-none-eabi/9.3.1/thumb/v7e-m+fp/hard/crtn.o

.text           0x0000000000000000     0xb88f
 *(.isr_vector)
 .isr_vector    0x0000000000000000      0x124 /build/qf_apps/qf_ssi_ai_app/GCC_Project/output/vectors_CM4F_gcc.o
                0x0000000000000000                __Vectors
 *(.text*)
 .text          0x0000000000000124       0x40 /usr/local/gcc-arm-none-eabi-9-2020-q2-update/bin/../lib/gcc/arm-none-eabi/9.3.1/thumb/v7e-m+fp/hard/crtbegin.o
 .text          0x0000000000000164       0x7c /usr/local/gcc-arm-none-eabi-9-2020-q2-update/bin/../lib/gcc/arm-none-eabi/9.3.1/../../../../arm-none-eabi/lib/thumb/v7e-m+fp/hard/crt0.o
                0x0000000000000164                _stack_init
                0x000000000000016c                _mainCRTStartup
                0x000000000000016c                _start
 .text._write   0x00000000000001e0        0xe /build/qf_apps/qf_ssi_ai_app/GCC_Project/output/c_lib_retarget.o
                0x00000000000001e0                _write
 .text._close   0x00000000000001ee        0x6 /build/qf_apps/qf_ssi_ai_app/GCC_Project/output/c_lib_retarget.o
                0x00000000000001ee                _close
 .text._lseek   0x00000000000001f4        0x4 /build/qf_apps/qf_ssi_ai_app/GCC_Project/output/c_lib_retarget.o
                0x00000000000001f4                _lseek
 .text._read    0x00000000000001f8        0x4 /build/qf_apps/qf_ssi_ai_app/GCC_Project/output/c_lib_retarget.o
                0x00000000000001f8                _read
 .text.datablk_mgr_acquire_common
                0x00000000000001fc       0x84 /build/qf_apps/qf_ssi_ai_app/GCC_Project/output/datablk_mgr.o
 .text.datablk_mgr_init
                0x0000000000000280       0xd8 /build/qf_apps/qf_ssi_ai_app/GCC_Project/output/datablk_mgr.o
                0x0000000000000280                datablk_mgr_init
 .text.datablk_mgr_acquire
                0x0000000000000358        0x6 /build/qf_apps/qf_ssi_ai_app/GCC_Project/output/datablk_mgr.o
                0x0000000000000358                datablk_mgr_acquire
 .text.datablk_mgr_acquireFromISR
                0x000000000000035e        0x8 /build/qf_apps/qf_ssi_ai_app/GCC_Project/output/datablk_mgr.o
                0x000000000000035e                datablk_mgr_acquireFromISR
 .text.datablk_mgr_usecount_increment
                0x0000000000000366       0x18 /build/qf_apps/qf_ssi_ai_app/GCC_Project/output/datablk_mgr.o
                0x0000000000000366                datablk_mgr_usecount_increment
 .text.datablk_mgr_validity_check
                0x000000000000037e       0x1a /build/qf_apps/qf_ssi_ai_app/GCC_Project/output/datablk_mgr.o
                0x000000000000037e                datablk_mgr_validity_check
 .text.datablk_mgr_release_common
                0x0000000000000398       0x8c /build/qf_apps/qf_ssi_ai_app/GCC_Project/output/datablk_mgr.o
                0x0000000000000398                datablk_mgr_release_common
 .text.datablk_mgr_release
                0x0000000000000424        0x6 /build/qf_apps/qf_ssi_ai_app/GCC_Project/output/datablk_mgr.o
                0x0000000000000424                datablk_mgr_release
 *fill*         0x000000000000042a        0x2 
 .text.datablk_mgr_WriteDataBufferToQueues
                0x000000000000042c       0x70 /build/qf_apps/qf_ssi_ai_app/GCC_Project/output/datablk_mgr.o
                0x000000000000042c                datablk_mgr_WriteDataBufferToQueues
 .text.datablk_mgr_WriteDataBufferToQueuesFromISR
                0x000000000000049c       0x60 /build/qf_apps/qf_ssi_ai_app/GCC_Project/output/datablk_mgr.o
                0x000000000000049c                datablk_mgr_WriteDataBufferToQueuesFromISR
 .text.datablk_processor_task
                0x00000000000004fc      0x118 /build/qf_apps/qf_ssi_ai_app/GCC_Project/output/datablk_processor.o
 .text.datablk_pe_process_bypass_func
                0x0000000000000614       0x18 /build/qf_apps/qf_ssi_ai_app/GCC_Project/output/datablk_processor.o
 .text.datablk_processor_task_setup
                0x000000000000062c       0x48 /build/qf_apps/qf_ssi_ai_app/GCC_Project/output/datablk_processor.o
                0x000000000000062c                datablk_processor_task_setup
 .text.__debug_lockup
                0x0000000000000674       0x14 /build/qf_apps/qf_ssi_ai_app/GCC_Project/output/dbg_uart.o
 .text._semihost_write
                0x0000000000000688       0x54 /build/qf_apps/qf_ssi_ai_app/GCC_Project/output/dbg_uart.o
                0x0000000000000688                _semihost_write
 .text.dbg_ch_raw
                0x00000000000006dc       0x74 /build/qf_apps/qf_ssi_ai_app/GCC_Project/output/dbg_uart.o
                0x00000000000006dc                dbg_ch_raw
 .text.dbg_nl   0x0000000000000750       0x12 /build/qf_apps/qf_ssi_ai_app/GCC_Project/output/dbg_uart.o
                0x0000000000000750                dbg_nl
 .text.dbg_ch   0x0000000000000762        0xc /build/qf_apps/qf_ssi_ai_app/GCC_Project/output/dbg_uart.o
                0x0000000000000762                dbg_ch
 .text.dbg_hex4
                0x000000000000076e       0x14 /build/qf_apps/qf_ssi_ai_app/GCC_Project/output/dbg_uart.o
 .text.dbg_hex8
                0x0000000000000782       0x14 /build/qf_apps/qf_ssi_ai_app/GCC_Project/output/dbg_uart.o
                0x0000000000000782                dbg_hex8
 .text.dbg_hex16
                0x0000000000000796       0x14 /build/qf_apps/qf_ssi_ai_app/GCC_Project/output/dbg_uart.o
                0x0000000000000796                dbg_hex16
 .text.dbg_hex32
                0x00000000000007aa       0x14 /build/qf_apps/qf_ssi_ai_app/GCC_Project/output/dbg_uart.o
                0x00000000000007aa                dbg_hex32
 .text._dbg_int
                0x00000000000007be       0x20 /build/qf_apps/qf_ssi_ai_app/GCC_Project/output/dbg_uart.o
 .text.dbg_memdumpx
                0x00000000000007de       0xea /build/qf_apps/qf_ssi_ai_app/GCC_Project/output/dbg_uart.o
 .text.dbg_str  0x00000000000008c8       0x84 /build/qf_apps/qf_ssi_ai_app/GCC_Project/output/dbg_uart.o
                0x00000000000008c8                dbg_str
 .text._dbg_str_xxx
                0x000000000000094c       0x16 /build/qf_apps/qf_ssi_ai_app/GCC_Project/output/dbg_uart.o
 .text.dbg_str_hexXX
                0x0000000000000962       0x22 /build/qf_apps/qf_ssi_ai_app/GCC_Project/output/dbg_uart.o
 .text.dbg_int  0x0000000000000984       0x24 /build/qf_apps/qf_ssi_ai_app/GCC_Project/output/dbg_uart.o
                0x0000000000000984                dbg_int
 .text.dbg_str_str
                0x00000000000009a8       0x16 /build/qf_apps/qf_ssi_ai_app/GCC_Project/output/dbg_uart.o
                0x00000000000009a8                dbg_str_str
 .text.dbg_str_int
                0x00000000000009be       0x16 /build/qf_apps/qf_ssi_ai_app/GCC_Project/output/dbg_uart.o
                0x00000000000009be                dbg_str_int
 .text.dbg_str_int_noln
                0x00000000000009d4       0x12 /build/qf_apps/qf_ssi_ai_app/GCC_Project/output/dbg_uart.o
                0x00000000000009d4                dbg_str_int_noln
 *fill*         0x00000000000009e6        0x2 
 .text.dbg_str_hex32
                0x00000000000009e8        0xc /build/qf_apps/qf_ssi_ai_app/GCC_Project/output/dbg_uart.o
                0x00000000000009e8                dbg_str_hex32
 .text.dbg_fatal_error
                0x00000000000009f4       0x12 /build/qf_apps/qf_ssi_ai_app/GCC_Project/output/dbg_uart.o
                0x00000000000009f4                dbg_fatal_error
 .text.dbg_fatal_error_int
                0x0000000000000a06        0xe /build/qf_apps/qf_ssi_ai_app/GCC_Project/output/dbg_uart.o
                0x0000000000000a06                dbg_fatal_error_int
 .text.dbg_memdump32
                0x0000000000000a14       0x1e /build/qf_apps/qf_ssi_ai_app/GCC_Project/output/dbg_uart.o
                0x0000000000000a14                dbg_memdump32
 *fill*         0x0000000000000a32        0x2 
 .text.config_voice_interrupts
                0x0000000000000a34       0x28 /build/qf_apps/qf_ssi_ai_app/GCC_Project/output/eoss3_hal_audio.o
 .text.disableAudioNvicInterrupts
                0x0000000000000a5c       0x48 /build/qf_apps/qf_ssi_ai_app/GCC_Project/output/eoss3_hal_audio.o
 .text.pdmConnectorInit
                0x0000000000000aa4        0x4 /build/qf_apps/qf_ssi_ai_app/GCC_Project/output/eoss3_hal_audio.o
 .text.enableAudioClocks
                0x0000000000000aa8       0x1a /build/qf_apps/qf_ssi_ai_app/GCC_Project/output/eoss3_hal_audio.o
                0x0000000000000aa8                enableAudioClocks
 .text.disableAudioClocks
                0x0000000000000ac2       0x1a /build/qf_apps/qf_ssi_ai_app/GCC_Project/output/eoss3_hal_audio.o
                0x0000000000000ac2                disableAudioClocks
 .text.post_first_pdm_dma_after_lpsd
                0x0000000000000adc       0x5c /build/qf_apps/qf_ssi_ai_app/GCC_Project/output/eoss3_hal_audio.o
                0x0000000000000adc                post_first_pdm_dma_after_lpsd
 .text.pdmConnectorStart
                0x0000000000000b38      0x100 /build/qf_apps/qf_ssi_ai_app/GCC_Project/output/eoss3_hal_audio.o
 .text.HAL_Audio_StartDMA
                0x0000000000000c38       0x38 /build/qf_apps/qf_ssi_ai_app/GCC_Project/output/eoss3_hal_audio.o
                0x0000000000000c38                HAL_Audio_StartDMA
 .text.HAL_Audio_StopDMA
                0x0000000000000c70       0x54 /build/qf_apps/qf_ssi_ai_app/GCC_Project/output/eoss3_hal_audio.o
                0x0000000000000c70                HAL_Audio_StopDMA
 .text.pdmConnectorStop
                0x0000000000000cc4        0x4 /build/qf_apps/qf_ssi_ai_app/GCC_Project/output/eoss3_hal_audio.o
 .text.HAL_Audio_Start
                0x0000000000000cc8       0xa8 /build/qf_apps/qf_ssi_ai_app/GCC_Project/output/eoss3_hal_audio.o
                0x0000000000000cc8                HAL_Audio_Start
 .text.HAL_Audio_Stop
                0x0000000000000d70       0x32 /build/qf_apps/qf_ssi_ai_app/GCC_Project/output/eoss3_hal_audio.o
                0x0000000000000d70                HAL_Audio_Stop
 *fill*         0x0000000000000da2        0x2 
 .text.onDmac0BlockDone
                0x0000000000000da4       0x20 /build/qf_apps/qf_ssi_ai_app/GCC_Project/output/eoss3_hal_audio.o
                0x0000000000000da4                onDmac0BlockDone
 .text.onDmac0BufferDone
                0x0000000000000dc4       0x20 /build/qf_apps/qf_ssi_ai_app/GCC_Project/output/eoss3_hal_audio.o
                0x0000000000000dc4                onDmac0BufferDone
 .text.audio_isr_onDmac0BufferDone
                0x0000000000000de4       0xc8 /build/qf_apps/qf_ssi_ai_app/GCC_Project/output/eoss3_hal_audio.o
                0x0000000000000de4                audio_isr_onDmac0BufferDone
 .text.QL_Audio_StartUp
                0x0000000000000eac       0x28 /build/qf_apps/qf_ssi_ai_app/GCC_Project/output/eoss3_hal_audio.o
                0x0000000000000eac                QL_Audio_StartUp
 .text.HAL_GPIO_Write
                0x0000000000000ed4       0x28 /build/qf_apps/qf_ssi_ai_app/GCC_Project/output/eoss3_hal_gpio.o
                0x0000000000000ed4                HAL_GPIO_Write
 .text.HAL_I2C_SetClockFreq
                0x0000000000000efc       0x80 /build/qf_apps/qf_ssi_ai_app/GCC_Project/output/eoss3_hal_i2c.o
                0x0000000000000efc                HAL_I2C_SetClockFreq
 .text.HAL_I2C_Init
                0x0000000000000f7c       0x68 /build/qf_apps/qf_ssi_ai_app/GCC_Project/output/eoss3_hal_i2c.o
                0x0000000000000f7c                HAL_I2C_Init
 .text.HAL_PAD_Config
                0x0000000000000fe4      0x190 /build/qf_apps/qf_ssi_ai_app/GCC_Project/output/eoss3_hal_pad_config.o
                0x0000000000000fe4                HAL_PAD_Config
 .text.configure_s3_pads
                0x0000000000001174       0x1a /build/qf_apps/qf_ssi_ai_app/GCC_Project/output/eoss3_hal_pad_config.o
                0x0000000000001174                configure_s3_pads
 *fill*         0x000000000000118e        0x2 
 .text.eoss3_rtc_enable_irq
                0x0000000000001190       0x28 /build/qf_apps/qf_ssi_ai_app/GCC_Project/output/eoss3_hal_rtc.o
 .text.write_rtc_reg
                0x00000000000011b8       0x18 /build/qf_apps/qf_ssi_ai_app/GCC_Project/output/eoss3_hal_rtc.o
 .text.__rtc_setup_alarm.isra.0
                0x00000000000011d0       0x44 /build/qf_apps/qf_ssi_ai_app/GCC_Project/output/eoss3_hal_rtc.o
 .text.HAL_RTC_ISR
                0x0000000000001214       0x24 /build/qf_apps/qf_ssi_ai_app/GCC_Project/output/eoss3_hal_rtc.o
                0x0000000000001214                HAL_RTC_ISR
 .text.unlock_spi1_bus
                0x0000000000001238       0x58 /build/qf_apps/qf_ssi_ai_app/GCC_Project/output/eoss3_hal_spi.o
                0x0000000000001238                unlock_spi1_bus
 .text.SPI_DMA_Complete
                0x0000000000001290       0x88 /build/qf_apps/qf_ssi_ai_app/GCC_Project/output/eoss3_hal_spi.o
                0x0000000000001290                SPI_DMA_Complete
 .text.HAL_SPI_IRQHandler
                0x0000000000001318       0x6c /build/qf_apps/qf_ssi_ai_app/GCC_Project/output/eoss3_hal_spi.o
                0x0000000000001318                HAL_SPI_IRQHandler
 .text.HAL_Delay_Init
                0x0000000000001384       0x54 /build/qf_apps/qf_ssi_ai_app/GCC_Project/output/eoss3_hal_timer.o
                0x0000000000001384                HAL_Delay_Init
 .text.HAL_Timer_ISR
                0x00000000000013d8       0x88 /build/qf_apps/qf_ssi_ai_app/GCC_Project/output/eoss3_hal_timer.o
                0x00000000000013d8                HAL_Timer_ISR
 .text.uart_baud_rate
                0x0000000000001460       0x60 /build/qf_apps/qf_ssi_ai_app/GCC_Project/output/eoss3_hal_uart.o
 .text.is_hw_uart_enabled
                0x00000000000014c0       0x20 /build/qf_apps/qf_ssi_ai_app/GCC_Project/output/eoss3_hal_uart.o
 .text.uart_disable
                0x00000000000014e0       0x1c /build/qf_apps/qf_ssi_ai_app/GCC_Project/output/eoss3_hal_uart.o
 .text.uart_lpm_callback
                0x00000000000014fc       0x70 /build/qf_apps/qf_ssi_ai_app/GCC_Project/output/eoss3_hal_uart.o
 .text.uart_init
                0x000000000000156c      0x168 /build/qf_apps/qf_ssi_ai_app/GCC_Project/output/eoss3_hal_uart.o
                0x000000000000156c                uart_init
 .text.uart_isr_handler
                0x00000000000016d4       0x84 /build/qf_apps/qf_ssi_ai_app/GCC_Project/output/eoss3_hal_uart.o
                0x00000000000016d4                uart_isr_handler
 .text.uart_tx_raw
                0x0000000000001758       0x38 /build/qf_apps/qf_ssi_ai_app/GCC_Project/output/eoss3_hal_uart.o
                0x0000000000001758                uart_tx_raw
 .text.uart_tx  0x0000000000001790       0x1c /build/qf_apps/qf_ssi_ai_app/GCC_Project/output/eoss3_hal_uart.o
                0x0000000000001790                uart_tx
 .text.uart_tx_buf
                0x00000000000017ac       0x1a /build/qf_apps/qf_ssi_ai_app/GCC_Project/output/eoss3_hal_uart.o
                0x00000000000017ac                uart_tx_buf
 .text.uart_tx_raw_buf
                0x00000000000017c6       0x1a /build/qf_apps/qf_ssi_ai_app/GCC_Project/output/eoss3_hal_uart.o
                0x00000000000017c6                uart_tx_raw_buf
 .text.uart_rx_available
                0x00000000000017e0       0x34 /build/qf_apps/qf_ssi_ai_app/GCC_Project/output/eoss3_hal_uart.o
                0x00000000000017e0                uart_rx_available
 .text.uart_rx  0x0000000000001814       0x60 /build/qf_apps/qf_ssi_ai_app/GCC_Project/output/eoss3_hal_uart.o
                0x0000000000001814                uart_rx
 .text.uart_rx_raw_buf
                0x0000000000001874       0x1e /build/qf_apps/qf_ssi_ai_app/GCC_Project/output/eoss3_hal_uart.o
                0x0000000000001874                uart_rx_raw_buf
 *fill*         0x0000000000001892        0x2 
 .text.HAL_WB_Transmit
                0x0000000000001894       0x3c /build/qf_apps/qf_ssi_ai_app/GCC_Project/output/eoss3_hal_wb.o
                0x0000000000001894                HAL_WB_Transmit
 .text.HAL_WB_Receive
                0x00000000000018d0       0x44 /build/qf_apps/qf_ssi_ai_app/GCC_Project/output/eoss3_hal_wb.o
                0x00000000000018d0                HAL_WB_Receive
 .text.HAL_WB_Init
                0x0000000000001914      0x10c /build/qf_apps/qf_ssi_ai_app/GCC_Project/output/eoss3_hal_wb.o
                0x0000000000001914                HAL_WB_Init
 .text.WDT_ISR  0x0000000000001a20       0x8c /build/qf_apps/qf_ssi_ai_app/GCC_Project/output/eoss3_hal_wdt.o
                0x0000000000001a20                WDT_ISR
 .text.spurious_interrupt
                0x0000000000001aac        0xc /build/qf_apps/qf_ssi_ai_app/GCC_Project/output/exceptions.o
 .text.prvGetRegistersFromStack
                0x0000000000001ab8       0xf0 /build/qf_apps/qf_ssi_ai_app/GCC_Project/output/exceptions.o
                0x0000000000001ab8                prvGetRegistersFromStack
 .text.HardFault_Handler
                0x0000000000001ba8       0x16 /build/qf_apps/qf_ssi_ai_app/GCC_Project/output/exceptions.o
                0x0000000000001ba8                HardFault_Handler
 .text.NMI_Handler
                0x0000000000001bbe        0x6 /build/qf_apps/qf_ssi_ai_app/GCC_Project/output/exceptions.o
                0x0000000000001bbe                NMI_Handler
 .text.MemManage_Handler
                0x0000000000001bc4        0x6 /build/qf_apps/qf_ssi_ai_app/GCC_Project/output/exceptions.o
                0x0000000000001bc4                MemManage_Handler
 .text.BusFault_Handler
                0x0000000000001bca        0x6 /build/qf_apps/qf_ssi_ai_app/GCC_Project/output/exceptions.o
                0x0000000000001bca                BusFault_Handler
 .text.UsageFault_Handler
                0x0000000000001bd0        0x6 /build/qf_apps/qf_ssi_ai_app/GCC_Project/output/exceptions.o
                0x0000000000001bd0                UsageFault_Handler
 .text.DebugMon_Handler
                0x0000000000001bd6        0x6 /build/qf_apps/qf_ssi_ai_app/GCC_Project/output/exceptions.o
                0x0000000000001bd6                DebugMon_Handler
 .text.Uart_Handler
                0x0000000000001bdc       0x50 /build/qf_apps/qf_ssi_ai_app/GCC_Project/output/exceptions.o
                0x0000000000001bdc                Uart_Handler
 .text.Timer_Handler
                0x0000000000001c2c       0x24 /build/qf_apps/qf_ssi_ai_app/GCC_Project/output/exceptions.o
                0x0000000000001c2c                Timer_Handler
 .text.CpuWdtInt_Handler
                0x0000000000001c50       0x24 /build/qf_apps/qf_ssi_ai_app/GCC_Project/output/exceptions.o
                0x0000000000001c50                CpuWdtInt_Handler
 .text.CpuWdtRst_Handler
                0x0000000000001c74        0x6 /build/qf_apps/qf_ssi_ai_app/GCC_Project/output/exceptions.o
                0x0000000000001c74                CpuWdtRst_Handler
 .text.BusTimeout_Handler
                0x0000000000001c7a        0x6 /build/qf_apps/qf_ssi_ai_app/GCC_Project/output/exceptions.o
                0x0000000000001c7a                BusTimeout_Handler
 .text.Fpu_Handler
                0x0000000000001c80        0x6 /build/qf_apps/qf_ssi_ai_app/GCC_Project/output/exceptions.o
                0x0000000000001c80                Fpu_Handler
 *fill*         0x0000000000001c86        0x2 
 .text.Pkfb_Handler
                0x0000000000001c88       0x10 /build/qf_apps/qf_ssi_ai_app/GCC_Project/output/exceptions.o
                0x0000000000001c88                Pkfb_Handler
 .text.I2s_Handler
                0x0000000000001c98        0x6 /build/qf_apps/qf_ssi_ai_app/GCC_Project/output/exceptions.o
                0x0000000000001c98                I2s_Handler
 .text.Audio_Handler
                0x0000000000001c9e        0x6 /build/qf_apps/qf_ssi_ai_app/GCC_Project/output/exceptions.o
                0x0000000000001c9e                Audio_Handler
 .text.SpiMs_Handler
                0x0000000000001ca4       0x5c /build/qf_apps/qf_ssi_ai_app/GCC_Project/output/exceptions.o
                0x0000000000001ca4                SpiMs_Handler
 .text.CfgDma_Handler
                0x0000000000001d00       0x28 /build/qf_apps/qf_ssi_ai_app/GCC_Project/output/exceptions.o
                0x0000000000001d00                CfgDma_Handler
 .text.PmuTimer_Handler
                0x0000000000001d28        0x2 /build/qf_apps/qf_ssi_ai_app/GCC_Project/output/exceptions.o
                0x0000000000001d28                PmuTimer_Handler
 .text.AdcDone_Handler
                0x0000000000001d2a        0x8 /build/qf_apps/qf_ssi_ai_app/GCC_Project/output/exceptions.o
                0x0000000000001d2a                AdcDone_Handler
 *fill*         0x0000000000001d32        0x2 
 .text.RtcAlarm_Handler
                0x0000000000001d34       0x1c /build/qf_apps/qf_ssi_ai_app/GCC_Project/output/exceptions.o
                0x0000000000001d34                RtcAlarm_Handler
 .text.ResetInt_Handler
                0x0000000000001d50        0x8 /build/qf_apps/qf_ssi_ai_app/GCC_Project/output/exceptions.o
                0x0000000000001d50                ResetInt_Handler
 .text.Ffe0_Handler
                0x0000000000001d58       0x18 /build/qf_apps/qf_ssi_ai_app/GCC_Project/output/exceptions.o
                0x0000000000001d58                Ffe0_Handler
 .text.FbMsg_Handler
                0x0000000000001d70       0x6c /build/qf_apps/qf_ssi_ai_app/GCC_Project/output/exceptions.o
                0x0000000000001d70                FbMsg_Handler
 .text.SensorGpio_Handler
                0x0000000000001ddc        0x8 /build/qf_apps/qf_ssi_ai_app/GCC_Project/output/exceptions.o
                0x0000000000001ddc                SensorGpio_Handler
 .text.M4SramSleep_Handler
                0x0000000000001de4        0x8 /build/qf_apps/qf_ssi_ai_app/GCC_Project/output/exceptions.o
                0x0000000000001de4                M4SramSleep_Handler
 .text.LDO30_PG_Handler
                0x0000000000001dec        0x8 /build/qf_apps/qf_ssi_ai_app/GCC_Project/output/exceptions.o
                0x0000000000001dec                LDO30_PG_Handler
 .text.LDO50_PG_Handler
                0x0000000000001df4        0x8 /build/qf_apps/qf_ssi_ai_app/GCC_Project/output/exceptions.o
                0x0000000000001df4                LDO50_PG_Handler
 .text.DMIC_Voice_Det_Handler
                0x0000000000001dfc        0x8 /build/qf_apps/qf_ssi_ai_app/GCC_Project/output/exceptions.o
                0x0000000000001dfc                DMIC_Voice_Det_Handler
 .text.ApPDMClkOn_Handler
                0x0000000000001e04        0x8 /build/qf_apps/qf_ssi_ai_app/GCC_Project/output/exceptions.o
                0x0000000000001e04                ApPDMClkOn_Handler
 .text.ApPDMClkOff_Handler
                0x0000000000001e0c        0x8 /build/qf_apps/qf_ssi_ai_app/GCC_Project/output/exceptions.o
                0x0000000000001e0c                ApPDMClkOff_Handler
 .text.Dmac0BlkDone_Handler
                0x0000000000001e14        0x4 /build/qf_apps/qf_ssi_ai_app/GCC_Project/output/exceptions.o
                0x0000000000001e14                Dmac0BlkDone_Handler
 .text.Dmac0BufDone_Handler
                0x0000000000001e18       0x10 /build/qf_apps/qf_ssi_ai_app/GCC_Project/output/exceptions.o
                0x0000000000001e18                Dmac0BufDone_Handler
 .text.Dmac1BlkDone_Handler
                0x0000000000001e28        0x8 /build/qf_apps/qf_ssi_ai_app/GCC_Project/output/exceptions.o
                0x0000000000001e28                Dmac1BlkDone_Handler
 .text.Dmac1BufDone_Handler
                0x0000000000001e30        0x8 /build/qf_apps/qf_ssi_ai_app/GCC_Project/output/exceptions.o
                0x0000000000001e30                Dmac1BufDone_Handler
 .text.Sdma0Done_Handler
                0x0000000000001e38        0x8 /build/qf_apps/qf_ssi_ai_app/GCC_Project/output/exceptions.o
                0x0000000000001e38                Sdma0Done_Handler
 .text.Sdma1Done_Handler
                0x0000000000001e40        0x8 /build/qf_apps/qf_ssi_ai_app/GCC_Project/output/exceptions.o
                0x0000000000001e40                Sdma1Done_Handler
 .text.Sdma2Done_Handler
                0x0000000000001e48        0x8 /build/qf_apps/qf_ssi_ai_app/GCC_Project/output/exceptions.o
                0x0000000000001e48                Sdma2Done_Handler
 .text.Sdma3Done_Handler
                0x0000000000001e50        0x8 /build/qf_apps/qf_ssi_ai_app/GCC_Project/output/exceptions.o
                0x0000000000001e50                Sdma3Done_Handler
 .text.Sdma4Done_Handler
                0x0000000000001e58        0x8 /build/qf_apps/qf_ssi_ai_app/GCC_Project/output/exceptions.o
                0x0000000000001e58                Sdma4Done_Handler
 .text.Sdma5Done_Handler
                0x0000000000001e60        0x8 /build/qf_apps/qf_ssi_ai_app/GCC_Project/output/exceptions.o
                0x0000000000001e60                Sdma5Done_Handler
 .text.Sdma6Done_Handler
                0x0000000000001e68        0x8 /build/qf_apps/qf_ssi_ai_app/GCC_Project/output/exceptions.o
                0x0000000000001e68                Sdma6Done_Handler
 .text.Sdma7Done_Handler
                0x0000000000001e70        0x8 /build/qf_apps/qf_ssi_ai_app/GCC_Project/output/exceptions.o
                0x0000000000001e70                Sdma7Done_Handler
 .text.Sdma8Done_Handler
                0x0000000000001e78        0x8 /build/qf_apps/qf_ssi_ai_app/GCC_Project/output/exceptions.o
                0x0000000000001e78                Sdma8Done_Handler
 .text.Sdma9Done_Handler
                0x0000000000001e80        0x8 /build/qf_apps/qf_ssi_ai_app/GCC_Project/output/exceptions.o
                0x0000000000001e80                Sdma9Done_Handler
 .text.Sdma10Done_Handler
                0x0000000000001e88        0x8 /build/qf_apps/qf_ssi_ai_app/GCC_Project/output/exceptions.o
                0x0000000000001e88                Sdma10Done_Handler
 .text.Sdma11Done_Handler
                0x0000000000001e90        0x8 /build/qf_apps/qf_ssi_ai_app/GCC_Project/output/exceptions.o
                0x0000000000001e90                Sdma11Done_Handler
 .text.SdmaErr_Handler
                0x0000000000001e98        0x8 /build/qf_apps/qf_ssi_ai_app/GCC_Project/output/exceptions.o
                0x0000000000001e98                SdmaErr_Handler
 .text.I2S_SlvM4TxOr_Handler
                0x0000000000001ea0        0x8 /build/qf_apps/qf_ssi_ai_app/GCC_Project/output/exceptions.o
                0x0000000000001ea0                I2S_SlvM4TxOr_Handler
 .text.SRAM_128KB_Handler
                0x0000000000001ea8        0x8 /build/qf_apps/qf_ssi_ai_app/GCC_Project/output/exceptions.o
                0x0000000000001ea8                SRAM_128KB_Handler
 .text.LPSD_Voice_Det_Handler
                0x0000000000001eb0        0x8 /build/qf_apps/qf_ssi_ai_app/GCC_Project/output/exceptions.o
                0x0000000000001eb0                LPSD_Voice_Det_Handler
 .text.FfeWdt_Handler
                0x0000000000001eb8        0x8 /build/qf_apps/qf_ssi_ai_app/GCC_Project/output/exceptions.o
                0x0000000000001eb8                FfeWdt_Handler
 .text.ApBoot_Handler
                0x0000000000001ec0        0x8 /build/qf_apps/qf_ssi_ai_app/GCC_Project/output/exceptions.o
                0x0000000000001ec0                ApBoot_Handler
 .text.SwInt2_Handler
                0x0000000000001ec8        0x8 /build/qf_apps/qf_ssi_ai_app/GCC_Project/output/exceptions.o
                0x0000000000001ec8                SwInt2_Handler
 .text.SwInt1_Handler
                0x0000000000001ed0       0x24 /build/qf_apps/qf_ssi_ai_app/GCC_Project/output/exceptions.o
                0x0000000000001ed0                SwInt1_Handler
 .text.Ffe0Msg_Handler
                0x0000000000001ef4        0x8 /build/qf_apps/qf_ssi_ai_app/GCC_Project/output/exceptions.o
                0x0000000000001ef4                Ffe0Msg_Handler
 .text.lpsdVoiceOffHandler
                0x0000000000001efc        0x8 /build/qf_apps/qf_ssi_ai_app/GCC_Project/output/exceptions.o
                0x0000000000001efc                lpsdVoiceOffHandler
 .text.dmicVoiceOffHandler
                0x0000000000001f04        0x8 /build/qf_apps/qf_ssi_ai_app/GCC_Project/output/exceptions.o
                0x0000000000001f04                dmicVoiceOffHandler
 .text.vApplicationMallocFailedHook
                0x0000000000001f0c       0x24 /build/qf_apps/qf_ssi_ai_app/GCC_Project/output/exceptions.o
                0x0000000000001f0c                vApplicationMallocFailedHook
 .text.vApplicationStackOverflowHook
                0x0000000000001f30       0x24 /build/qf_apps/qf_ssi_ai_app/GCC_Project/output/exceptions.o
                0x0000000000001f30                vApplicationStackOverflowHook
 .text.vApplicationTickHook
                0x0000000000001f54        0x2 /build/qf_apps/qf_ssi_ai_app/GCC_Project/output/exceptions.o
                0x0000000000001f54                vApplicationTickHook
 .text.vApplicationIdleHook
                0x0000000000001f56        0x2 /build/qf_apps/qf_ssi_ai_app/GCC_Project/output/exceptions.o
                0x0000000000001f56                vApplicationIdleHook
 .text.prvInsertBlockIntoFreeList
                0x0000000000001f58       0x74 /build/qf_apps/qf_ssi_ai_app/GCC_Project/output/heap_4.o
 .text.pvPortMalloc
                0x0000000000001fcc      0x198 /build/qf_apps/qf_ssi_ai_app/GCC_Project/output/heap_4.o
                0x0000000000001fcc                pvPortMalloc
 .text.vPortFree
                0x0000000000002164       0xa0 /build/qf_apps/qf_ssi_ai_app/GCC_Project/output/heap_4.o
                0x0000000000002164                vPortFree
 .text.vListInitialise
                0x0000000000002204       0x16 /build/qf_apps/qf_ssi_ai_app/GCC_Project/output/list.o
                0x0000000000002204                vListInitialise
 .text.vListInitialiseItem
                0x000000000000221a        0x6 /build/qf_apps/qf_ssi_ai_app/GCC_Project/output/list.o
                0x000000000000221a                vListInitialiseItem
 .text.vListInsertEnd
                0x0000000000002220       0x18 /build/qf_apps/qf_ssi_ai_app/GCC_Project/output/list.o
                0x0000000000002220                vListInsertEnd
 .text.vListInsert
                0x0000000000002238       0x2e /build/qf_apps/qf_ssi_ai_app/GCC_Project/output/list.o
                0x0000000000002238                vListInsert
 .text.uxListRemove
                0x0000000000002266       0x20 /build/qf_apps/qf_ssi_ai_app/GCC_Project/output/list.o
                0x0000000000002266                uxListRemove
 *fill*         0x0000000000002286        0x2 
 .text.startup.main
                0x0000000000002288       0xc8 /build/qf_apps/qf_ssi_ai_app/GCC_Project/output/main.o
                0x0000000000002288                main
 .text.SystemInit
                0x0000000000002350        0x2 /build/qf_apps/qf_ssi_ai_app/GCC_Project/output/main.o
                0x0000000000002350                SystemInit
 .text._ZN6MC3635C2Ev
                0x0000000000002352        0x6 /build/qf_apps/qf_ssi_ai_app/GCC_Project/output/mc3635_wire.o
                0x0000000000002352                MC3635::MC3635()
                0x0000000000002352                MC3635::MC3635()
 .text.prvPortStartFirstTask
                0x0000000000002358       0x28 /build/qf_apps/qf_ssi_ai_app/GCC_Project/output/port.o
 .text.vPortEnableVFP
                0x0000000000002380       0x14 /build/qf_apps/qf_ssi_ai_app/GCC_Project/output/port.o
 .text.prvTaskExitError
                0x0000000000002394       0x50 /build/qf_apps/qf_ssi_ai_app/GCC_Project/output/port.o
 .text.pxPortInitialiseStack
                0x00000000000023e4       0x2c /build/qf_apps/qf_ssi_ai_app/GCC_Project/output/port.o
                0x00000000000023e4                pxPortInitialiseStack
 .text.SVC_Handler
                0x0000000000002410       0x24 /build/qf_apps/qf_ssi_ai_app/GCC_Project/output/port.o
                0x0000000000002410                SVC_Handler
 .text.vPortEnterCritical
                0x0000000000002434       0x58 /build/qf_apps/qf_ssi_ai_app/GCC_Project/output/port.o
                0x0000000000002434                vPortEnterCritical
 .text.vPortExitCritical
                0x000000000000248c       0x3c /build/qf_apps/qf_ssi_ai_app/GCC_Project/output/port.o
                0x000000000000248c                vPortExitCritical
 *fill*         0x00000000000024c8        0x8 
 .text.PendSV_Handler
                0x00000000000024d0       0x64 /build/qf_apps/qf_ssi_ai_app/GCC_Project/output/port.o
                0x00000000000024d0                PendSV_Handler
 .text.xPortSysTickHandler
                0x0000000000002534       0x2c /build/qf_apps/qf_ssi_ai_app/GCC_Project/output/port.o
                0x0000000000002534                xPortSysTickHandler
 .text.xPortStartScheduler
                0x0000000000002560      0x158 /build/qf_apps/qf_ssi_ai_app/GCC_Project/output/port.o
                0x0000000000002560                xPortStartScheduler
 .text.vPortValidateInterruptPriority
                0x00000000000026b8       0x7c /build/qf_apps/qf_ssi_ai_app/GCC_Project/output/port.o
                0x00000000000026b8                vPortValidateInterruptPriority
 .text.system_init
                0x0000000000002734       0x6c /build/qf_apps/qf_ssi_ai_app/GCC_Project/output/qf_hardwaresetup.o
                0x0000000000002734                system_init
 .text.qf_hardwareSetup
                0x00000000000027a0       0x78 /build/qf_apps/qf_ssi_ai_app/GCC_Project/output/qf_hardwaresetup.o
                0x00000000000027a0                qf_hardwareSetup
 .text.prvIsQueueEmpty
                0x0000000000002818       0x16 /build/qf_apps/qf_ssi_ai_app/GCC_Project/output/queue.o
 .text.prvCopyDataToQueue
                0x000000000000282e       0x78 /build/qf_apps/qf_ssi_ai_app/GCC_Project/output/queue.o
 .text.prvCopyDataFromQueue
                0x00000000000028a6       0x2c /build/qf_apps/qf_ssi_ai_app/GCC_Project/output/queue.o
 .text.prvUnlockQueue
                0x00000000000028d2       0x70 /build/qf_apps/qf_ssi_ai_app/GCC_Project/output/queue.o
 *fill*         0x0000000000002942        0x2 
 .text.xQueueGenericReset
                0x0000000000002944       0x90 /build/qf_apps/qf_ssi_ai_app/GCC_Project/output/queue.o
                0x0000000000002944                xQueueGenericReset
 .text.xQueueGenericCreate
                0x00000000000029d4       0x74 /build/qf_apps/qf_ssi_ai_app/GCC_Project/output/queue.o
                0x00000000000029d4                xQueueGenericCreate
 .text.xQueueGenericSend
                0x0000000000002a48      0x19c /build/qf_apps/qf_ssi_ai_app/GCC_Project/output/queue.o
                0x0000000000002a48                xQueueGenericSend
 .text.xQueueGenericSendDebug
                0x0000000000002be4       0x30 /build/qf_apps/qf_ssi_ai_app/GCC_Project/output/queue.o
                0x0000000000002be4                xQueueGenericSendDebug
 .text.xQueueGenericSendFromISR
                0x0000000000002c14       0xf0 /build/qf_apps/qf_ssi_ai_app/GCC_Project/output/queue.o
                0x0000000000002c14                xQueueGenericSendFromISR
 .text.xQueueGenericSendFromISRDebug
                0x0000000000002d04       0x30 /build/qf_apps/qf_ssi_ai_app/GCC_Project/output/queue.o
                0x0000000000002d04                xQueueGenericSendFromISRDebug
 .text.xQueueGiveFromISR
                0x0000000000002d34       0xdc /build/qf_apps/qf_ssi_ai_app/GCC_Project/output/queue.o
                0x0000000000002d34                xQueueGiveFromISR
 .text.xQueueReceive
                0x0000000000002e10      0x160 /build/qf_apps/qf_ssi_ai_app/GCC_Project/output/queue.o
                0x0000000000002e10                xQueueReceive
 .text.xQueueSemaphoreTake
                0x0000000000002f70      0x1b0 /build/qf_apps/qf_ssi_ai_app/GCC_Project/output/queue.o
                0x0000000000002f70                xQueueSemaphoreTake
 .text.xQueueReceiveFromISR
                0x0000000000003120       0xc0 /build/qf_apps/qf_ssi_ai_app/GCC_Project/output/queue.o
                0x0000000000003120                xQueueReceiveFromISR
 .text.uxQueueMessagesWaiting
                0x00000000000031e0       0x3c /build/qf_apps/qf_ssi_ai_app/GCC_Project/output/queue.o
                0x00000000000031e0                uxQueueMessagesWaiting
 .text.vQueueAddToRegistry
                0x000000000000321c       0x24 /build/qf_apps/qf_ssi_ai_app/GCC_Project/output/queue.o
                0x000000000000321c                vQueueAddToRegistry
 .text.vQueueWaitForMessageRestricted
                0x0000000000003240       0x46 /build/qf_apps/qf_ssi_ai_app/GCC_Project/output/queue.o
                0x0000000000003240                vQueueWaitForMessageRestricted
 .text.s3x_clkd_write_div
                0x0000000000003286       0xa8 /build/qf_apps/qf_ssi_ai_app/GCC_Project/output/s3x_clock.o
 .text.s3x_clkd_read_div
                0x000000000000332e       0x44 /build/qf_apps/qf_ssi_ai_app/GCC_Project/output/s3x_clock.o
 *fill*         0x0000000000003372        0x2 
 .text.s3x_clkd_cal_div.part.0
                0x0000000000003374       0x30 /build/qf_apps/qf_ssi_ai_app/GCC_Project/output/s3x_clock.o
 .text.S3x_Id_To_Domain
                0x00000000000033a4       0x1c /build/qf_apps/qf_ssi_ai_app/GCC_Project/output/s3x_clock.o
                0x00000000000033a4                S3x_Id_To_Domain
 .text.s3x_clkd_update_div_val
                0x00000000000033c0       0x4c /build/qf_apps/qf_ssi_ai_app/GCC_Project/output/s3x_clock.o
                0x00000000000033c0                s3x_clkd_update_div_val
 .text.s3x_clkd_update_fd_rate
                0x000000000000340c        0xe /build/qf_apps/qf_ssi_ai_app/GCC_Project/output/s3x_clock.o
                0x000000000000340c                s3x_clkd_update_fd_rate
 *fill*         0x000000000000341a        0x2 
 .text.s3x_clkd_update_sd_div
                0x000000000000341c       0x5c /build/qf_apps/qf_ssi_ai_app/GCC_Project/output/s3x_clock.o
 .text.s3x_clkd_update_all_src_div
                0x0000000000003478       0xd0 /build/qf_apps/qf_ssi_ai_app/GCC_Project/output/s3x_clock.o
                0x0000000000003478                s3x_clkd_update_all_src_div
 .text.S3x_Clkd_Get_Hsosc_Rate
                0x0000000000003548       0x34 /build/qf_apps/qf_ssi_ai_app/GCC_Project/output/s3x_clock.o
                0x0000000000003548                S3x_Clkd_Get_Hsosc_Rate
 .text.S3x_Clkd_Change_Hsosc
                0x000000000000357c       0x70 /build/qf_apps/qf_ssi_ai_app/GCC_Project/output/s3x_clock.o
                0x000000000000357c                S3x_Clkd_Change_Hsosc
 .text.s3x_clkd_get_src_rate
                0x00000000000035ec       0x12 /build/qf_apps/qf_ssi_ai_app/GCC_Project/output/s3x_clock.o
                0x00000000000035ec                s3x_clkd_get_src_rate
 *fill*         0x00000000000035fe        0x2 
 .text.s3x_clkd_get_div
                0x0000000000003600       0x74 /build/qf_apps/qf_ssi_ai_app/GCC_Project/output/s3x_clock.o
                0x0000000000003600                s3x_clkd_get_div
 .text.s3x_clkd_srate
                0x0000000000003674      0x134 /build/qf_apps/qf_ssi_ai_app/GCC_Project/output/s3x_clock.o
 .text.s3x_clkd_grate
                0x00000000000037a8       0x68 /build/qf_apps/qf_ssi_ai_app/GCC_Project/output/s3x_clock.o
 .text.s3x_clkd_set_src_div_st
                0x0000000000003810       0x4c /build/qf_apps/qf_ssi_ai_app/GCC_Project/output/s3x_clock.o
 .text.s3x_update_clk_rate
                0x000000000000385c       0xb0 /build/qf_apps/qf_ssi_ai_app/GCC_Project/output/s3x_clock.o
                0x000000000000385c                s3x_update_clk_rate
 .text.s3x_clkd_get_gate_mask_st
                0x000000000000390c       0x16 /build/qf_apps/qf_ssi_ai_app/GCC_Project/output/s3x_clock.o
                0x000000000000390c                s3x_clkd_get_gate_mask_st
 *fill*         0x0000000000003922        0x2 
 .text.s3x_clkd_set_gate_mask
                0x0000000000003924       0x50 /build/qf_apps/qf_ssi_ai_app/GCC_Project/output/s3x_clock.o
                0x0000000000003924                s3x_clkd_set_gate_mask
 .text.s3x_clkd_enable_gate
                0x0000000000003974       0x68 /build/qf_apps/qf_ssi_ai_app/GCC_Project/output/s3x_clock.o
 .text.s3x_clkd_disable_gate
                0x00000000000039dc       0x54 /build/qf_apps/qf_ssi_ai_app/GCC_Project/output/s3x_clock.o
 .text._S3x_Clk_Enable
                0x0000000000003a30       0xb8 /build/qf_apps/qf_ssi_ai_app/GCC_Project/output/s3x_clock.o
                0x0000000000003a30                _S3x_Clk_Enable
 .text._S3x_Clk_Disable
                0x0000000000003ae8       0xc8 /build/qf_apps/qf_ssi_ai_app/GCC_Project/output/s3x_clock.o
                0x0000000000003ae8                _S3x_Clk_Disable
 .text._S3x_Clk_Get_Status
                0x0000000000003bb0       0x2c /build/qf_apps/qf_ssi_ai_app/GCC_Project/output/s3x_clock.o
                0x0000000000003bb0                _S3x_Clk_Get_Status
 .text._S3x_Clk_Get_Rate
                0x0000000000003bdc       0x28 /build/qf_apps/qf_ssi_ai_app/GCC_Project/output/s3x_clock.o
                0x0000000000003bdc                _S3x_Clk_Get_Rate
 .text.S3x_Clk_Init
                0x0000000000003c04      0x15c /build/qf_apps/qf_ssi_ai_app/GCC_Project/output/s3x_clock.o
                0x0000000000003c04                S3x_Clk_Init
 .text.S3x_Clk_Enable
                0x0000000000003d60        0x4 /build/qf_apps/qf_ssi_ai_app/GCC_Project/output/s3x_clock_hal.o
                0x0000000000003d60                S3x_Clk_Enable
 .text.S3x_Clk_Disable
                0x0000000000003d64        0x4 /build/qf_apps/qf_ssi_ai_app/GCC_Project/output/s3x_clock_hal.o
                0x0000000000003d64                S3x_Clk_Disable
 .text.S3x_Clk_Get_Rate
                0x0000000000003d68        0x4 /build/qf_apps/qf_ssi_ai_app/GCC_Project/output/s3x_clock_hal.o
                0x0000000000003d68                S3x_Clk_Get_Rate
 .text.DFS_cpuload
                0x0000000000003d6c       0x4c /build/qf_apps/qf_ssi_ai_app/GCC_Project/output/s3x_cpuload.o
                0x0000000000003d6c                DFS_cpuload
 .text.DFS_updatesleepticks
                0x0000000000003db8       0x10 /build/qf_apps/qf_ssi_ai_app/GCC_Project/output/s3x_cpuload.o
                0x0000000000003db8                DFS_updatesleepticks
 .text.DFS_resetsleepticks
                0x0000000000003dc8        0xc /build/qf_apps/qf_ssi_ai_app/GCC_Project/output/s3x_cpuload.o
                0x0000000000003dc8                DFS_resetsleepticks
 .text.DFS_UpdateTimer
                0x0000000000003dd4       0x5c /build/qf_apps/qf_ssi_ai_app/GCC_Project/output/s3x_dfs.o
 .text.DFS_StartTimer
                0x0000000000003e30       0x88 /build/qf_apps/qf_ssi_ai_app/GCC_Project/output/s3x_dfs.o
                0x0000000000003e30                DFS_StartTimer
 .text.S3x_Set_Policy
                0x0000000000003eb8      0x108 /build/qf_apps/qf_ssi_ai_app/GCC_Project/output/s3x_dfs.o
                0x0000000000003eb8                S3x_Set_Policy
 .text.S3x_get_max_rate_dfs_node
                0x0000000000003fc0       0x28 /build/qf_apps/qf_ssi_ai_app/GCC_Project/output/s3x_dfs.o
                0x0000000000003fc0                S3x_get_max_rate_dfs_node
 .text.S3x_Stepup_Policy
                0x0000000000003fe8       0x7c /build/qf_apps/qf_ssi_ai_app/GCC_Project/output/s3x_dfs.o
 .text.DFS_TimerCB
                0x0000000000004064        0xe /build/qf_apps/qf_ssi_ai_app/GCC_Project/output/s3x_dfs.o
 *fill*         0x0000000000004072        0x2 
 .text.DFS_Get_Curr_Policy
                0x0000000000004074        0xc /build/qf_apps/qf_ssi_ai_app/GCC_Project/output/s3x_dfs.o
                0x0000000000004074                DFS_Get_Curr_Policy
 .text.DFS_Initialize
                0x0000000000004080       0x14 /build/qf_apps/qf_ssi_ai_app/GCC_Project/output/s3x_dfs.o
                0x0000000000004080                DFS_Initialize
 .text.trace_this
                0x0000000000004094       0x28 /build/qf_apps/qf_ssi_ai_app/GCC_Project/output/s3x_lpm.o
 .text.S3x_Register_Lpm_Cb
                0x00000000000040bc       0x40 /build/qf_apps/qf_ssi_ai_app/GCC_Project/output/s3x_lpm.o
                0x00000000000040bc                S3x_Register_Lpm_Cb
 .text.s3x_setup_systick_interrupt
                0x00000000000040fc       0x54 /build/qf_apps/qf_ssi_ai_app/GCC_Project/output/s3x_lpm.o
                0x00000000000040fc                s3x_setup_systick_interrupt
 .text.prvStopTickInterruptTimer
                0x0000000000004150       0x10 /build/qf_apps/qf_ssi_ai_app/GCC_Project/output/s3x_lpm.o
                0x0000000000004150                prvStopTickInterruptTimer
 .text.prvStartTickInterruptTimer
                0x0000000000004160        0x8 /build/qf_apps/qf_ssi_ai_app/GCC_Project/output/s3x_lpm.o
                0x0000000000004160                prvStartTickInterruptTimer
 .text.SysTick_Handler
                0x0000000000004168       0x12 /build/qf_apps/qf_ssi_ai_app/GCC_Project/output/s3x_lpm.o
                0x0000000000004168                SysTick_Handler
 .text.vPortSetupTimerInterrupt
                0x000000000000417a        0x6 /build/qf_apps/qf_ssi_ai_app/GCC_Project/output/s3x_lpm.o
                0x000000000000417a                vPortSetupTimerInterrupt
 .text.S3x_Pre_Lpm
                0x0000000000004180       0x20 /build/qf_apps/qf_ssi_ai_app/GCC_Project/output/s3x_lpm.o
                0x0000000000004180                S3x_Pre_Lpm
 .text.S3x_Post_Lpm
                0x00000000000041a0       0x18 /build/qf_apps/qf_ssi_ai_app/GCC_Project/output/s3x_lpm.o
                0x00000000000041a0                S3x_Post_Lpm
 .text.S3x_Lpm_Handler
                0x00000000000041b8      0x28c /build/qf_apps/qf_ssi_ai_app/GCC_Project/output/s3x_lpm.o
                0x00000000000041b8                S3x_Lpm_Handler
 .text.s3x_get_pi
                0x0000000000004444       0x20 /build/qf_apps/qf_ssi_ai_app/GCC_Project/output/s3x_pi.o
                0x0000000000004444                s3x_get_pi
 .text.s3x_get_pi_gindex
                0x0000000000004464       0x14 /build/qf_apps/qf_ssi_ai_app/GCC_Project/output/s3x_pi.o
                0x0000000000004464                s3x_get_pi_gindex
 .text.s3x_pi_get_st
                0x0000000000004478       0x24 /build/qf_apps/qf_ssi_ai_app/GCC_Project/output/s3x_pi.o
                0x0000000000004478                s3x_pi_get_st
 .text.s3x_pi_set_cfg_st
                0x000000000000449c       0x94 /build/qf_apps/qf_ssi_ai_app/GCC_Project/output/s3x_pi.o
                0x000000000000449c                s3x_pi_set_cfg_st
 .text.s3x_pi_set_active_st
                0x0000000000004530       0xa4 /build/qf_apps/qf_ssi_ai_app/GCC_Project/output/s3x_pi.o
                0x0000000000004530                s3x_pi_set_active_st
 .text.s3x_pi_get_clkg_st
                0x00000000000045d4       0x36 /build/qf_apps/qf_ssi_ai_app/GCC_Project/output/s3x_pi.o
                0x00000000000045d4                s3x_pi_get_clkg_st
 .text.s3x_pi_set_clkg_st
                0x000000000000460a       0x26 /build/qf_apps/qf_ssi_ai_app/GCC_Project/output/s3x_pi.o
                0x000000000000460a                s3x_pi_set_clkg_st
 .text.s3x_set_pi_state
                0x0000000000004630        0xc /build/qf_apps/qf_ssi_ai_app/GCC_Project/output/s3x_pi.o
                0x0000000000004630                s3x_set_pi_state
 .text.s3x_get_pi_init_state
                0x000000000000463c       0x18 /build/qf_apps/qf_ssi_ai_app/GCC_Project/output/s3x_pi.o
                0x000000000000463c                s3x_get_pi_init_state
 .text.S3x_pi_init
                0x0000000000004654       0x20 /build/qf_apps/qf_ssi_ai_app/GCC_Project/output/s3x_pi.o
                0x0000000000004654                S3x_pi_init
 .text.S3x_pwrcfg_init
                0x0000000000004674       0x2c /build/qf_apps/qf_ssi_ai_app/GCC_Project/output/s3x_pwrcfg.o
                0x0000000000004674                S3x_pwrcfg_init
 .text.s3x_sram_in_lpm
                0x00000000000046a0       0x1c /build/qf_apps/qf_ssi_ai_app/GCC_Project/output/s3x_pwrcfg.o
                0x00000000000046a0                s3x_sram_in_lpm
 .text.S3x_get_qos_rate
                0x00000000000046bc       0x38 /build/qf_apps/qf_ssi_ai_app/GCC_Project/output/s3x_qos.o
                0x00000000000046bc                S3x_get_qos_rate
 .text.save_assert_info
                0x00000000000046f4       0x74 /build/qf_apps/qf_ssi_ai_app/GCC_Project/output/sec_debug.o
                0x00000000000046f4                save_assert_info
 .text.invoke_soft_fault
                0x0000000000004768       0x20 /build/qf_apps/qf_ssi_ai_app/GCC_Project/output/sec_debug.o
                0x0000000000004768                invoke_soft_fault
 .text.audio_set_first_data_block
                0x0000000000004788       0x54 /build/qf_apps/qf_ssi_ai_app/GCC_Project/output/sensor_audio_acquisition.o
                0x0000000000004788                audio_set_first_data_block
 .text.sensor_audio_startstop
                0x00000000000047dc       0x50 /build/qf_apps/qf_ssi_ai_app/GCC_Project/output/sensor_audio_config.o
                0x00000000000047dc                sensor_audio_startstop
 .text.sensor_audio_configure
                0x000000000000482c       0x48 /build/qf_apps/qf_ssi_ai_app/GCC_Project/output/sensor_audio_config.o
                0x000000000000482c                sensor_audio_configure
 .text.sensor_audio_add
                0x0000000000004874        0xc /build/qf_apps/qf_ssi_ai_app/GCC_Project/output/sensor_audio_config.o
                0x0000000000004874                sensor_audio_add
 .text.audio_livestream_data_processor
                0x0000000000004880       0x24 /build/qf_apps/qf_ssi_ai_app/GCC_Project/output/sensor_audio_process.o
                0x0000000000004880                audio_livestream_data_processor
 .text.audio_livestream_stop
                0x00000000000048a4        0x4 /build/qf_apps/qf_ssi_ai_app/GCC_Project/output/sensor_audio_process.o
                0x00000000000048a4                audio_livestream_stop
 .text.audio_livestream_config
                0x00000000000048a8        0x2 /build/qf_apps/qf_ssi_ai_app/GCC_Project/output/sensor_audio_process.o
                0x00000000000048a8                audio_livestream_config
 .text.audio_livestream_start
                0x00000000000048aa        0x4 /build/qf_apps/qf_ssi_ai_app/GCC_Project/output/sensor_audio_process.o
                0x00000000000048aa                audio_livestream_start
 *fill*         0x00000000000048ae        0x2 
 .text.audio_block_processor
                0x00000000000048b0       0x50 /build/qf_apps/qf_ssi_ai_app/GCC_Project/output/sensor_audio_process.o
                0x00000000000048b0                audio_block_processor
 .text.startup._GLOBAL__sub_I_sensor_rate_debug_gpio_val
                0x0000000000004900        0xc /build/qf_apps/qf_ssi_ai_app/GCC_Project/output/sensor_ssss.o
 .text.ssiTaskHandler
                0x000000000000490c       0xb4 /build/qf_apps/qf_ssi_ai_app/GCC_Project/output/ssi_comms.o
                0x000000000000490c                ssiTaskHandler
 .text.ssi_publish_sensor_data
                0x00000000000049c0       0x18 /build/qf_apps/qf_ssi_ai_app/GCC_Project/output/ssi_comms.o
                0x00000000000049c0                ssi_publish_sensor_data
 .text.StartSimpleStreamingInterfaceTask
                0x00000000000049d8       0x54 /build/qf_apps/qf_ssi_ai_app/GCC_Project/output/ssi_comms.o
                0x00000000000049d8                StartSimpleStreamingInterfaceTask
 .text.Reset_Handler
                0x0000000000004a2c       0x2c /build/qf_apps/qf_ssi_ai_app/GCC_Project/output/startup_EOSS3B_GCC.o
                0x0000000000004a2c                Reset_Handler
 .text.__semihost_call
                0x0000000000004a58        0x6 /build/qf_apps/qf_ssi_ai_app/GCC_Project/output/startup_EOSS3B_GCC.o
                0x0000000000004a58                __semihost_call
 *fill*         0x0000000000004a5e        0x2 
 .text.prvGetExpectedIdleTime
                0x0000000000004a60       0x3c /build/qf_apps/qf_ssi_ai_app/GCC_Project/output/tasks.o
 .text.prvResetNextTaskUnblockTime
                0x0000000000004a9c       0x24 /build/qf_apps/qf_ssi_ai_app/GCC_Project/output/tasks.o
 .text.prvAddCurrentTaskToDelayedList
                0x0000000000004ac0       0x8c /build/qf_apps/qf_ssi_ai_app/GCC_Project/output/tasks.o
 .text.xTaskCreate
                0x0000000000004b4c      0x1e0 /build/qf_apps/qf_ssi_ai_app/GCC_Project/output/tasks.o
                0x0000000000004b4c                xTaskCreate
 .text.vTaskStartScheduler
                0x0000000000004d2c       0x98 /build/qf_apps/qf_ssi_ai_app/GCC_Project/output/tasks.o
                0x0000000000004d2c                vTaskStartScheduler
 .text.vTaskSuspendAll
                0x0000000000004dc4       0x10 /build/qf_apps/qf_ssi_ai_app/GCC_Project/output/tasks.o
                0x0000000000004dc4                vTaskSuspendAll
 .text.xTaskGetTickCount
                0x0000000000004dd4        0xc /build/qf_apps/qf_ssi_ai_app/GCC_Project/output/tasks.o
                0x0000000000004dd4                xTaskGetTickCount
 .text.xTaskGetTickCountFromISR
                0x0000000000004de0       0x10 /build/qf_apps/qf_ssi_ai_app/GCC_Project/output/tasks.o
                0x0000000000004de0                xTaskGetTickCountFromISR
 .text.vTaskStepTick
                0x0000000000004df0       0x44 /build/qf_apps/qf_ssi_ai_app/GCC_Project/output/tasks.o
                0x0000000000004df0                vTaskStepTick
 .text.xTaskIncrementTick
                0x0000000000004e34      0x14c /build/qf_apps/qf_ssi_ai_app/GCC_Project/output/tasks.o
                0x0000000000004e34                xTaskIncrementTick
 .text.xTaskResumeAll
                0x0000000000004f80      0x100 /build/qf_apps/qf_ssi_ai_app/GCC_Project/output/tasks.o
                0x0000000000004f80                xTaskResumeAll
 .text.vTaskDelay
                0x0000000000005080       0x60 /build/qf_apps/qf_ssi_ai_app/GCC_Project/output/tasks.o
                0x0000000000005080                vTaskDelay
 .text.prvIdleTask
                0x00000000000050e0       0xc4 /build/qf_apps/qf_ssi_ai_app/GCC_Project/output/tasks.o
 .text.vTaskSwitchContext
                0x00000000000051a4       0xb8 /build/qf_apps/qf_ssi_ai_app/GCC_Project/output/tasks.o
                0x00000000000051a4                vTaskSwitchContext
 .text.vTaskPlaceOnEventList
                0x000000000000525c       0x48 /build/qf_apps/qf_ssi_ai_app/GCC_Project/output/tasks.o
                0x000000000000525c                vTaskPlaceOnEventList
 .text.vTaskPlaceOnEventListRestricted
                0x00000000000052a4       0x50 /build/qf_apps/qf_ssi_ai_app/GCC_Project/output/tasks.o
                0x00000000000052a4                vTaskPlaceOnEventListRestricted
 .text.xTaskRemoveFromEventList
                0x00000000000052f4       0x9c /build/qf_apps/qf_ssi_ai_app/GCC_Project/output/tasks.o
                0x00000000000052f4                xTaskRemoveFromEventList
 .text.vTaskInternalSetTimeOutState
                0x0000000000005390       0x18 /build/qf_apps/qf_ssi_ai_app/GCC_Project/output/tasks.o
                0x0000000000005390                vTaskInternalSetTimeOutState
 .text.xTaskCheckForTimeOut
                0x00000000000053a8       0x94 /build/qf_apps/qf_ssi_ai_app/GCC_Project/output/tasks.o
                0x00000000000053a8                xTaskCheckForTimeOut
 .text.vTaskMissedYield
                0x000000000000543c        0xc /build/qf_apps/qf_ssi_ai_app/GCC_Project/output/tasks.o
                0x000000000000543c                vTaskMissedYield
 .text.uxTaskGetTCBNumber
                0x0000000000005448       0x14 /build/qf_apps/qf_ssi_ai_app/GCC_Project/output/tasks.o
                0x0000000000005448                uxTaskGetTCBNumber
 .text.eTaskConfirmSleepModeStatus
                0x000000000000545c       0x34 /build/qf_apps/qf_ssi_ai_app/GCC_Project/output/tasks.o
                0x000000000000545c                eTaskConfirmSleepModeStatus
 .text.xTaskGetCurrentTaskHandle
                0x0000000000005490        0xc /build/qf_apps/qf_ssi_ai_app/GCC_Project/output/tasks.o
                0x0000000000005490                xTaskGetCurrentTaskHandle
 .text.xTaskGetSchedulerState
                0x000000000000549c       0x20 /build/qf_apps/qf_ssi_ai_app/GCC_Project/output/tasks.o
                0x000000000000549c                xTaskGetSchedulerState
 .text.xTaskPriorityInherit
                0x00000000000054bc       0xa8 /build/qf_apps/qf_ssi_ai_app/GCC_Project/output/tasks.o
                0x00000000000054bc                xTaskPriorityInherit
 .text.xTaskPriorityDisinherit
                0x0000000000005564       0xc4 /build/qf_apps/qf_ssi_ai_app/GCC_Project/output/tasks.o
                0x0000000000005564                xTaskPriorityDisinherit
 .text.vTaskPriorityDisinheritAfterTimeout
                0x0000000000005628       0xd8 /build/qf_apps/qf_ssi_ai_app/GCC_Project/output/tasks.o
                0x0000000000005628                vTaskPriorityDisinheritAfterTimeout
 .text.pvTaskIncrementMutexHeldCount
                0x0000000000005700       0x18 /build/qf_apps/qf_ssi_ai_app/GCC_Project/output/tasks.o
                0x0000000000005700                pvTaskIncrementMutexHeldCount
 .text.prvCheckForValidListAndQueue
                0x0000000000005718       0x58 /build/qf_apps/qf_ssi_ai_app/GCC_Project/output/timers.o
 .text.prvInsertTimerInActiveList
                0x0000000000005770       0x3c /build/qf_apps/qf_ssi_ai_app/GCC_Project/output/timers.o
 .text.xTimerCreateTimerTask
                0x00000000000057ac       0x64 /build/qf_apps/qf_ssi_ai_app/GCC_Project/output/timers.o
                0x00000000000057ac                xTimerCreateTimerTask
 .text.xTimerCreate
                0x0000000000005810       0x58 /build/qf_apps/qf_ssi_ai_app/GCC_Project/output/timers.o
                0x0000000000005810                xTimerCreate
 .text.xTimerGenericCommand
                0x0000000000005868       0x70 /build/qf_apps/qf_ssi_ai_app/GCC_Project/output/timers.o
                0x0000000000005868                xTimerGenericCommand
 .text.prvSwitchTimerLists
                0x00000000000058d8       0x90 /build/qf_apps/qf_ssi_ai_app/GCC_Project/output/timers.o
 .text.prvTimerTask
                0x0000000000005968      0x218 /build/qf_apps/qf_ssi_ai_app/GCC_Project/output/timers.o
 .text          0x0000000000005b80      0x960 /build/qf_apps/qf_ssi_ai_app/knowledgepack/sensiml/libsensiml.a(kb.o)
                0x0000000000005b80                ring_buffer_init
                0x0000000000005ba4                kb_model_init
                0x0000000000005c50                kb_flush_model_buffer
                0x0000000000005cbc                flush_model
                0x0000000000005ce4                kb_data_streaming_reset
                0x0000000000005d0c                kb_reset_model
                0x0000000000005d34                kb_reset_feature_banks
                0x0000000000005d48                kb_feature_generation_reset
                0x0000000000005d8c                kb_feature_generation_increment
                0x0000000000005db0                kb_recognize
                0x0000000000005de4                kb_feature_transform
                0x0000000000005e00                kb_feature_generation
                0x0000000000005e28                kb_data_streaming
                0x0000000000005e48                kb_segmentation
                0x0000000000005e74                kb_run_model
                0x0000000000005f7c                kb_run_model_with_cascade_reset
                0x000000000000608c                kb_add_segment
                0x00000000000060e0                kb_run_segment
                0x00000000000061cc                kb_run_segment_with_cascade_reset
                0x00000000000062e8                kb_add_last_pattern_to_model
                0x0000000000006304                kb_add_custom_pattern_to_model
                0x0000000000006318                kb_score_model
                0x000000000000631c                kb_retrain_model
                0x0000000000006320                kb_get_model_header
                0x0000000000006350                kb_get_model_pattern
                0x0000000000006374                kb_get_model_uuid_ptr
                0x000000000000638c                kb_get_feature_vector_size
                0x000000000000639c                kb_get_feature_vector_v2
                0x00000000000063c4                kb_get_feature_vector
                0x00000000000063f4                sml_get_segment_length
                0x0000000000006408                kb_get_segment_length
                0x0000000000006418                kb_get_segment_data
                0x0000000000006464                kb_set_feature_vector
                0x0000000000006498                kb_recognize_feature_vector
                0x00000000000064cc                kb_get_classification_result_info
                0x00000000000064d0                kb_print_model_score
                0x00000000000064d4                kb_get_segment_start
 .text          0x00000000000064e0     0x1298 /build/qf_apps/qf_ssi_ai_app/knowledgepack/sensiml/libsensiml.a(pme.o)
                0x00000000000064e0                radial_bias_function_unique_category
                0x00000000000064e4                radial_bias_function
                0x0000000000006574                k__nearest_neighbor
                0x00000000000065ac                distance_by_weight
                0x0000000000006664                delete_node
                0x0000000000006684                sort_by_smallest_distance
                0x000000000000668c                list_to_sort
                0x00000000000068c0                sort_results_by_distance
                0x00000000000068d4                allocate_memory
                0x0000000000006958                pme_init
                0x0000000000006970                pme_simple_init
                0x0000000000006988                find_classifier_index
                0x00000000000069cc                pme_add_new_pattern
                0x0000000000006a8c                pme_rebalance_patterns
                0x0000000000006bf4                pme_print_model_scores
                0x0000000000006cf4                pme_return_pattern
                0x0000000000006d50                pme_flush_model
                0x0000000000006e10                pme_get_number_patterns
                0x0000000000006e60                pme_submit_pattern
                0x0000000000007044                reduce_influence_fields
                0x00000000000070b8                pme_retrieve_results
                0x00000000000071b4                pme_simple_submit_pattern
                0x000000000000731c                pme_simple_submit_pattern_set_result
                0x0000000000007490                pme_learn_pattern
                0x00000000000076d8                pme_score_pattern
 .text          0x0000000000007778       0x50 /build/qf_apps/qf_ssi_ai_app/knowledgepack/sensiml/libsensiml.a(dsp_l1_distance.o)
                0x0000000000007778                l1_distance
 .text          0x00000000000077c8       0x10 /build/qf_apps/qf_ssi_ai_app/knowledgepack/sensiml/libsensiml.a(dsp_dtw_distance.o)
                0x00000000000077c8                compute_distance_matrix
                0x00000000000077cc                compute_warping_distance
                0x00000000000077d0                get_distance_matrix_value
                0x00000000000077d4                get_globdist
 .text          0x00000000000077d8       0x40 /build/qf_apps/qf_ssi_ai_app/knowledgepack/sensiml/libsensiml.a(sorted_copy.o)
                0x00000000000077d8                sorted_copy
 .text          0x0000000000007818        0xc /build/qf_apps/qf_ssi_ai_app/knowledgepack/sensiml/libsensiml.a(utils_bitwise_abs_val.o)
                0x0000000000007818                bitwise_absolute_value
 .text          0x0000000000007824       0x2c /build/qf_apps/qf_ssi_ai_app/knowledgepack/sensiml/libsensiml.a(sg_windowing.o)
                0x0000000000007824                tr_windowing
                0x0000000000007838                tr_windowing_init
 .text          0x0000000000007850      0x134 /build/qf_apps/qf_ssi_ai_app/knowledgepack/sensiml/libsensiml.a(kb_pipeline.o)
                0x0000000000007850                KB_data_streaming_BuddyPipeline_rank_0
                0x0000000000007878                KB_data_segmentation_BuddyPipeline_rank_0
                0x00000000000078bc                KB_feature_gen_model_BuddyPipeline_rank_0
                0x000000000000793c                KB_feature_transform_BuddyPipeline_rank_0
                0x0000000000007978                KB_recognize_vector_BuddyPipeline_rank_0
 .text          0x0000000000007984       0x4c /build/qf_apps/qf_ssi_ai_app/knowledgepack/sensiml/libsensiml.a(save_sensor_data.o)
                0x0000000000007984                saveSensorData
                0x00000000000079a8                saveSenseDataOffset
 .text          0x00000000000079d0       0x6c /build/qf_apps/qf_ssi_ai_app/knowledgepack/sensiml/libsensiml.a(sortarray.o)
                0x00000000000079d0                sortarray
 .text          0x0000000000007a3c       0x44 /build/qf_apps/qf_ssi_ai_app/knowledgepack/sensiml/libsensiml.a(dsp_lsup_distance.o)
                0x0000000000007a3c                lsup_distance
 .text          0x0000000000007a80      0x210 /build/qf_apps/qf_ssi_ai_app/knowledgepack/sensiml/libsensiml.a(rb.o)
                0x0000000000007a80                next_pow_2
                0x0000000000007a9c                rb_init
                0x0000000000007aa8                setup_rb
                0x0000000000007ab4                setup_rb_with_data
                0x0000000000007ad4                rb_read
                0x0000000000007ae0                rb_read_offset
                0x0000000000007af8                rb_add
                0x0000000000007b1c                rb_write
                0x0000000000007b30                get_axis_data
                0x0000000000007b3c                rb_reset
                0x0000000000007b48                rb_step_head
                0x0000000000007b54                rb_valid
                0x0000000000007b60                rb_lock
                0x0000000000007b68                rb_unlock
                0x0000000000007b70                rb_status
                0x0000000000007b74                write_axis_data
                0x0000000000007b80                multiply_axis_data
                0x0000000000007b98                divide_axis_data
                0x0000000000007bbc                divide_axis_data_float
                0x0000000000007be4                multiply_axis_data_float
                0x0000000000007c58                add_axis_data
                0x0000000000007c70                rb_num_items
                0x0000000000007c80                rb_items
 .text          0x0000000000007c90       0x7c /build/qf_apps/qf_ssi_ai_app/knowledgepack/sensiml/libsensiml.a(fg_roc_second_sigma_crossing_rate.o)
                0x0000000000007c90                fg_roc_second_sigma_crossing_rate
 .text          0x0000000000007d0c       0x84 /build/qf_apps/qf_ssi_ai_app/knowledgepack/sensiml/libsensiml.a(fg_roc_mean_crossing_rate.o)
                0x0000000000007d0c                fg_roc_mean_crossing_rate
 .text          0x0000000000007d90       0x28 /build/qf_apps/qf_ssi_ai_app/knowledgepack/sensiml/libsensiml.a(utils_tr_sensor.o)
                0x0000000000007d90                tr_sensor_sensors
 .text          0x0000000000007db8       0xe0 /build/qf_apps/qf_ssi_ai_app/knowledgepack/sensiml/libsensiml.a(tr_min_max_scale.o)
                0x0000000000007db8                min_max_scale
 .text          0x0000000000007e98      0x168 /build/qf_apps/qf_ssi_ai_app/knowledgepack/sensiml/libsensiml.a(std.o)
                0x0000000000007e98                f_std
                0x0000000000007f10                i_std
                0x0000000000007f88                kb_std
 .text          0x0000000000008000       0xb4 /build/qf_apps/qf_ssi_ai_app/knowledgepack/sensiml/libsensiml.a(mean.o)
                0x0000000000008000                mean
                0x000000000000806c                i_mean
 .text          0x00000000000080b4       0x50 /build/qf_apps/qf_ssi_ai_app/knowledgepack/sensiml/libsensiml.a(fg_roc_zero_crossing_rate.o)
                0x00000000000080b4                fg_roc_zero_crossing_rate
 .text          0x0000000000008104       0x84 /build/qf_apps/qf_ssi_ai_app/knowledgepack/sensiml/libsensiml.a(utils_array_max_uint8.o)
                0x0000000000008104                array_max_uint8
 .text          0x0000000000008188      0x3c8 /build/qf_apps/qf_ssi_ai_app/knowledgepack/sensiml/libsensiml.a(crossing_rate.o)
                0x0000000000008188                crossing_rate
                0x0000000000008238                crossing_rate_over_zero
                0x00000000000082a0                crossing_rate_over_sum
                0x0000000000008314                number_of_crossings_over_threshold
                0x0000000000008368                number_of_positive_crossings_over_threshold
                0x00000000000083c0                number_of_negative_crossings_over_threshold
                0x0000000000008418                number_of_crossings_over_threshold_regions
                0x0000000000008490                number_of_positive_crossings_over_threshold_regions
                0x00000000000084f0                number_of_negative_crossings_over_threshold_regions
 .text.sqrt     0x0000000000008550       0x74 /usr/local/gcc-arm-none-eabi-9-2020-q2-update/bin/../lib/gcc/arm-none-eabi/9.3.1/../../../../arm-none-eabi/lib/thumb/v7e-m+fp/hard/libm.a(lib_a-w_sqrt.o)
                0x0000000000008550                sqrt
 .text.__ieee754_sqrt
                0x00000000000085c4      0x188 /usr/local/gcc-arm-none-eabi-9-2020-q2-update/bin/../lib/gcc/arm-none-eabi/9.3.1/../../../../arm-none-eabi/lib/thumb/v7e-m+fp/hard/libm.a(lib_a-e_sqrt.o)
                0x00000000000085c4                __ieee754_sqrt
 .text          0x000000000000874c      0x378 /usr/local/gcc-arm-none-eabi-9-2020-q2-update/bin/../lib/gcc/arm-none-eabi/9.3.1/thumb/v7e-m+fp/hard/libgcc.a(_arm_addsubdf3.o)
                0x000000000000874c                __aeabi_drsub
                0x0000000000008754                __aeabi_dsub
                0x0000000000008754                __subdf3
                0x0000000000008758                __adddf3
                0x0000000000008758                __aeabi_dadd
                0x00000000000089d0                __aeabi_ui2d
                0x00000000000089d0                __floatunsidf
                0x00000000000089f0                __floatsidf
                0x00000000000089f0                __aeabi_i2d
                0x0000000000008a14                __extendsfdf2
                0x0000000000008a14                __aeabi_f2d
                0x0000000000008a58                __aeabi_ul2d
                0x0000000000008a58                __floatundidf
                0x0000000000008a68                __floatdidf
                0x0000000000008a68                __aeabi_l2d
 .text          0x0000000000008ac4      0x424 /usr/local/gcc-arm-none-eabi-9-2020-q2-update/bin/../lib/gcc/arm-none-eabi/9.3.1/thumb/v7e-m+fp/hard/libgcc.a(_arm_muldivdf3.o)
                0x0000000000008ac4                __aeabi_dmul
                0x0000000000008ac4                __muldf3
                0x0000000000008d18                __aeabi_ddiv
                0x0000000000008d18                __divdf3
 .text          0x0000000000008ee8      0x110 /usr/local/gcc-arm-none-eabi-9-2020-q2-update/bin/../lib/gcc/arm-none-eabi/9.3.1/thumb/v7e-m+fp/hard/libgcc.a(_arm_cmpdf2.o)
                0x0000000000008ee8                __gtdf2
                0x0000000000008ee8                __gedf2
                0x0000000000008ef0                __ltdf2
                0x0000000000008ef0                __ledf2
                0x0000000000008ef8                __cmpdf2
                0x0000000000008ef8                __eqdf2
                0x0000000000008ef8                __nedf2
                0x0000000000008f74                __aeabi_cdrcmple
                0x0000000000008f84                __aeabi_cdcmple
                0x0000000000008f84                __aeabi_cdcmpeq
                0x0000000000008f94                __aeabi_dcmpeq
                0x0000000000008fa8                __aeabi_dcmplt
                0x0000000000008fbc                __aeabi_dcmple
                0x0000000000008fd0                __aeabi_dcmpge
                0x0000000000008fe4                __aeabi_dcmpgt
 .text          0x0000000000008ff8       0x2c /usr/local/gcc-arm-none-eabi-9-2020-q2-update/bin/../lib/gcc/arm-none-eabi/9.3.1/thumb/v7e-m+fp/hard/libgcc.a(_arm_unorddf2.o)
                0x0000000000008ff8                __aeabi_dcmpun
                0x0000000000008ff8                __unorddf2
 .text          0x0000000000009024       0x50 /usr/local/gcc-arm-none-eabi-9-2020-q2-update/bin/../lib/gcc/arm-none-eabi/9.3.1/thumb/v7e-m+fp/hard/libgcc.a(_arm_fixdfsi.o)
                0x0000000000009024                __fixdfsi
                0x0000000000009024                __aeabi_d2iz
 .text          0x0000000000009074       0xa0 /usr/local/gcc-arm-none-eabi-9-2020-q2-update/bin/../lib/gcc/arm-none-eabi/9.3.1/thumb/v7e-m+fp/hard/libgcc.a(_arm_truncdfsf2.o)
                0x0000000000009074                __aeabi_d2f
                0x0000000000009074                __truncdfsf2
 .text          0x0000000000009114      0x21c /usr/local/gcc-arm-none-eabi-9-2020-q2-update/bin/../lib/gcc/arm-none-eabi/9.3.1/thumb/v7e-m+fp/hard/libgcc.a(_arm_addsubsf3.o)
                0x0000000000009114                __aeabi_frsub
                0x000000000000911c                __subsf3
                0x000000000000911c                __aeabi_fsub
                0x0000000000009120                __aeabi_fadd
                0x0000000000009120                __addsf3
                0x0000000000009280                __aeabi_ui2f
                0x0000000000009280                __floatunsisf
                0x0000000000009288                __aeabi_i2f
                0x0000000000009288                __floatsisf
                0x00000000000092a4                __floatundisf
                0x00000000000092a4                __aeabi_ul2f
                0x00000000000092b4                __floatdisf
                0x00000000000092b4                __aeabi_l2f
 .text          0x0000000000009330       0xa0 /usr/local/gcc-arm-none-eabi-9-2020-q2-update/bin/../lib/gcc/arm-none-eabi/9.3.1/thumb/v7e-m+fp/hard/libgcc.a(_aeabi_ldivmod.o)
                0x0000000000009330                __aeabi_ldivmod
 .text          0x00000000000093d0       0x30 /usr/local/gcc-arm-none-eabi-9-2020-q2-update/bin/../lib/gcc/arm-none-eabi/9.3.1/thumb/v7e-m+fp/hard/libgcc.a(_aeabi_uldivmod.o)
                0x00000000000093d0                __aeabi_uldivmod
 .text          0x0000000000009400      0x2c4 /usr/local/gcc-arm-none-eabi-9-2020-q2-update/bin/../lib/gcc/arm-none-eabi/9.3.1/thumb/v7e-m+fp/hard/libgcc.a(_udivmoddi4.o)
                0x0000000000009400                __udivmoddi4
 .text          0x00000000000096c4        0x4 /usr/local/gcc-arm-none-eabi-9-2020-q2-update/bin/../lib/gcc/arm-none-eabi/9.3.1/thumb/v7e-m+fp/hard/libgcc.a(_dvmd_tls.o)
                0x00000000000096c4                __aeabi_ldiv0
                0x00000000000096c4                __aeabi_idiv0
 .text.__errno  0x00000000000096c8        0xc /usr/local/gcc-arm-none-eabi-9-2020-q2-update/bin/../lib/gcc/arm-none-eabi/9.3.1/../../../../arm-none-eabi/lib/thumb/v7e-m+fp/hard/libg_nano.a(lib_a-errno.o)
                0x00000000000096c8                __errno
 .text.exit     0x00000000000096d4       0x28 /usr/local/gcc-arm-none-eabi-9-2020-q2-update/bin/../lib/gcc/arm-none-eabi/9.3.1/../../../../arm-none-eabi/lib/thumb/v7e-m+fp/hard/libg_nano.a(lib_a-exit.o)
                0x00000000000096d4                exit
 .text.__libc_init_array
                0x00000000000096fc       0x48 /usr/local/gcc-arm-none-eabi-9-2020-q2-update/bin/../lib/gcc/arm-none-eabi/9.3.1/../../../../arm-none-eabi/lib/thumb/v7e-m+fp/hard/libg_nano.a(lib_a-init.o)
                0x00000000000096fc                __libc_init_array
 .text.memcpy   0x0000000000009744       0x1c /usr/local/gcc-arm-none-eabi-9-2020-q2-update/bin/../lib/gcc/arm-none-eabi/9.3.1/../../../../arm-none-eabi/lib/thumb/v7e-m+fp/hard/libg_nano.a(lib_a-memcpy-stub.o)
                0x0000000000009744                memcpy
 .text.memset   0x0000000000009760       0x10 /usr/local/gcc-arm-none-eabi-9-2020-q2-update/bin/../lib/gcc/arm-none-eabi/9.3.1/../../../../arm-none-eabi/lib/thumb/v7e-m+fp/hard/libg_nano.a(lib_a-memset.o)
                0x0000000000009760                memset
 .text._free_r  0x0000000000009770       0xa0 /usr/local/gcc-arm-none-eabi-9-2020-q2-update/bin/../lib/gcc/arm-none-eabi/9.3.1/../../../../arm-none-eabi/lib/thumb/v7e-m+fp/hard/libg_nano.a(lib_a-nano-freer.o)
                0x0000000000009770                _free_r
 .text._malloc_r
                0x0000000000009810       0xb4 /usr/local/gcc-arm-none-eabi-9-2020-q2-update/bin/../lib/gcc/arm-none-eabi/9.3.1/../../../../arm-none-eabi/lib/thumb/v7e-m+fp/hard/libg_nano.a(lib_a-nano-mallocr.o)
                0x0000000000009810                _malloc_r
 .text.printf   0x00000000000098c4       0x30 /usr/local/gcc-arm-none-eabi-9-2020-q2-update/bin/../lib/gcc/arm-none-eabi/9.3.1/../../../../arm-none-eabi/lib/thumb/v7e-m+fp/hard/libg_nano.a(lib_a-printf.o)
                0x00000000000098c4                printf
                0x00000000000098c4                iprintf
 .text._puts_r  0x00000000000098f4       0xdc /usr/local/gcc-arm-none-eabi-9-2020-q2-update/bin/../lib/gcc/arm-none-eabi/9.3.1/../../../../arm-none-eabi/lib/thumb/v7e-m+fp/hard/libg_nano.a(lib_a-puts.o)
                0x00000000000098f4                _puts_r
 .text.puts     0x00000000000099d0       0x10 /usr/local/gcc-arm-none-eabi-9-2020-q2-update/bin/../lib/gcc/arm-none-eabi/9.3.1/../../../../arm-none-eabi/lib/thumb/v7e-m+fp/hard/libg_nano.a(lib_a-puts.o)
                0x00000000000099d0                puts
 .text._sbrk_r  0x00000000000099e0       0x20 /usr/local/gcc-arm-none-eabi-9-2020-q2-update/bin/../lib/gcc/arm-none-eabi/9.3.1/../../../../arm-none-eabi/lib/thumb/v7e-m+fp/hard/libg_nano.a(lib_a-sbrkr.o)
                0x00000000000099e0                _sbrk_r
 .text.snprintf
                0x0000000000009a00       0x68 /usr/local/gcc-arm-none-eabi-9-2020-q2-update/bin/../lib/gcc/arm-none-eabi/9.3.1/../../../../arm-none-eabi/lib/thumb/v7e-m+fp/hard/libg_nano.a(lib_a-snprintf.o)
                0x0000000000009a00                snprintf
                0x0000000000009a00                sniprintf
 .text.sprintf  0x0000000000009a68       0x40 /usr/local/gcc-arm-none-eabi-9-2020-q2-update/bin/../lib/gcc/arm-none-eabi/9.3.1/../../../../arm-none-eabi/lib/thumb/v7e-m+fp/hard/libg_nano.a(lib_a-sprintf.o)
                0x0000000000009a68                sprintf
                0x0000000000009a68                siprintf
 .text.strchr   0x0000000000009aa8       0x1a /usr/local/gcc-arm-none-eabi-9-2020-q2-update/bin/../lib/gcc/arm-none-eabi/9.3.1/../../../../arm-none-eabi/lib/thumb/v7e-m+fp/hard/libg_nano.a(lib_a-strchr.o)
                0x0000000000009aa8                strchr
 .text.strcpy   0x0000000000009ac2       0x10 /usr/local/gcc-arm-none-eabi-9-2020-q2-update/bin/../lib/gcc/arm-none-eabi/9.3.1/../../../../arm-none-eabi/lib/thumb/v7e-m+fp/hard/libg_nano.a(lib_a-strcpy.o)
                0x0000000000009ac2                strcpy
 .text          0x0000000000009ad2       0x10 /usr/local/gcc-arm-none-eabi-9-2020-q2-update/bin/../lib/gcc/arm-none-eabi/9.3.1/../../../../arm-none-eabi/lib/thumb/v7e-m+fp/hard/libg_nano.a(lib_a-strlen.o)
                0x0000000000009ad2                strlen
 .text.strncmp  0x0000000000009ae2       0x24 /usr/local/gcc-arm-none-eabi-9-2020-q2-update/bin/../lib/gcc/arm-none-eabi/9.3.1/../../../../arm-none-eabi/lib/thumb/v7e-m+fp/hard/libg_nano.a(lib_a-strncmp.o)
                0x0000000000009ae2                strncmp
 .text.strncpy  0x0000000000009b06       0x26 /usr/local/gcc-arm-none-eabi-9-2020-q2-update/bin/../lib/gcc/arm-none-eabi/9.3.1/../../../../arm-none-eabi/lib/thumb/v7e-m+fp/hard/libg_nano.a(lib_a-strncpy.o)
                0x0000000000009b06                strncpy
 .text.strrchr  0x0000000000009b2c       0x28 /usr/local/gcc-arm-none-eabi-9-2020-q2-update/bin/../lib/gcc/arm-none-eabi/9.3.1/../../../../arm-none-eabi/lib/thumb/v7e-m+fp/hard/libg_nano.a(lib_a-strrchr.o)
                0x0000000000009b2c                strrchr
 .text.__swbuf_r
                0x0000000000009b54       0xa4 /usr/local/gcc-arm-none-eabi-9-2020-q2-update/bin/../lib/gcc/arm-none-eabi/9.3.1/../../../../arm-none-eabi/lib/thumb/v7e-m+fp/hard/libg_nano.a(lib_a-wbuf.o)
                0x0000000000009b54                __swbuf_r
 .text.__swsetup_r
                0x0000000000009bf8       0xdc /usr/local/gcc-arm-none-eabi-9-2020-q2-update/bin/../lib/gcc/arm-none-eabi/9.3.1/../../../../arm-none-eabi/lib/thumb/v7e-m+fp/hard/libg_nano.a(lib_a-wsetup.o)
                0x0000000000009bf8                __swsetup_r
 .text.__sflush_r
                0x0000000000009cd4      0x10c /usr/local/gcc-arm-none-eabi-9-2020-q2-update/bin/../lib/gcc/arm-none-eabi/9.3.1/../../../../arm-none-eabi/lib/thumb/v7e-m+fp/hard/libg_nano.a(lib_a-fflush.o)
                0x0000000000009cd4                __sflush_r
 .text._fflush_r
                0x0000000000009de0       0x78 /usr/local/gcc-arm-none-eabi-9-2020-q2-update/bin/../lib/gcc/arm-none-eabi/9.3.1/../../../../arm-none-eabi/lib/thumb/v7e-m+fp/hard/libg_nano.a(lib_a-fflush.o)
                0x0000000000009de0                _fflush_r
 .text.std      0x0000000000009e58       0x48 /usr/local/gcc-arm-none-eabi-9-2020-q2-update/bin/../lib/gcc/arm-none-eabi/9.3.1/../../../../arm-none-eabi/lib/thumb/v7e-m+fp/hard/libg_nano.a(lib_a-findfp.o)
 .text._cleanup_r
                0x0000000000009ea0        0xc /usr/local/gcc-arm-none-eabi-9-2020-q2-update/bin/../lib/gcc/arm-none-eabi/9.3.1/../../../../arm-none-eabi/lib/thumb/v7e-m+fp/hard/libg_nano.a(lib_a-findfp.o)
                0x0000000000009ea0                _cleanup_r
 .text.__sfmoreglue
                0x0000000000009eac       0x2c /usr/local/gcc-arm-none-eabi-9-2020-q2-update/bin/../lib/gcc/arm-none-eabi/9.3.1/../../../../arm-none-eabi/lib/thumb/v7e-m+fp/hard/libg_nano.a(lib_a-findfp.o)
                0x0000000000009eac                __sfmoreglue
 .text.__sfp_lock_acquire
                0x0000000000009ed8        0xc /usr/local/gcc-arm-none-eabi-9-2020-q2-update/bin/../lib/gcc/arm-none-eabi/9.3.1/../../../../arm-none-eabi/lib/thumb/v7e-m+fp/hard/libg_nano.a(lib_a-findfp.o)
                0x0000000000009ed8                __sfp_lock_acquire
 .text.__sfp_lock_release
                0x0000000000009ee4        0xc /usr/local/gcc-arm-none-eabi-9-2020-q2-update/bin/../lib/gcc/arm-none-eabi/9.3.1/../../../../arm-none-eabi/lib/thumb/v7e-m+fp/hard/libg_nano.a(lib_a-findfp.o)
                0x0000000000009ee4                __sfp_lock_release
 .text.__sinit_lock_acquire
                0x0000000000009ef0        0xc /usr/local/gcc-arm-none-eabi-9-2020-q2-update/bin/../lib/gcc/arm-none-eabi/9.3.1/../../../../arm-none-eabi/lib/thumb/v7e-m+fp/hard/libg_nano.a(lib_a-findfp.o)
                0x0000000000009ef0                __sinit_lock_acquire
 .text.__sinit_lock_release
                0x0000000000009efc        0xc /usr/local/gcc-arm-none-eabi-9-2020-q2-update/bin/../lib/gcc/arm-none-eabi/9.3.1/../../../../arm-none-eabi/lib/thumb/v7e-m+fp/hard/libg_nano.a(lib_a-findfp.o)
                0x0000000000009efc                __sinit_lock_release
 .text.__sinit  0x0000000000009f08       0x70 /usr/local/gcc-arm-none-eabi-9-2020-q2-update/bin/../lib/gcc/arm-none-eabi/9.3.1/../../../../arm-none-eabi/lib/thumb/v7e-m+fp/hard/libg_nano.a(lib_a-findfp.o)
                0x0000000000009f08                __sinit
 .text.__sfp    0x0000000000009f78       0x8c /usr/local/gcc-arm-none-eabi-9-2020-q2-update/bin/../lib/gcc/arm-none-eabi/9.3.1/../../../../arm-none-eabi/lib/thumb/v7e-m+fp/hard/libg_nano.a(lib_a-findfp.o)
                0x0000000000009f78                __sfp
 .text._fwalk_reent
                0x000000000000a004       0x3e /usr/local/gcc-arm-none-eabi-9-2020-q2-update/bin/../lib/gcc/arm-none-eabi/9.3.1/../../../../arm-none-eabi/lib/thumb/v7e-m+fp/hard/libg_nano.a(lib_a-fwalk.o)
                0x000000000000a004                _fwalk_reent
 .text.__retarget_lock_init_recursive
                0x000000000000a042        0x2 /usr/local/gcc-arm-none-eabi-9-2020-q2-update/bin/../lib/gcc/arm-none-eabi/9.3.1/../../../../arm-none-eabi/lib/thumb/v7e-m+fp/hard/libg_nano.a(lib_a-lock.o)
                0x000000000000a042                __retarget_lock_init_recursive
 .text.__retarget_lock_acquire_recursive
                0x000000000000a044        0x2 /usr/local/gcc-arm-none-eabi-9-2020-q2-update/bin/../lib/gcc/arm-none-eabi/9.3.1/../../../../arm-none-eabi/lib/thumb/v7e-m+fp/hard/libg_nano.a(lib_a-lock.o)
                0x000000000000a044                __retarget_lock_acquire_recursive
 .text.__retarget_lock_release_recursive
                0x000000000000a046        0x2 /usr/local/gcc-arm-none-eabi-9-2020-q2-update/bin/../lib/gcc/arm-none-eabi/9.3.1/../../../../arm-none-eabi/lib/thumb/v7e-m+fp/hard/libg_nano.a(lib_a-lock.o)
                0x000000000000a046                __retarget_lock_release_recursive
 .text.__swhatbuf_r